Component: ARM Compiler 5.06 update 7 (build 960) Tool: armlink [4d3601]

==============================================================================

Section Cross References

    startup_stm32f407xx.o(RESET) refers to startup_stm32f407xx.o(STACK) for __initial_sp
    startup_stm32f407xx.o(RESET) refers to startup_stm32f407xx.o(.text) for Reset_Handler
    startup_stm32f407xx.o(RESET) refers to stm32f4xx_it.o(i.NMI_Handler) for NMI_Handler
    startup_stm32f407xx.o(RESET) refers to stm32f4xx_it.o(i.HardFault_Handler) for HardFault_Handler
    startup_stm32f407xx.o(RESET) refers to stm32f4xx_it.o(i.MemManage_Handler) for MemManage_Handler
    startup_stm32f407xx.o(RESET) refers to stm32f4xx_it.o(i.BusFault_Handler) for BusFault_Handler
    startup_stm32f407xx.o(RESET) refers to stm32f4xx_it.o(i.UsageFault_Handler) for UsageFault_Handler
    startup_stm32f407xx.o(RESET) refers to stm32f4xx_it.o(i.SVC_Handler) for SVC_Handler
    startup_stm32f407xx.o(RESET) refers to stm32f4xx_it.o(i.DebugMon_Handler) for DebugMon_Handler
    startup_stm32f407xx.o(RESET) refers to stm32f4xx_it.o(i.PendSV_Handler) for PendSV_Handler
    startup_stm32f407xx.o(RESET) refers to stm32f4xx_it.o(i.SysTick_Handler) for SysTick_Handler
    startup_stm32f407xx.o(RESET) refers to stm32f4xx_it.o(i.DMA1_Stream1_IRQHandler) for DMA1_Stream1_IRQHandler
    startup_stm32f407xx.o(RESET) refers to stm32f4xx_it.o(i.DMA1_Stream3_IRQHandler) for DMA1_Stream3_IRQHandler
    startup_stm32f407xx.o(RESET) refers to stm32f4xx_it.o(i.DMA1_Stream5_IRQHandler) for DMA1_Stream5_IRQHandler
    startup_stm32f407xx.o(RESET) refers to stm32f4xx_it.o(i.DMA1_Stream6_IRQHandler) for DMA1_Stream6_IRQHandler
    startup_stm32f407xx.o(RESET) refers to stm32f4xx_it.o(i.TIM1_UP_TIM10_IRQHandler) for TIM1_UP_TIM10_IRQHandler
    startup_stm32f407xx.o(RESET) refers to stm32f4xx_it.o(i.TIM2_IRQHandler) for TIM2_IRQHandler
    startup_stm32f407xx.o(RESET) refers to stm32f4xx_it.o(i.TIM3_IRQHandler) for TIM3_IRQHandler
    startup_stm32f407xx.o(RESET) refers to stm32f4xx_it.o(i.USART2_IRQHandler) for USART2_IRQHandler
    startup_stm32f407xx.o(RESET) refers to stm32f4xx_it.o(i.USART3_IRQHandler) for USART3_IRQHandler
    startup_stm32f407xx.o(RESET) refers to stm32f4xx_it.o(i.TIM8_UP_TIM13_IRQHandler) for TIM8_UP_TIM13_IRQHandler
    startup_stm32f407xx.o(RESET) refers to stm32f4xx_it.o(i.TIM5_IRQHandler) for TIM5_IRQHandler
    startup_stm32f407xx.o(RESET) refers to stm32f4xx_it.o(i.TIM7_IRQHandler) for TIM7_IRQHandler
    startup_stm32f407xx.o(.text) refers to system_stm32f4xx.o(i.SystemInit) for SystemInit
    startup_stm32f407xx.o(.text) refers to entry.o(.ARM.Collect$$$$00000000) for __main
    oled_u8g2.o(i.OLED_U8G2_draw_buf) refers to u8g2_buffer.o(i.u8g2_ClearBuffer) for u8g2_ClearBuffer
    oled_u8g2.o(i.OLED_U8G2_draw_buf) refers to malloc.o(i.malloc) for malloc
    oled_u8g2.o(i.OLED_U8G2_draw_buf) refers to memcpya.o(.text) for __aeabi_memcpy
    oled_u8g2.o(i.OLED_U8G2_draw_buf) refers to u8g2_font.o(i.u8g2_SetFont) for u8g2_SetFont
    oled_u8g2.o(i.OLED_U8G2_draw_buf) refers to memseta.o(.text) for __aeabi_memclr4
    oled_u8g2.o(i.OLED_U8G2_draw_buf) refers to printfa.o(i.__0sprintf) for __2sprintf
    oled_u8g2.o(i.OLED_U8G2_draw_buf) refers to u8g2_font.o(i.u8g2_DrawStr) for u8g2_DrawStr
    oled_u8g2.o(i.OLED_U8G2_draw_buf) refers to u8g2_buffer.o(i.u8g2_SendBuffer) for u8g2_SendBuffer
    oled_u8g2.o(i.OLED_U8G2_draw_buf) refers to malloc.o(i.free) for free
    oled_u8g2.o(i.OLED_U8G2_draw_buf) refers to oled_u8g2.o(.bss) for .bss
    oled_u8g2.o(i.OLED_U8G2_draw_buf) refers to u8g2_fonts.o(.constdata) for u8g2_font_ncenB08_tf
    oled_u8g2.o(i.OLED_U8G2_draw_hc_sr04) refers to u8g2_buffer.o(i.u8g2_ClearBuffer) for u8g2_ClearBuffer
    oled_u8g2.o(i.OLED_U8G2_draw_hc_sr04) refers to memseta.o(.text) for __aeabi_memclr4
    oled_u8g2.o(i.OLED_U8G2_draw_hc_sr04) refers to u8g2_font.o(i.u8g2_SetFont) for u8g2_SetFont
    oled_u8g2.o(i.OLED_U8G2_draw_hc_sr04) refers to u8g2_font.o(i.u8g2_DrawStr) for u8g2_DrawStr
    oled_u8g2.o(i.OLED_U8G2_draw_hc_sr04) refers to printfa.o(i.__0sprintf) for __2sprintf
    oled_u8g2.o(i.OLED_U8G2_draw_hc_sr04) refers to u8g2_buffer.o(i.u8g2_SendBuffer) for u8g2_SendBuffer
    oled_u8g2.o(i.OLED_U8G2_draw_hc_sr04) refers to oled_u8g2.o(.bss) for .bss
    oled_u8g2.o(i.OLED_U8G2_draw_hc_sr04) refers to u8g2_fonts.o(.constdata) for u8g2_font_ncenB12_tf
    oled_u8g2.o(i.OLED_U8G2_draw_hex) refers to u8g2_buffer.o(i.u8g2_ClearBuffer) for u8g2_ClearBuffer
    oled_u8g2.o(i.OLED_U8G2_draw_hex) refers to malloc.o(i.malloc) for malloc
    oled_u8g2.o(i.OLED_U8G2_draw_hex) refers to printfa.o(i.__0sprintf) for __2sprintf
    oled_u8g2.o(i.OLED_U8G2_draw_hex) refers to u8g2_font.o(i.u8g2_SetFont) for u8g2_SetFont
    oled_u8g2.o(i.OLED_U8G2_draw_hex) refers to memseta.o(.text) for __aeabi_memclr4
    oled_u8g2.o(i.OLED_U8G2_draw_hex) refers to u8g2_font.o(i.u8g2_DrawStr) for u8g2_DrawStr
[...]
    i.u8g2_add_vector_y                      0x0800519e   Section        0  u8g2_font.o(i.u8g2_add_vector_y)
    i.u8g2_apply_clip_window                 0x080051ba   Section        0  u8g2_setup.o(i.u8g2_apply_clip_window)
    u8g2_apply_clip_window                   0x080051bb   Thumb Code   110  u8g2_setup.o(i.u8g2_apply_clip_window)
    i.u8g2_clip_intersection2                0x08005228   Section        0  u8g2_hvline.o(i.u8g2_clip_intersection2)
    u8g2_clip_intersection2                  0x08005229   Thumb Code    60  u8g2_hvline.o(i.u8g2_clip_intersection2)
    i.u8g2_draw_hv_line_2dir                 0x08005264   Section        0  u8g2_hvline.o(i.u8g2_draw_hv_line_2dir)
    i.u8g2_draw_l90_r0                       0x08005276   Section        0  u8g2_setup.o(i.u8g2_draw_l90_r0)
    i.u8g2_draw_string                       0x08005282   Section        0  u8g2_font.o(i.u8g2_draw_string)
    u8g2_draw_string                         0x08005283   Thumb Code   118  u8g2_font.o(i.u8g2_draw_string)
    i.u8g2_font_calc_vref_font               0x080052f8   Section        0  u8g2_font.o(i.u8g2_font_calc_vref_font)
    i.u8g2_font_decode_get_signed_bits       0x080052fc   Section        0  u8g2_font.o(i.u8g2_font_decode_get_signed_bits)
    i.u8g2_font_decode_get_unsigned_bits     0x08005310   Section        0  u8g2_font.o(i.u8g2_font_decode_get_unsigned_bits)
    i.u8g2_font_decode_glyph                 0x08005344   Section        0  u8g2_font.o(i.u8g2_font_decode_glyph)
    i.u8g2_font_decode_len                   0x08005458   Section        0  u8g2_font.o(i.u8g2_font_decode_len)
    i.u8g2_font_get_glyph_data               0x080054e4   Section        0  u8g2_font.o(i.u8g2_font_get_glyph_data)
    i.u8g2_font_get_word                     0x08005556   Section        0  u8g2_font.o(i.u8g2_font_get_word)
    u8g2_font_get_word                       0x08005557   Thumb Code    20  u8g2_font.o(i.u8g2_font_get_word)
    i.u8g2_font_setup_decode                 0x0800556a   Section        0  u8g2_font.o(i.u8g2_font_setup_decode)
    u8g2_font_setup_decode                   0x0800556b   Thumb Code    52  u8g2_font.o(i.u8g2_font_setup_decode)
    i.u8g2_is_intersection_decision_tree     0x0800559e   Section        0  u8g2_intersection.o(i.u8g2_is_intersection_decision_tree)
    i.u8g2_ll_hvline_vertical_top_lsb        0x080055b8   Section        0  u8g2_ll_hvline.o(i.u8g2_ll_hvline_vertical_top_lsb)
    i.u8g2_m_16_8_f                          0x08005648   Section        0  u8g2_d_memory.o(i.u8g2_m_16_8_f)
    i.u8g2_read_font_info                    0x08005654   Section        0  u8g2_font.o(i.u8g2_read_font_info)
    i.u8g2_send_buffer                       0x080056be   Section        0  u8g2_buffer.o(i.u8g2_send_buffer)
    u8g2_send_buffer                         0x080056bf   Thumb Code    78  u8g2_buffer.o(i.u8g2_send_buffer)
    i.u8g2_update_dimension_common           0x0800570c   Section        0  u8g2_setup.o(i.u8g2_update_dimension_common)
    u8g2_update_dimension_common             0x0800570d   Thumb Code    70  u8g2_setup.o(i.u8g2_update_dimension_common)
    i.u8g2_update_dimension_r0               0x08005752   Section        0  u8g2_setup.o(i.u8g2_update_dimension_r0)
    i.u8g2_update_page_win_r0                0x08005756   Section        0  u8g2_setup.o(i.u8g2_update_page_win_r0)
    i.u8x8_DrawTile                          0x08005778   Section        0  u8x8_display.o(i.u8x8_DrawTile)
    i.u8x8_InitDisplay                       0x08005796   Section        0  u8x8_display.o(i.u8x8_InitDisplay)
    i.u8x8_RefreshDisplay                    0x080057a6   Section        0  u8x8_display.o(i.u8x8_RefreshDisplay)
    i.u8x8_SetPowerSave                      0x080057b6   Section        0  u8x8_display.o(i.u8x8_SetPowerSave)
    i.u8x8_Setup                             0x080057c6   Section        0  u8x8_setup.o(i.u8x8_Setup)
    i.u8x8_SetupDefaults                     0x080057e8   Section        0  u8x8_setup.o(i.u8x8_SetupDefaults)
    i.u8x8_SetupMemory                       0x0800580c   Section        0  u8x8_display.o(i.u8x8_SetupMemory)
    i.u8x8_ascii_next                        0x0800581c   Section        0  u8x8_8x8.o(i.u8x8_ascii_next)
    i.u8x8_byte_EndTransfer                  0x0800582a   Section        0  u8x8_byte.o(i.u8x8_byte_EndTransfer)
    i.u8x8_byte_SendByte                     0x0800583a   Section        0  u8x8_byte.o(i.u8x8_byte_SendByte)
    i.u8x8_byte_StartTransfer                0x08005848   Section        0  u8x8_byte.o(i.u8x8_byte_StartTransfer)
    i.u8x8_byte_hw_i2c                       0x08005858   Section        0  stm32_u8g2.o(i.u8x8_byte_hw_i2c)
    i.u8x8_cad_EndTransfer                   0x080058c8   Section        0  u8x8_cad.o(i.u8x8_cad_EndTransfer)
    i.u8x8_cad_SendArg                       0x080058d8   Section        0  u8x8_cad.o(i.u8x8_cad_SendArg)
    i.u8x8_cad_SendCmd                       0x080058e8   Section        0  u8x8_cad.o(i.u8x8_cad_SendCmd)
    i.u8x8_cad_SendData                      0x080058f8   Section        0  u8x8_cad.o(i.u8x8_cad_SendData)
    i.u8x8_cad_SendSequence                  0x08005908   Section        0  u8x8_cad.o(i.u8x8_cad_SendSequence)
    i.u8x8_cad_StartTransfer                 0x08005970   Section        0  u8x8_cad.o(i.u8x8_cad_StartTransfer)
    i.u8x8_cad_ssd13xx_fast_i2c              0x08005980   Section        0  u8x8_cad.o(i.u8x8_cad_ssd13xx_fast_i2c)
    i.u8x8_d_helper_display_init             0x08005a3c   Section        0  u8x8_display.o(i.u8x8_d_helper_display_init)
    i.u8x8_d_helper_display_setup_memory     0x08005a9c   Section        0  u8x8_display.o(i.u8x8_d_helper_display_setup_memory)
    i.u8x8_d_ssd1306_128x64_noname           0x08005aa8   Section        0  u8x8_d_ssd1306_128x64_noname.o(i.u8x8_d_ssd1306_128x64_noname)
    i.u8x8_d_ssd1306_sh1106_generic          0x08005ae4   Section        0  u8x8_d_ssd1306_128x64_noname.o(i.u8x8_d_ssd1306_sh1106_generic)
    u8x8_d_ssd1306_sh1106_generic            0x08005ae5   Thumb Code   196  u8x8_d_ssd1306_128x64_noname.o(i.u8x8_d_ssd1306_sh1106_generic)
    i.u8x8_dummy_cb                          0x08005bac   Section        0  u8x8_setup.o(i.u8x8_dummy_cb)
    i.u8x8_gpio_and_delay                    0x08005bb0   Section        0  stm32_u8g2.o(i.u8x8_gpio_and_delay)
    i.u8x8_gpio_call                         0x08005c1a   Section        0  u8x8_gpio.o(i.u8x8_gpio_call)
    i.u8x8_i2c_data_transfer                 0x08005c26   Section        0  u8x8_cad.o(i.u8x8_i2c_data_transfer)
    u8x8_i2c_data_transfer                   0x08005c27   Thumb Code    44  u8x8_cad.o(i.u8x8_i2c_data_transfer)
    i.u8x8_utf8_init                         0x08005c52   Section        0  u8x8_8x8.o(i.u8x8_utf8_init)
    i.uart_dma_it_init                       0x08005c5c   Section        0  usart.o(i.uart_dma_it_init)
    .constdata                               0x08005c9c   Section       29  motor.o(.constdata)
    __FUNCTION__                             0x08005c9c   Data          14  motor.o(.constdata)
    __FUNCTION__                             0x08005caa   Data          15  motor.o(.constdata)
    .constdata                               0x08005cb9   Section        5  main.o(.constdata)
    __FUNCTION__                             0x08005cb9   Data           5  main.o(.constdata)
    .constdata                               0x08005cbe   Section        8  stm32f4xx_hal_dma.o(.constdata)
    flagBitshiftOffset                       0x08005cbe   Data           8  stm32f4xx_hal_dma.o(.constdata)
    .constdata                               0x08005cc6   Section       16  system_stm32f4xx.o(.constdata)
    .constdata                               0x08005cd6   Section        8  system_stm32f4xx.o(.constdata)
    .constdata                               0x08005cde   Section     3358  u8g2_fonts.o(.constdata)
    .constdata                               0x080069fc   Section     9300  u8g2_fonts.o(.constdata)
    .constdata                               0x08008e50   Section       12  u8g2_setup.o(.constdata)
    .constdata                               0x08008e5c   Section      344  u8x8_d_ssd1306_128x64_noname.o(.constdata)
    u8x8_d_ssd1306_128x64_noname_powersave0_seq 0x08008e5c   Data           5  u8x8_d_ssd1306_128x64_noname.o(.constdata)
    u8x8_d_ssd1306_128x64_noname_powersave1_seq 0x08008e61   Data           5  u8x8_d_ssd1306_128x64_noname.o(.constdata)
    u8x8_d_ssd1306_128x64_noname_flip0_seq   0x08008e66   Data           7  u8x8_d_ssd1306_128x64_noname.o(.constdata)
    u8x8_d_ssd1306_128x64_noname_flip1_seq   0x08008e6d   Data           7  u8x8_d_ssd1306_128x64_noname.o(.constdata)
    u8x8_d_ssd1312_128x64_noname_flip0_seq   0x08008e74   Data           7  u8x8_d_ssd1306_128x64_noname.o(.constdata)
    u8x8_d_ssd1312_128x64_noname_flip1_seq   0x08008e7b   Data           7  u8x8_d_ssd1306_128x64_noname.o(.constdata)
    u8x8_d_ssd1306_128x64_noname_init_seq    0x08008e82   Data          53  u8x8_d_ssd1306_128x64_noname.o(.constdata)
    u8x8_d_ssd1306_128x64_vcomh0_init_seq    0x08008eb7   Data          53  u8x8_d_ssd1306_128x64_noname.o(.constdata)
    u8x8_d_ssd1306_128x64_alt0_init_seq      0x08008eec   Data          53  u8x8_d_ssd1306_128x64_noname.o(.constdata)
    u8x8_d_sh1106_128x64_winstar_init_seq    0x08008f21   Data          45  u8x8_d_ssd1306_128x64_noname.o(.constdata)
    u8x8_d_ssd1312_128x64_noname_init_seq    0x08008f4e   Data          53  u8x8_d_ssd1306_128x64_noname.o(.constdata)
    u8x8_ssd1306_128x64_noname_display_info  0x08008f84   Data          24  u8x8_d_ssd1306_128x64_noname.o(.constdata)
    u8x8_sh1106_128x64_noname_display_info   0x08008f9c   Data          24  u8x8_d_ssd1306_128x64_noname.o(.constdata)
    .data                                    0x20000000   Section        1  stm32_u8g2.o(.data)
    buf_idx                                  0x20000000   Data           1  stm32_u8g2.o(.data)
    .data                                    0x20000004   Section        4  hc_sr04.o(.data)
    .data                                    0x20000008   Section       12  stm32f4xx_hal.o(.data)
    .data                                    0x20000014   Section        4  system_stm32f4xx.o(.data)
    .data                                    0x20000018   Section        6  u8x8_cad.o(.data)
    in_transfer                              0x20000018   Data           1  u8x8_cad.o(.data)
    in_transfer                              0x20000019   Data           1  u8x8_cad.o(.data)
    in_transfer                              0x2000001a   Data           1  u8x8_cad.o(.data)
    is_data                                  0x2000001b   Data           1  u8x8_cad.o(.data)
    in_transfer                              0x2000001c   Data           1  u8x8_cad.o(.data)
    is_data                                  0x2000001d   Data           1  u8x8_cad.o(.data)
    .data                                    0x20000020   Section        4  stdout.o(.data)
    .data                                    0x20000024   Section        4  mvars.o(.data)
    .data                                    0x20000028   Section        4  mvars.o(.data)
    .bss                                     0x2000002c   Section      148  oled_u8g2.o(.bss)
    my_u8g2                                  0x2000002c   Data         148  oled_u8g2.o(.bss)
    .bss                                     0x200000c0   Section      128  stm32_u8g2.o(.bss)
    buffer                                   0x200000c0   Data         128  stm32_u8g2.o(.bss)
    .bss                                     0x20000140   Section      288  motor.o(.bss)
    .bss                                     0x20000260   Section       84  i2c.o(.bss)
    .bss                                     0x200002b4   Section      576  tim.o(.bss)
    .bss                                     0x200004f4   Section      630  usart.o(.bss)
    .bss                                     0x2000076a   Section     1024  u8g2_d_memory.o(.bss)
    buf                                      0x2000076a   Data        1024  u8g2_d_memory.o(.bss)
    HEAP                                     0x20000b70   Section      512  startup_stm32f407xx.o(HEAP)
    STACK                                    0x20000d70   Section     1024  startup_stm32f407xx.o(STACK)

    Global Symbols

    Symbol Name                              Value     Ov Type        Size  Object(Section)

    BuildAttributes$$THM_ISAv4$E$P$D$K$B$S$7EM$VFPi3$EXTD16$VFPS$VFMA$PE$A:L22UL41UL21$X:L11$S22US41US21$IEEE1$IW$USESV6$~STKCKD$USESV7$~SHL$OTIME$ROPI$IEEEX$EBA8$MICROLIB$REQ8$PRES8$EABIv2 0x00000000   Number         0  anon$$obj.o ABSOLUTE
    __ARM_use_no_argv                        0x00000000   Number         0  main.o ABSOLUTE
    _printf_a                                0x00000000   Number         0  stubs.o ABSOLUTE
    _printf_c                                0x00000000   Number         0  stubs.o ABSOLUTE
    _printf_charcount                        0x00000000   Number         0  stubs.o ABSOLUTE
    _printf_d                                0x00000000   Number         0  stubs.o ABSOLUTE
    _printf_e                                0x00000000   Number         0  stubs.o ABSOLUTE
    _printf_f                                0x00000000   Number         0  stubs.o ABSOLUTE
    _printf_flags                            0x00000000   Number         0  stubs.o ABSOLUTE
    _printf_fp_dec                           0x00000000   Number         0  stubs.o ABSOLUTE
    _printf_fp_hex                           0x00000000   Number         0  stubs.o ABSOLUTE
    _printf_g                                0x00000000   Number         0  stubs.o ABSOLUTE
    _printf_i                                0x00000000   Number         0  stubs.o ABSOLUTE
    _printf_int_dec                          0x00000000   Number         0  stubs.o ABSOLUTE
    _printf_l                                0x00000000   Number         0  stubs.o ABSOLUTE
    _printf_lc                               0x00000000   Number         0  stubs.o ABSOLUTE
    _printf_ll                               0x00000000   Number         0  stubs.o ABSOLUTE
    _printf_lld                              0x00000000   Number         0  stubs.o ABSOLUTE
    _printf_lli                              0x00000000   Number         0  stubs.o ABSOLUTE
    _printf_llo                              0x00000000   Number         0  stubs.o ABSOLUTE
    _printf_llu                              0x00000000   Number         0  stubs.o ABSOLUTE
    _printf_llx                              0x00000000   Number         0  stubs.o ABSOLUTE
    _printf_longlong_dec                     0x00000000   Number         0  stubs.o ABSOLUTE
    _printf_longlong_hex                     0x00000000   Number         0  stubs.o ABSOLUTE
    _printf_longlong_oct                     0x00000000   Number         0  stubs.o ABSOLUTE
    _printf_ls                               0x00000000   Number         0  stubs.o ABSOLUTE
    _printf_mbtowc                           0x00000000   Number         0  stubs.o ABSOLUTE
    _printf_n                                0x00000000   Number         0  stubs.o ABSOLUTE
    _printf_o                                0x00000000   Number         0  stubs.o ABSOLUTE
    _printf_p                                0x00000000   Number         0  stubs.o ABSOLUTE
    _printf_percent                          0x00000000   Number         0  stubs.o ABSOLUTE
    _printf_pre_padding                      0x00000000   Number         0  stubs.o ABSOLUTE
    _printf_return_value                     0x00000000   Number         0  stubs.o ABSOLUTE
    _printf_s                                0x00000000   Number         0  stubs.o ABSOLUTE
    _printf_sizespec                         0x00000000   Number         0  stubs.o ABSOLUTE
    _printf_str                              0x00000000   Number         0  stubs.o ABSOLUTE
    _printf_truncate_signed                  0x00000000   Number         0  stubs.o ABSOLUTE
    _printf_truncate_unsigned                0x00000000   Number         0  stubs.o ABSOLUTE
    _printf_u                                0x00000000   Number         0  stubs.o ABSOLUTE
    _printf_wc                               0x00000000   Number         0  stubs.o ABSOLUTE
    _printf_wctomb                           0x00000000   Number         0  stubs.o ABSOLUTE
    _printf_widthprec                        0x00000000   Number         0  stubs.o ABSOLUTE
    _printf_x                                0x00000000   Number         0  stubs.o ABSOLUTE
    __arm_fini_                               - Undefined Weak Reference
    __cpp_initialize__aeabi_                  - Undefined Weak Reference
    __cxa_finalize                            - Undefined Weak Reference
    __decompress                              - Undefined Weak Reference
    _clock_init                               - Undefined Weak Reference
    _microlib_exit                            - Undefined Weak Reference
    __Vectors_Size                           0x00000188   Number         0  startup_stm32f407xx.o ABSOLUTE
    __Vectors                                0x08000000   Data           4  startup_stm32f407xx.o(RESET)
    __Vectors_End                            0x08000188   Data           0  startup_stm32f407xx.o(RESET)
    __main                                   0x08000189   Thumb Code     0  entry.o(.ARM.Collect$$$$00000000)
    _main_stk                                0x08000189   Thumb Code     0  entry2.o(.ARM.Collect$$$$00000001)
    _main_scatterload                        0x0800018d   Thumb Code     0  entry5.o(.ARM.Collect$$$$00000004)
    __main_after_scatterload                 0x08000191   Thumb Code     0  entry5.o(.ARM.Collect$$$$00000004)
    _main_clock                              0x08000191   Thumb Code     0  entry7b.o(.ARM.Collect$$$$00000008)
    _main_cpp_init                           0x08000191   Thumb Code     0  entry8b.o(.ARM.Collect$$$$0000000A)
    _main_init                               0x08000191   Thumb Code     0  entry9a.o(.ARM.Collect$$$$0000000B)
    __rt_lib_shutdown_fini                   0x08000199   Thumb Code     0  entry12b.o(.ARM.Collect$$$$0000000E)
    __rt_final_cpp                           0x0800019d   Thumb Code     0  entry10a.o(.ARM.Collect$$$$0000000F)
    __rt_final_exit                          0x0800019d   Thumb Code     0  entry11a.o(.ARM.Collect$$$$00000011)
    Reset_Handler                            0x080001a1   Thumb Code     8  startup_stm32f407xx.o(.text)
    ADC_IRQHandler                           0x080001bb   Thumb Code     0  startup_stm32f407xx.o(.text)
    CAN1_RX0_IRQHandler                      0x080001bb   Thumb Code     0  startup_stm32f407xx.o(.text)
    CAN1_RX1_IRQHandler                      0x080001bb   Thumb Code     0  startup_stm32f407xx.o(.text)
    CAN1_SCE_IRQHandler                      0x080001bb   Thumb Code     0  startup_stm32f407xx.o(.text)
    CAN1_TX_IRQHandler                       0x080001bb   Thumb Code     0  startup_stm32f407xx.o(.text)
    CAN2_RX0_IRQHandler                      0x080001bb   Thumb Code     0  startup_stm32f407xx.o(.text)
    CAN2_RX1_IRQHandler                      0x080001bb   Thumb Code     0  startup_stm32f407xx.o(.text)
    CAN2_SCE_IRQHandler                      0x080001bb   Thumb Code     0  startup_stm32f407xx.o(.text)
    CAN2_TX_IRQHandler                       0x080001bb   Thumb Code     0  startup_stm32f407xx.o(.text)
    DCMI_IRQHandler                          0x080001bb   Thumb Code     0  startup_stm32f407xx.o(.text)
    DMA1_Stream0_IRQHandler                  0x080001bb   Thumb Code     0  startup_stm32f407xx.o(.text)
    DMA1_Stream2_IRQHandler                  0x080001bb   Thumb Code     0  startup_stm32f407xx.o(.text)
    DMA1_Stream4_IRQHandler                  0x080001bb   Thumb Code     0  startup_stm32f407xx.o(.text)
    DMA1_Stream7_IRQHandler                  0x080001bb   Thumb Code     0  startup_stm32f407xx.o(.text)
    DMA2_Stream0_IRQHandler                  0x080001bb   Thumb Code     0  startup_stm32f407xx.o(.text)
    DMA2_Stream1_IRQHandler                  0x080001bb   Thumb Code     0  startup_stm32f407xx.o(.text)
    DMA2_Stream2_IRQHandler                  0x080001bb   Thumb Code     0  startup_stm32f407xx.o(.text)
    DMA2_Stream3_IRQHandler                  0x080001bb   Thumb Code     0  startup_stm32f407xx.o(.text)
    DMA2_Stream4_IRQHandler                  0x080001bb   Thumb Code     0  startup_stm32f407xx.o(.text)
    DMA2_Stream5_IRQHandler                  0x080001bb   Thumb Code     0  startup_stm32f407xx.o(.text)
    DMA2_Stream6_IRQHandler                  0x080001bb   Thumb Code     0  startup_stm32f407xx.o(.text)
    DMA2_Stream7_IRQHandler                  0x080001bb   Thumb Code     0  startup_stm32f407xx.o(.text)
    ETH_IRQHandler                           0x080001bb   Thumb Code     0  startup_stm32f407xx.o(.text)
    ETH_WKUP_IRQHandler                      0x080001bb   Thumb Code     0  startup_stm32f407xx.o(.text)
    EXTI0_IRQHandler                         0x080001bb   Thumb Code     0  startup_stm32f407xx.o(.text)
    EXTI15_10_IRQHandler                     0x080001bb   Thumb Code     0  startup_stm32f407xx.o(.text)
    EXTI1_IRQHandler                         0x080001bb   Thumb Code     0  startup_stm32f407xx.o(.text)
    EXTI2_IRQHandler                         0x080001bb   Thumb Code     0  startup_stm32f407xx.o(.text)
    EXTI3_IRQHandler                         0x080001bb   Thumb Code     0  startup_stm32f407xx.o(.text)
    EXTI4_IRQHandler                         0x080001bb   Thumb Code     0  startup_stm32f407xx.o(.text)
    EXTI9_5_IRQHandler                       0x080001bb   Thumb Code     0  startup_stm32f407xx.o(.text)
    FLASH_IRQHandler                         0x080001bb   Thumb Code     0  startup_stm32f407xx.o(.text)
    FMC_IRQHandler                           0x080001bb   Thumb Code     0  startup_stm32f407xx.o(.text)
    FPU_IRQHandler                           0x080001bb   Thumb Code     0  startup_stm32f407xx.o(.text)
    HASH_RNG_IRQHandler                      0x080001bb   Thumb Code     0  startup_stm32f407xx.o(.text)
    I2C1_ER_IRQHandler                       0x080001bb   Thumb Code     0  startup_stm32f407xx.o(.text)
    I2C1_EV_IRQHandler                       0x080001bb   Thumb Code     0  startup_stm32f407xx.o(.text)
    I2C2_ER_IRQHandler                       0x080001bb   Thumb Code     0  startup_stm32f407xx.o(.text)
    I2C2_EV_IRQHandler                       0x080001bb   Thumb Code     0  startup_stm32f407xx.o(.text)
    I2C3_ER_IRQHandler                       0x080001bb   Thumb Code     0  startup_stm32f407xx.o(.text)
    I2C3_EV_IRQHandler                       0x080001bb   Thumb Code     0  startup_stm32f407xx.o(.text)
    OTG_FS_IRQHandler                        0x080001bb   Thumb Code     0  startup_stm32f407xx.o(.text)
    OTG_FS_WKUP_IRQHandler                   0x080001bb   Thumb Code     0  startup_stm32f407xx.o(.text)
    OTG_HS_EP1_IN_IRQHandler                 0x080001bb   Thumb Code     0  startup_stm32f407xx.o(.text)
    OTG_HS_EP1_OUT_IRQHandler                0x080001bb   Thumb Code     0  startup_stm32f407xx.o(.text)
    OTG_HS_IRQHandler                        0x080001bb   Thumb Code     0  startup_stm32f407xx.o(.text)
    OTG_HS_WKUP_IRQHandler                   0x080001bb   Thumb Code     0  startup_stm32f407xx.o(.text)
    PVD_IRQHandler                           0x080001bb   Thumb Code     0  startup_stm32f407xx.o(.text)
    RCC_IRQHandler                           0x080001bb   Thumb Code     0  startup_stm32f407xx.o(.text)
    RTC_Alarm_IRQHandler                     0x080001bb   Thumb Code     0  startup_stm32f407xx.o(.text)
    RTC_WKUP_IRQHandler                      0x080001bb   Thumb Code     0  startup_stm32f407xx.o(.text)
    SDIO_IRQHandler                          0x080001bb   Thumb Code     0  startup_stm32f407xx.o(.text)
    SPI1_IRQHandler                          0x080001bb   Thumb Code     0  startup_stm32f407xx.o(.text)
    SPI2_IRQHandler                          0x080001bb   Thumb Code     0  startup_stm32f407xx.o(.text)
    SPI3_IRQHandler                          0x080001bb   Thumb Code     0  startup_stm32f407xx.o(.text)
    TAMP_STAMP_IRQHandler                    0x080001bb   Thumb Code     0  startup_stm32f407xx.o(.text)
    TIM1_BRK_TIM9_IRQHandler                 0x080001bb   Thumb Code     0  startup_stm32f407xx.o(.text)
    TIM1_CC_IRQHandler                       0x080001bb   Thumb Code     0  startup_stm32f407xx.o(.text)
    TIM1_TRG_COM_TIM11_IRQHandler            0x080001bb   Thumb Code     0  startup_stm32f407xx.o(.text)
    TIM4_IRQHandler                          0x080001bb   Thumb Code     0  startup_stm32f407xx.o(.text)
    TIM6_DAC_IRQHandler                      0x080001bb   Thumb Code     0  startup_stm32f407xx.o(.text)
    TIM8_BRK_TIM12_IRQHandler                0x080001bb   Thumb Code     0  startup_stm32f407xx.o(.text)
    TIM8_CC_IRQHandler                       0x080001bb   Thumb Code     0  startup_stm32f407xx.o(.text)
    TIM8_TRG_COM_TIM14_IRQHandler            0x080001bb   Thumb Code     0  startup_stm32f407xx.o(.text)
    UART4_IRQHandler                         0x080001bb   Thumb Code     0  startup_stm32f407xx.o(.text)
    UART5_IRQHandler                         0x080001bb   Thumb Code     0  startup_stm32f407xx.o(.text)
    USART1_IRQHandler                        0x080001bb   Thumb Code     0  startup_stm32f407xx.o(.text)
    USART6_IRQHandler                        0x080001bb   Thumb Code     0  startup_stm32f407xx.o(.text)
    WWDG_IRQHandler                          0x080001bb   Thumb Code     0  startup_stm32f407xx.o(.text)
    __aeabi_uldivmod                         0x080001c5   Thumb Code    98  uldiv.o(.text)
    __aeabi_memset                           0x08000227   Thumb Code    14  memseta.o(.text)
    __aeabi_memset4                          0x08000227   Thumb Code     0  memseta.o(.text)
    __aeabi_memset8                          0x08000227   Thumb Code     0  memseta.o(.text)
    __aeabi_memclr                           0x08000235   Thumb Code     4  memseta.o(.text)
    __aeabi_memclr4                          0x08000235   Thumb Code     0  memseta.o(.text)
    __aeabi_memclr8                          0x08000235   Thumb Code     0  memseta.o(.text)
    _memset$wrapper                          0x08000239   Thumb Code    18  memseta.o(.text)
    __aeabi_dadd                             0x0800024b   Thumb Code   322  dadd.o(.text)
    __aeabi_dsub                             0x0800038d   Thumb Code     6  dadd.o(.text)
    __aeabi_drsub                            0x08000393   Thumb Code     6  dadd.o(.text)
    __aeabi_dmul                             0x08000399   Thumb Code   228  dmul.o(.text)
    __aeabi_ddiv                             0x0800047d   Thumb Code   222  ddiv.o(.text)
    __aeabi_f2d                              0x0800055b   Thumb Code    38  f2d.o(.text)
    __aeabi_uidiv                            0x08000581   Thumb Code     0  uidiv.o(.text)
    __aeabi_uidivmod                         0x08000581   Thumb Code    44  uidiv.o(.text)
    __aeabi_llsl                             0x080005ad   Thumb Code    30  llshl.o(.text)
    _ll_shift_l                              0x080005ad   Thumb Code     0  llshl.o(.text)
    __aeabi_llsr                             0x080005cb   Thumb Code    32  llushr.o(.text)
    _ll_ushift_r                             0x080005cb   Thumb Code     0  llushr.o(.text)
    __aeabi_lasr                             0x080005eb   Thumb Code    36  llsshr.o(.text)
    _ll_sshift_r                             0x080005eb   Thumb Code     0  llsshr.o(.text)
    __I$use$fp                               0x0800060f   Thumb Code     0  iusefp.o(.text)
    _double_round                            0x0800060f   Thumb Code    30  depilogue.o(.text)
    _double_epilogue                         0x0800062d   Thumb Code   156  depilogue.o(.text)
    __aeabi_d2ulz                            0x080006c9   Thumb Code    48  dfixul.o(.text)
    __aeabi_cdrcmple                         0x080006f9   Thumb Code    48  cdrcmple.o(.text)
    __scatterload                            0x08000729   Thumb Code    28  init.o(.text)
    __scatterload_rt2                        0x08000729   Thumb Code     0  init.o(.text)
    BUZZER_beep_long_off                     0x0800074d   Thumb Code    12  buzzer.o(i.BUZZER_beep_long_off)
    BUZZER_beep_long_on                      0x0800075d   Thumb Code    10  buzzer.o(i.BUZZER_beep_long_on)
    BUZZER_beep_twice                        0x0800076d   Thumb Code    40  buzzer.o(i.BUZZER_beep_twice)
    BUZZER_init                              0x08000795   Thumb Code     4  buzzer.o(i.BUZZER_init)
    BusFault_Handler                         0x08000799   Thumb Code     2  stm32f4xx_it.o(i.BusFault_Handler)
    DMA1_Stream1_IRQHandler                  0x0800079d   Thumb Code     6  stm32f4xx_it.o(i.DMA1_Stream1_IRQHandler)
    DMA1_Stream3_IRQHandler                  0x080007a9   Thumb Code     6  stm32f4xx_it.o(i.DMA1_Stream3_IRQHandler)
    DMA1_Stream5_IRQHandler                  0x080007b5   Thumb Code     6  stm32f4xx_it.o(i.DMA1_Stream5_IRQHandler)
    DMA1_Stream6_IRQHandler                  0x080007c1   Thumb Code     6  stm32f4xx_it.o(i.DMA1_Stream6_IRQHandler)
    DebugMon_Handler                         0x08000871   Thumb Code     2  stm32f4xx_it.o(i.DebugMon_Handler)
    Error_Handler                            0x08000873   Thumb Code     4  main.o(i.Error_Handler)
    HAL_DMA_Abort                            0x08000877   Thumb Code   146  stm32f4xx_hal_dma.o(i.HAL_DMA_Abort)
    HAL_DMA_Abort_IT                         0x08000909   Thumb Code    36  stm32f4xx_hal_dma.o(i.HAL_DMA_Abort_IT)
    HAL_DMA_IRQHandler                       0x0800092d   Thumb Code   412  stm32f4xx_hal_dma.o(i.HAL_DMA_IRQHandler)
    HAL_DMA_Init                             0x08000acd   Thumb Code   206  stm32f4xx_hal_dma.o(i.HAL_DMA_Init)
    HAL_DMA_Start_IT                         0x08000ba1   Thumb Code   110  stm32f4xx_hal_dma.o(i.HAL_DMA_Start_IT)
    HAL_Delay                                0x08000c11   Thumb Code    32  stm32f4xx_hal.o(i.HAL_Delay)
    HAL_GPIO_Init                            0x08000c35   Thumb Code   450  stm32f4xx_hal_gpio.o(i.HAL_GPIO_Init)
    HAL_GPIO_TogglePin                       0x08000e25   Thumb Code    16  stm32f4xx_hal_gpio.o(i.HAL_GPIO_TogglePin)
    HAL_GPIO_WritePin                        0x08000e35   Thumb Code    10  stm32f4xx_hal_gpio.o(i.HAL_GPIO_WritePin)
    HAL_GetTick                              0x08000e41   Thumb Code     6  stm32f4xx_hal.o(i.HAL_GetTick)
    HAL_I2C_Init                             0x08000e4d   Thumb Code   376  stm32f4xx_hal_i2c.o(i.HAL_I2C_Init)
    HAL_I2C_Master_Transmit                  0x08000fd5   Thumb Code   290  stm32f4xx_hal_i2c.o(i.HAL_I2C_Master_Transmit)
    HAL_I2C_MspInit                          0x08001101   Thumb Code    92  i2c.o(i.HAL_I2C_MspInit)
    HAL_IncTick                              0x08001169   Thumb Code    12  stm32f4xx_hal.o(i.HAL_IncTick)
    HAL_Init                                 0x08001179   Thumb Code    48  stm32f4xx_hal.o(i.HAL_Init)
    HAL_InitTick                             0x080011ad   Thumb Code    54  stm32f4xx_hal.o(i.HAL_InitTick)
    HAL_MspInit                              0x080011ed   Thumb Code    42  stm32f4xx_hal_msp.o(i.HAL_MspInit)
    HAL_NVIC_EnableIRQ                       0x0800121d   Thumb Code    26  stm32f4xx_hal_cortex.o(i.HAL_NVIC_EnableIRQ)
    HAL_NVIC_SetPriority                     0x08001239   Thumb Code    60  stm32f4xx_hal_cortex.o(i.HAL_NVIC_SetPriority)
    HAL_NVIC_SetPriorityGrouping             0x08001279   Thumb Code    26  stm32f4xx_hal_cortex.o(i.HAL_NVIC_SetPriorityGrouping)
    HAL_RCC_ClockConfig                      0x0800129d   Thumb Code   288  stm32f4xx_hal_rcc.o(i.HAL_RCC_ClockConfig)
    HAL_RCC_GetPCLK1Freq                     0x080013d1   Thumb Code    20  stm32f4xx_hal_rcc.o(i.HAL_RCC_GetPCLK1Freq)
    HAL_RCC_GetPCLK2Freq                     0x080013f1   Thumb Code    20  stm32f4xx_hal_rcc.o(i.HAL_RCC_GetPCLK2Freq)
    HAL_RCC_GetSysClockFreq                  0x08001411   Thumb Code    88  stm32f4xx_hal_rcc.o(i.HAL_RCC_GetSysClockFreq)
    HAL_RCC_OscConfig                        0x08001475   Thumb Code   856  stm32f4xx_hal_rcc.o(i.HAL_RCC_OscConfig)
    HAL_SYSTICK_Config                       0x080017e1   Thumb Code    40  stm32f4xx_hal_cortex.o(i.HAL_SYSTICK_Config)
    HAL_TIMEx_BreakCallback                  0x08001809   Thumb Code     2  stm32f4xx_hal_tim_ex.o(i.HAL_TIMEx_BreakCallback)
    HAL_TIMEx_CommutCallback                 0x0800180b   Thumb Code     2  stm32f4xx_hal_tim_ex.o(i.HAL_TIMEx_CommutCallback)
    HAL_TIMEx_ConfigBreakDeadTime            0x0800180d   Thumb Code    84  stm32f4xx_hal_tim_ex.o(i.HAL_TIMEx_ConfigBreakDeadTime)
    HAL_TIMEx_MasterConfigSynchronization    0x08001861   Thumb Code   116  stm32f4xx_hal_tim_ex.o(i.HAL_TIMEx_MasterConfigSynchronization)
    HAL_TIM_Base_Init                        0x080018f1   Thumb Code    90  stm32f4xx_hal_tim.o(i.HAL_TIM_Base_Init)
    HAL_TIM_Base_MspInit                     0x0800194d   Thumb Code   112  tim.o(i.HAL_TIM_Base_MspInit)
    HAL_TIM_Base_Start_IT                    0x080019cd   Thumb Code   100  stm32f4xx_hal_tim.o(i.HAL_TIM_Base_Start_IT)
    HAL_TIM_Encoder_Init                     0x08001a4d   Thumb Code   164  stm32f4xx_hal_tim.o(i.HAL_TIM_Encoder_Init)
    HAL_TIM_Encoder_MspInit                  0x08001af1   Thumb Code   362  tim.o(i.HAL_TIM_Encoder_MspInit)
    HAL_TIM_Encoder_Start                    0x08001c79   Thumb Code   142  stm32f4xx_hal_tim.o(i.HAL_TIM_Encoder_Start)
    HAL_TIM_IC_CaptureCallback               0x08001d07   Thumb Code     2  stm32f4xx_hal_tim.o(i.HAL_TIM_IC_CaptureCallback)
    HAL_TIM_IRQHandler                       0x08001d09   Thumb Code   304  stm32f4xx_hal_tim.o(i.HAL_TIM_IRQHandler)
    HAL_TIM_MspPostInit                      0x08001e39   Thumb Code   108  tim.o(i.HAL_TIM_MspPostInit)
    HAL_TIM_OC_DelayElapsedCallback          0x08001eb5   Thumb Code     2  stm32f4xx_hal_tim.o(i.HAL_TIM_OC_DelayElapsedCallback)
    HAL_TIM_PWM_ConfigChannel                0x08001eb7   Thumb Code   204  stm32f4xx_hal_tim.o(i.HAL_TIM_PWM_ConfigChannel)
    HAL_TIM_PWM_Init                         0x08001f83   Thumb Code    90  stm32f4xx_hal_tim.o(i.HAL_TIM_PWM_Init)
    HAL_TIM_PWM_MspInit                      0x08001fdd   Thumb Code    50  tim.o(i.HAL_TIM_PWM_MspInit)
    HAL_TIM_PWM_PulseFinishedCallback        0x08002019   Thumb Code     2  stm32f4xx_hal_tim.o(i.HAL_TIM_PWM_PulseFinishedCallback)
    HAL_TIM_PWM_Start                        0x0800201d   Thumb Code   172  stm32f4xx_hal_tim.o(i.HAL_TIM_PWM_Start)
    HAL_TIM_PeriodElapsedCallback            0x080020e5   Thumb Code    32  tim.o(i.HAL_TIM_PeriodElapsedCallback)
    HAL_TIM_TriggerCallback                  0x08002109   Thumb Code     2  stm32f4xx_hal_tim.o(i.HAL_TIM_TriggerCallback)
    HAL_UARTEx_RxEventCallback               0x0800210b   Thumb Code     2  stm32f4xx_hal_uart.o(i.HAL_UARTEx_RxEventCallback)
    HAL_UART_DMAStop                         0x0800210d   Thumb Code   112  stm32f4xx_hal_uart.o(i.HAL_UART_DMAStop)
    HAL_UART_ErrorCallback                   0x0800217d   Thumb Code     2  stm32f4xx_hal_uart.o(i.HAL_UART_ErrorCallback)
    HAL_UART_IRQHandler                      0x08002181   Thumb Code   618  stm32f4xx_hal_uart.o(i.HAL_UART_IRQHandler)
    HAL_UART_Init                            0x080023f1   Thumb Code   100  stm32f4xx_hal_uart.o(i.HAL_UART_Init)
    HAL_UART_MspInit                         0x08002455   Thumb Code   444  usart.o(i.HAL_UART_MspInit)
    HAL_UART_Receive_DMA                     0x08002635   Thumb Code    28  stm32f4xx_hal_uart.o(i.HAL_UART_Receive_DMA)
    HAL_UART_RxCpltCallback                  0x08002651   Thumb Code     2  usart.o(i.HAL_UART_RxCpltCallback)
    HAL_UART_RxHalfCpltCallback              0x08002653   Thumb Code     2  stm32f4xx_hal_uart.o(i.HAL_UART_RxHalfCpltCallback)
    HAL_UART_Transmit                        0x08002655   Thumb Code   160  stm32f4xx_hal_uart.o(i.HAL_UART_Transmit)
    HAL_UART_TxCpltCallback                  0x080026f5   Thumb Code     2  stm32f4xx_hal_uart.o(i.HAL_UART_TxCpltCallback)
    HC_SR04_TIM_IRQHandler                   0x080026f9   Thumb Code    10  hc_sr04.o(i.HC_SR04_TIM_IRQHandler)
    HC_SR04_init                             0x08002709   Thumb Code    10  hc_sr04.o(i.HC_SR04_init)
    HardFault_Handler                        0x08002719   Thumb Code     2  stm32f4xx_it.o(i.HardFault_Handler)
    KDCOM_GetCmdData                         0x080029df   Thumb Code    30  kdr_com.o(i.KDCOM_GetCmdData)
    KDCOM_GetCmdPara                         0x080029fd   Thumb Code    16  kdr_com.o(i.KDCOM_GetCmdPara)
    KDCOM_GetData                            0x08002a0d   Thumb Code    52  kdr_com.o(i.KDCOM_GetData)
    KDCOM_Process                            0x08002a45   Thumb Code   402  kdr_com.o(i.KDCOM_Process)
    KDCOM_SetCmd                             0x08002bdd   Thumb Code    40  kdr_com.o(i.KDCOM_SetCmd)
    KDCOM_SetData                            0x08002c05   Thumb Code    44  kdr_com.o(i.KDCOM_SetData)
    MX_DMA_Init                              0x08002c31   Thumb Code    88  dma.o(i.MX_DMA_Init)
    MX_GPIO_Init                             0x08002c8d   Thumb Code   298  gpio.o(i.MX_GPIO_Init)
    MX_I2C1_Init                             0x08002dcd   Thumb Code    50  i2c.o(i.MX_I2C1_Init)
    MX_TIM10_Init                            0x08002e0d   Thumb Code    42  tim.o(i.MX_TIM10_Init)
    MX_TIM1_Init                             0x08002e41   Thumb Code   200  tim.o(i.MX_TIM1_Init)
    MX_TIM2_Init                             0x08002f11   Thumb Code   100  tim.o(i.MX_TIM2_Init)
    MX_TIM3_Init                             0x08002f79   Thumb Code   100  tim.o(i.MX_TIM3_Init)
    MX_TIM5_Init                             0x08002fe5   Thumb Code    98  tim.o(i.MX_TIM5_Init)
    MX_TIM6_Init                             0x08003051   Thumb Code    60  tim.o(i.MX_TIM6_Init)
    MX_TIM7_Init                             0x08003095   Thumb Code    60  tim.o(i.MX_TIM7_Init)
    MX_TIM8_Init                             0x080030d9   Thumb Code   102  tim.o(i.MX_TIM8_Init)
    MX_USART1_UART_Init                      0x08003149   Thumb Code    48  usart.o(i.MX_USART1_UART_Init)
    MX_USART2_UART_Init                      0x08003181   Thumb Code    48  usart.o(i.MX_USART2_UART_Init)
    MX_USART3_UART_Init                      0x080031b9   Thumb Code    48  usart.o(i.MX_USART3_UART_Init)
    MemManage_Handler                        0x080031f1   Thumb Code     2  stm32f4xx_it.o(i.MemManage_Handler)
    NMI_Handler                              0x080031f3   Thumb Code     2  stm32f4xx_it.o(i.NMI_Handler)
    OLED_U8G2_draw_kdr                       0x080031f5   Thumb Code   220  oled_u8g2.o(i.OLED_U8G2_draw_kdr)
    OLED_U8G2_init                           0x080032f1   Thumb Code    16  oled_u8g2.o(i.OLED_U8G2_init)
    OLED_U8G2_init_animation                 0x08003305   Thumb Code    50  oled_u8g2.o(i.OLED_U8G2_init_animation)
    PendSV_Handler                           0x08003351   Thumb Code     2  stm32f4xx_it.o(i.PendSV_Handler)
    SVC_Handler                              0x08003353   Thumb Code     2  stm32f4xx_it.o(i.SVC_Handler)
    SysTick_Handler                          0x08003355   Thumb Code     4  stm32f4xx_it.o(i.SysTick_Handler)
    SystemClock_Config                       0x08003359   Thumb Code   140  main.o(i.SystemClock_Config)
    SystemInit                               0x080033ed   Thumb Code    12  system_stm32f4xx.o(i.SystemInit)
    TIM1_UP_TIM10_IRQHandler                 0x080033fd   Thumb Code    18  stm32f4xx_it.o(i.TIM1_UP_TIM10_IRQHandler)
    TIM2_IRQHandler                          0x08003419   Thumb Code     6  stm32f4xx_it.o(i.TIM2_IRQHandler)
    TIM3_IRQHandler                          0x08003425   Thumb Code     6  stm32f4xx_it.o(i.TIM3_IRQHandler)
    TIM5_IRQHandler                          0x08003431   Thumb Code     6  stm32f4xx_it.o(i.TIM5_IRQHandler)
    TIM7_IRQHandler                          0x0800343d   Thumb Code     6  stm32f4xx_it.o(i.TIM7_IRQHandler)
    TIM8_UP_TIM13_IRQHandler                 0x08003449   Thumb Code     6  stm32f4xx_it.o(i.TIM8_UP_TIM13_IRQHandler)
    TIM_Base_SetConfig                       0x08003455   Thumb Code   170  stm32f4xx_hal_tim.o(i.TIM_Base_SetConfig)
    TIM_CCxChannelCmd                        0x0800352d   Thumb Code    26  stm32f4xx_hal_tim.o(i.TIM_CCxChannelCmd)
    TIM_OC2_SetConfig                        0x080035a9   Thumb Code    98  stm32f4xx_hal_tim.o(i.TIM_OC2_SetConfig)
    Tims_delay_us                            0x080036cd   Thumb Code    54  tim.o(i.Tims_delay_us)
    UART_Start_Receive_DMA                   0x08003a41   Thumb Code   130  stm32f4xx_hal_uart.o(i.UART_Start_Receive_DMA)
    USART2_IRQHandler                        0x08003b45   Thumb Code    16  stm32f4xx_it.o(i.USART2_IRQHandler)
    USART2_IRQHandler_dma                    0x08003b59   Thumb Code    74  usart.o(i.USART2_IRQHandler_dma)
    USART3_IRQHandler                        0x08003bb1   Thumb Code    16  stm32f4xx_it.o(i.USART3_IRQHandler)
    USART3_IRQHandler_dma                    0x08003bc5   Thumb Code    98  usart.o(i.USART3_IRQHandler_dma)
    UsageFault_Handler                       0x08003c35   Thumb Code     2  stm32f4xx_it.o(i.UsageFault_Handler)
    __0fprintf                               0x08003c39   Thumb Code    22  printfa.o(i.__0fprintf)
    __1fprintf                               0x08003c39   Thumb Code     0  printfa.o(i.__0fprintf)
    __2fprintf                               0x08003c39   Thumb Code     0  printfa.o(i.__0fprintf)
    __c89fprintf                             0x08003c39   Thumb Code     0  printfa.o(i.__0fprintf)
    fprintf                                  0x08003c39   Thumb Code     0  printfa.o(i.__0fprintf)
    __0printf                                0x08003c55   Thumb Code    22  printfa.o(i.__0printf)
    __1printf                                0x08003c55   Thumb Code     0  printfa.o(i.__0printf)
    __2printf                                0x08003c55   Thumb Code     0  printfa.o(i.__0printf)
    __c89printf                              0x08003c55   Thumb Code     0  printfa.o(i.__0printf)
    printf                                   0x08003c55   Thumb Code     0  printfa.o(i.__0printf)
    __0sprintf                               0x08003c75   Thumb Code    34  printfa.o(i.__0sprintf)
    __1sprintf                               0x08003c75   Thumb Code     0  printfa.o(i.__0sprintf)
    __2sprintf                               0x08003c75   Thumb Code     0  printfa.o(i.__0sprintf)
    __c89sprintf                             0x08003c75   Thumb Code     0  printfa.o(i.__0sprintf)
    sprintf                                  0x08003c75   Thumb Code     0  printfa.o(i.__0sprintf)
    __scatterload_copy                       0x08003cbd   Thumb Code    14  handlers.o(i.__scatterload_copy)
    __scatterload_null                       0x08003ccb   Thumb Code     2  handlers.o(i.__scatterload_null)
    __scatterload_zeroinit                   0x08003ccd   Thumb Code    14  handlers.o(i.__scatterload_zeroinit)
    fputc                                    0x08004571   Thumb Code    20  usart.o(i.fputc)
    free                                     0x08004589   Thumb Code    76  malloc.o(i.free)
    main                                     0x080045d9   Thumb Code   196  main.o(i.main)
    malloc                                   0x080046e1   Thumb Code    92  malloc.o(i.malloc)
    motion_control_ble                       0x0800474d   Thumb Code     2  motion.o(i.motion_control_ble)
    motor_encoder_init                       0x08004751   Thumb Code    84  motor.o(i.motor_encoder_init)
    motor_encoder_overflow_IRQHandler        0x080047ad   Thumb Code    74  motor.o(i.motor_encoder_overflow_IRQHandler)
    motor_encoder_parse                      0x08004805   Thumb Code   376  motor.o(i.motor_encoder_parse)
    motor_init                               0x08004989   Thumb Code   272  motor.o(i.motor_init)
    motor_kdr_cmd                            0x08004ac5   Thumb Code   678  motor.o(i.motor_kdr_cmd)
    motor_kdr_data                           0x08004d71   Thumb Code   234  motor.o(i.motor_kdr_data)
    u8g2Init                                 0x08004eb1   Thumb Code    38  stm32_u8g2.o(i.u8g2Init)
    u8g2_ClearBuffer                         0x08004ee5   Thumb Code    20  u8g2_buffer.o(i.u8g2_ClearBuffer)
    u8g2_DrawGlyph                           0x08004ef9   Thumb Code   112  u8g2_font.o(i.u8g2_DrawGlyph)
    u8g2_DrawHVLine                          0x08004f69   Thumb Code   172  u8g2_hvline.o(i.u8g2_DrawHVLine)
    u8g2_DrawStr                             0x08005015   Thumb Code    12  u8g2_font.o(i.u8g2_DrawStr)
    u8g2_IsIntersection                      0x08005025   Thumb Code    48  u8g2_intersection.o(i.u8g2_IsIntersection)
    u8g2_SendBuffer                          0x08005055   Thumb Code    18  u8g2_buffer.o(i.u8g2_SendBuffer)
    u8g2_SetFont                             0x08005067   Thumb Code    32  u8g2_font.o(i.u8g2_SetFont)
    u8g2_SetFontPosBaseline                  0x08005089   Thumb Code     6  u8g2_font.o(i.u8g2_SetFontPosBaseline)
    u8g2_SetMaxClipWindow                    0x08005095   Thumb Code    28  u8g2_setup.o(i.u8g2_SetMaxClipWindow)
    u8g2_SetupBuffer                         0x080050b1   Thumb Code    70  u8g2_setup.o(i.u8g2_SetupBuffer)
    u8g2_Setup_ssd1306_i2c_128x64_noname_f   0x080050f9   Thumb Code    42  u8g2_d_setup.o(i.u8g2_Setup_ssd1306_i2c_128x64_noname_f)
    u8g2_UpdateRefHeight                     0x08005131   Thumb Code    82  u8g2_font.o(i.u8g2_UpdateRefHeight)
    u8g2_add_vector_x                        0x08005183   Thumb Code    28  u8g2_font.o(i.u8g2_add_vector_x)
    u8g2_add_vector_y                        0x0800519f   Thumb Code    28  u8g2_font.o(i.u8g2_add_vector_y)
    u8g2_draw_hv_line_2dir                   0x08005265   Thumb Code    18  u8g2_hvline.o(i.u8g2_draw_hv_line_2dir)
    u8g2_draw_l90_r0                         0x08005277   Thumb Code    12  u8g2_setup.o(i.u8g2_draw_l90_r0)
    u8g2_font_calc_vref_font                 0x080052f9   Thumb Code     4  u8g2_font.o(i.u8g2_font_calc_vref_font)
    u8g2_font_decode_get_signed_bits         0x080052fd   Thumb Code    20  u8g2_font.o(i.u8g2_font_decode_get_signed_bits)
    u8g2_font_decode_get_unsigned_bits       0x08005311   Thumb Code    52  u8g2_font.o(i.u8g2_font_decode_get_unsigned_bits)
    u8g2_font_decode_glyph                   0x08005345   Thumb Code   276  u8g2_font.o(i.u8g2_font_decode_glyph)
    u8g2_font_decode_len                     0x08005459   Thumb Code   140  u8g2_font.o(i.u8g2_font_decode_len)
    u8g2_font_get_glyph_data                 0x080054e5   Thumb Code   114  u8g2_font.o(i.u8g2_font_get_glyph_data)
    u8g2_is_intersection_decision_tree       0x0800559f   Thumb Code    24  u8g2_intersection.o(i.u8g2_is_intersection_decision_tree)
    u8g2_ll_hvline_vertical_top_lsb          0x080055b9   Thumb Code   144  u8g2_ll_hvline.o(i.u8g2_ll_hvline_vertical_top_lsb)
    u8g2_m_16_8_f                            0x08005649   Thumb Code     8  u8g2_d_memory.o(i.u8g2_m_16_8_f)
    u8g2_read_font_info                      0x08005655   Thumb Code   106  u8g2_font.o(i.u8g2_read_font_info)
    u8g2_update_dimension_r0                 0x08005753   Thumb Code     4  u8g2_setup.o(i.u8g2_update_dimension_r0)
    u8g2_update_page_win_r0                  0x08005757   Thumb Code    34  u8g2_setup.o(i.u8g2_update_page_win_r0)
    u8x8_DrawTile                            0x08005779   Thumb Code    30  u8x8_display.o(i.u8x8_DrawTile)
    u8x8_InitDisplay                         0x08005797   Thumb Code    16  u8x8_display.o(i.u8x8_InitDisplay)
    u8x8_RefreshDisplay                      0x080057a7   Thumb Code    16  u8x8_display.o(i.u8x8_RefreshDisplay)
    u8x8_SetPowerSave                        0x080057b7   Thumb Code    16  u8x8_display.o(i.u8x8_SetPowerSave)
    u8x8_Setup                               0x080057c7   Thumb Code    34  u8x8_setup.o(i.u8x8_Setup)
    u8x8_SetupDefaults                       0x080057e9   Thumb Code    32  u8x8_setup.o(i.u8x8_SetupDefaults)
    u8x8_SetupMemory                         0x0800580d   Thumb Code    16  u8x8_display.o(i.u8x8_SetupMemory)
    u8x8_ascii_next                          0x0800581d   Thumb Code    14  u8x8_8x8.o(i.u8x8_ascii_next)
    u8x8_byte_EndTransfer                    0x0800582b   Thumb Code    16  u8x8_byte.o(i.u8x8_byte_EndTransfer)
    u8x8_byte_SendByte                       0x0800583b   Thumb Code    14  u8x8_byte.o(i.u8x8_byte_SendByte)
    u8x8_byte_StartTransfer                  0x08005849   Thumb Code    16  u8x8_byte.o(i.u8x8_byte_StartTransfer)
    u8x8_byte_hw_i2c                         0x08005859   Thumb Code    98  stm32_u8g2.o(i.u8x8_byte_hw_i2c)
    u8x8_cad_EndTransfer                     0x080058c9   Thumb Code    16  u8x8_cad.o(i.u8x8_cad_EndTransfer)
    u8x8_cad_SendArg                         0x080058d9   Thumb Code    16  u8x8_cad.o(i.u8x8_cad_SendArg)
    u8x8_cad_SendCmd                         0x080058e9   Thumb Code    16  u8x8_cad.o(i.u8x8_cad_SendCmd)
    u8x8_cad_SendData                        0x080058f9   Thumb Code    16  u8x8_cad.o(i.u8x8_cad_SendData)
    u8x8_cad_SendSequence                    0x08005909   Thumb Code   104  u8x8_cad.o(i.u8x8_cad_SendSequence)
    u8x8_cad_StartTransfer                   0x08005971   Thumb Code    16  u8x8_cad.o(i.u8x8_cad_StartTransfer)
    u8x8_cad_ssd13xx_fast_i2c                0x08005981   Thumb Code   182  u8x8_cad.o(i.u8x8_cad_ssd13xx_fast_i2c)
    u8x8_d_helper_display_init               0x08005a3d   Thumb Code    96  u8x8_display.o(i.u8x8_d_helper_display_init)
    u8x8_d_helper_display_setup_memory       0x08005a9d   Thumb Code    10  u8x8_display.o(i.u8x8_d_helper_display_setup_memory)
    u8x8_d_ssd1306_128x64_noname             0x08005aa9   Thumb Code    52  u8x8_d_ssd1306_128x64_noname.o(i.u8x8_d_ssd1306_128x64_noname)
    u8x8_dummy_cb                            0x08005bad   Thumb Code     4  u8x8_setup.o(i.u8x8_dummy_cb)
    u8x8_gpio_and_delay                      0x08005bb1   Thumb Code   106  stm32_u8g2.o(i.u8x8_gpio_and_delay)
    u8x8_gpio_call                           0x08005c1b   Thumb Code    12  u8x8_gpio.o(i.u8x8_gpio_call)
    u8x8_utf8_init                           0x08005c53   Thumb Code     8  u8x8_8x8.o(i.u8x8_utf8_init)
    uart_dma_it_init                         0x08005c5d   Thumb Code    56  usart.o(i.uart_dma_it_init)
    AHBPrescTable                            0x08005cc6   Data          16  system_stm32f4xx.o(.constdata)
    APBPrescTable                            0x08005cd6   Data           8  system_stm32f4xx.o(.constdata)
    u8g2_font_ncenB10_tf                     0x08005cde   Data        3358  u8g2_fonts.o(.constdata)
    u8g2_font_lubBI24_tf                     0x080069fc   Data        9300  u8g2_fonts.o(.constdata)
    u8g2_cb_r0                               0x08008e50   Data          12  u8g2_setup.o(.constdata)
    Region$$Table$$Base                      0x08008fb4   Number         0  anon$$obj.o(Region$$Table)
    Region$$Table$$Limit                     0x08008fd4   Number         0  anon$$obj.o(Region$$Table)
    tim_cnt                                  0x20000004   Data           4  hc_sr04.o(.data)
    uwTickFreq                               0x20000008   Data           1  stm32f4xx_hal.o(.data)
    uwTickPrio                               0x2000000c   Data           4  stm32f4xx_hal.o(.data)
    uwTick                                   0x20000010   Data           4  stm32f4xx_hal.o(.data)
    SystemCoreClock                          0x20000014   Data           4  system_stm32f4xx.o(.data)
    __stdout                                 0x20000020   Data           4  stdout.o(.data)
    __microlib_freelist                      0x20000024   Data           4  mvars.o(.data)
    __microlib_freelist_initialised          0x20000028   Data           4  mvars.o(.data)
    motor_A1                                 0x20000140   Data          72  motor.o(.bss)
    motor_A2                                 0x20000188   Data          72  motor.o(.bss)
    motor_B1                                 0x200001d0   Data          72  motor.o(.bss)
    motor_B2                                 0x20000218   Data          72  motor.o(.bss)
    hi2c1                                    0x20000260   Data          84  i2c.o(.bss)
    htim1                                    0x200002b4   Data          72  tim.o(.bss)
    htim2                                    0x200002fc   Data          72  tim.o(.bss)
    htim3                                    0x20000344   Data          72  tim.o(.bss)
    htim5                                    0x2000038c   Data          72  tim.o(.bss)
    htim6                                    0x200003d4   Data          72  tim.o(.bss)
    htim7                                    0x2000041c   Data          72  tim.o(.bss)
    htim8                                    0x20000464   Data          72  tim.o(.bss)
    htim10                                   0x200004ac   Data          72  tim.o(.bss)
    huart1                                   0x200004f4   Data          72  usart.o(.bss)
    huart2                                   0x2000053c   Data          72  usart.o(.bss)
    huart3                                   0x20000584   Data          72  usart.o(.bss)
    hdma_usart2_rx                           0x200005cc   Data          96  usart.o(.bss)
    hdma_usart2_tx                           0x2000062c   Data          96  usart.o(.bss)
    hdma_usart3_rx                           0x2000068c   Data          96  usart.o(.bss)
    hdma_usart3_tx                           0x200006ec   Data          96  usart.o(.bss)
    g_kdr_rx_buffer                          0x2000074c   Data          10  usart.o(.bss)
    g_kdr_rx_buffer_dma                      0x20000756   Data          10  usart.o(.bss)
    g_ctrl_rx_buffer_dma                     0x20000760   Data          10  usart.o(.bss)
    __heap_base                              0x20000b70   Data           0  startup_stm32f407xx.o(HEAP)
    __heap_limit                             0x20000d70   Data           0  startup_stm32f407xx.o(HEAP)
    __initial_sp                             0x20001170   Data           0  startup_stm32f407xx.o(STACK)



==============================================================================

Memory Map of the image

  Image Entry point : 0x08000189

  Load Region LR_IROM1 (Base: 0x08000000, Size: 0x00009000, Max: 0x00080000, ABSOLUTE)

    Execution Region ER_IROM1 (Exec base: 0x08000000, Load base: 0x08000000, Size: 0x00008fd4, Max: 0x00080000, ABSOLUTE)

    Exec Addr    Load Addr    Size         Type   Attr      Idx    E Section Name        Object

    0x08000000   0x08000000   0x00000188   Data   RO            3    RESET               startup_stm32f407xx.o
    0x08000188   0x08000188   0x00000000   Code   RO         9635  * .ARM.Collect$$$$00000000  mc_w.l(entry.o)
    0x08000188   0x08000188   0x00000004   Code   RO        10005    .ARM.Collect$$$$00000001  mc_w.l(entry2.o)
    0x0800018c   0x0800018c   0x00000004   Code   RO        10008    .ARM.Collect$$$$00000004  mc_w.l(entry5.o)
    0x08000190   0x08000190   0x00000000   Code   RO        10010    .ARM.Collect$$$$00000008  mc_w.l(entry7b.o)
    0x08000190   0x08000190   0x00000000   Code   RO        10012    .ARM.Collect$$$$0000000A  mc_w.l(entry8b.o)
    0x08000190   0x08000190   0x00000008   Code   RO        10013    .ARM.Collect$$$$0000000B  mc_w.l(entry9a.o)
    0x08000198   0x08000198   0x00000004   Code   RO        10020    .ARM.Collect$$$$0000000E  mc_w.l(entry12b.o)
    0x0800019c   0x0800019c   0x00000000   Code   RO        10015    .ARM.Collect$$$$0000000F  mc_w.l(entry10a.o)
    0x0800019c   0x0800019c   0x00000000   Code   RO        10017    .ARM.Collect$$$$00000011  mc_w.l(entry11a.o)
    0x0800019c   0x0800019c   0x00000004   Code   RO        10006    .ARM.Collect$$$$00002712  mc_w.l(entry2.o)
    0x080001a0   0x080001a0   0x00000024   Code   RO            4    .text               startup_stm32f407xx.o
    0x080001c4   0x080001c4   0x00000062   Code   RO         9639    .text               mc_w.l(uldiv.o)
    0x08000226   0x08000226   0x00000024   Code   RO         9645    .text               mc_w.l(memseta.o)
    0x0800024a   0x0800024a   0x0000014e   Code   RO         9940    .text               mf_w.l(dadd.o)
    0x08000398   0x08000398   0x000000e4   Code   RO         9942    .text               mf_w.l(dmul.o)
    0x0800047c   0x0800047c   0x000000de   Code   RO         9944    .text               mf_w.l(ddiv.o)
    0x0800055a   0x0800055a   0x00000026   Code   RO         9950    .text               mf_w.l(f2d.o)
    0x08000580   0x08000580   0x0000002c   Code   RO        10021    .text               mc_w.l(uidiv.o)
    0x080005ac   0x080005ac   0x0000001e   Code   RO        10023    .text               mc_w.l(llshl.o)
    0x080005ca   0x080005ca   0x00000020   Code   RO        10025    .text               mc_w.l(llushr.o)
    0x080005ea   0x080005ea   0x00000024   Code   RO        10027    .text               mc_w.l(llsshr.o)
    0x0800060e   0x0800060e   0x00000000   Code   RO        10038    .text               mc_w.l(iusefp.o)
    0x0800060e   0x0800060e   0x000000ba   Code   RO        10041    .text               mf_w.l(depilogue.o)
    0x080006c8   0x080006c8   0x00000030   Code   RO        10045    .text               mf_w.l(dfixul.o)
    0x080006f8   0x080006f8   0x00000030   Code   RO        10049    .text               mf_w.l(cdrcmple.o)
    0x08000728   0x08000728   0x00000024   Code   RO        10051    .text               mc_w.l(init.o)
    0x0800074c   0x0800074c   0x00000010   Code   RO          629    i.BUZZER_beep_long_off  buzzer.o
    0x0800075c   0x0800075c   0x00000010   Code   RO          630    i.BUZZER_beep_long_on  buzzer.o
    0x0800076c   0x0800076c   0x00000028   Code   RO          632    i.BUZZER_beep_twice  buzzer.o
    0x08000794   0x08000794   0x00000004   Code   RO          633    i.BUZZER_init       buzzer.o
    0x08000798   0x08000798   0x00000002   Code   RO         1032    i.BusFault_Handler  stm32f4xx_it.o
    0x0800079a   0x0800079a   0x00000002   PAD
    0x0800079c   0x0800079c   0x0000000c   Code   RO         1033    i.DMA1_Stream1_IRQHandler  stm32f4xx_it.o
    0x080007a8   0x080007a8   0x0000000c   Code   RO         1034    i.DMA1_Stream3_IRQHandler  stm32f4xx_it.o
    0x080007b4   0x080007b4   0x0000000c   Code   RO         1035    i.DMA1_Stream5_IRQHandler  stm32f4xx_it.o
    0x080007c0   0x080007c0   0x0000000c   Code   RO         1036    i.DMA1_Stream6_IRQHandler  stm32f4xx_it.o
    0x080007cc   0x080007cc   0x00000028   Code   RO         2118    i.DMA_CalcBaseAndBitshift  stm32f4xx_hal_dma.o
    0x080007f4   0x080007f4   0x00000054   Code   RO         2119    i.DMA_CheckFifoParam  stm32f4xx_hal_dma.o
    0x08000848   0x08000848   0x00000028   Code   RO         2120    i.DMA_SetConfig     stm32f4xx_hal_dma.o
    0x08000870   0x08000870   0x00000002   Code   RO         1037    i.DebugMon_Handler  stm32f4xx_it.o
    0x08000872   0x08000872   0x00000004   Code   RO          679    i.Error_Handler     main.o
    0x08000876   0x08000876   0x00000092   Code   RO         2121    i.HAL_DMA_Abort     stm32f4xx_hal_dma.o
    0x08000908   0x08000908   0x00000024   Code   RO         2122    i.HAL_DMA_Abort_IT  stm32f4xx_hal_dma.o
    0x0800092c   0x0800092c   0x000001a0   Code   RO         2126    i.HAL_DMA_IRQHandler  stm32f4xx_hal_dma.o
    0x08000acc   0x08000acc   0x000000d4   Code   RO         2127    i.HAL_DMA_Init      stm32f4xx_hal_dma.o
    0x08000ba0   0x08000ba0   0x0000006e   Code   RO         2131    i.HAL_DMA_Start_IT  stm32f4xx_hal_dma.o
    0x08000c0e   0x08000c0e   0x00000002   PAD
    0x08000c10   0x08000c10   0x00000024   Code   RO         2546    i.HAL_Delay         stm32f4xx_hal.o
    0x08000c34   0x08000c34   0x000001f0   Code   RO         2014    i.HAL_GPIO_Init     stm32f4xx_hal_gpio.o
    0x08000e24   0x08000e24   0x00000010   Code   RO         2017    i.HAL_GPIO_TogglePin  stm32f4xx_hal_gpio.o
    0x08000e34   0x08000e34   0x0000000a   Code   RO         2018    i.HAL_GPIO_WritePin  stm32f4xx_hal_gpio.o
    0x08000e3e   0x08000e3e   0x00000002   PAD
    0x08000e40   0x08000e40   0x0000000c   Code   RO         2552    i.HAL_GetTick       stm32f4xx_hal.o
    0x08000e4c   0x08000e4c   0x00000188   Code   RO         1215    i.HAL_I2C_Init      stm32f4xx_hal_i2c.o
    0x08000fd4   0x08000fd4   0x0000012c   Code   RO         1228    i.HAL_I2C_Master_Transmit  stm32f4xx_hal_i2c.o
    0x08001100   0x08001100   0x00000068   Code   RO          768    i.HAL_I2C_MspInit   i2c.o
    0x08001168   0x08001168   0x00000010   Code   RO         2558    i.HAL_IncTick       stm32f4xx_hal.o
    0x08001178   0x08001178   0x00000034   Code   RO         2559    i.HAL_Init          stm32f4xx_hal.o
    0x080011ac   0x080011ac   0x00000040   Code   RO         2560    i.HAL_InitTick      stm32f4xx_hal.o
    0x080011ec   0x080011ec   0x00000030   Code   RO         1180    i.HAL_MspInit       stm32f4xx_hal_msp.o
    0x0800121c   0x0800121c   0x0000001a   Code   RO         2404    i.HAL_NVIC_EnableIRQ  stm32f4xx_hal_cortex.o
    0x08001236   0x08001236   0x00000002   PAD
    0x08001238   0x08001238   0x00000040   Code   RO         2410    i.HAL_NVIC_SetPriority  stm32f4xx_hal_cortex.o
    0x08001278   0x08001278   0x00000024   Code   RO         2411    i.HAL_NVIC_SetPriorityGrouping  stm32f4xx_hal_cortex.o
    0x0800129c   0x0800129c   0x00000134   Code   RO         1660    i.HAL_RCC_ClockConfig  stm32f4xx_hal_rcc.o
    0x080013d0   0x080013d0   0x00000020   Code   RO         1667    i.HAL_RCC_GetPCLK1Freq  stm32f4xx_hal_rcc.o
    0x080013f0   0x080013f0   0x00000020   Code   RO         1668    i.HAL_RCC_GetPCLK2Freq  stm32f4xx_hal_rcc.o
    0x08001410   0x08001410   0x00000064   Code   RO         1669    i.HAL_RCC_GetSysClockFreq  stm32f4xx_hal_rcc.o
    0x08001474   0x08001474   0x0000036c   Code   RO         1672    i.HAL_RCC_OscConfig  stm32f4xx_hal_rcc.o
    0x080017e0   0x080017e0   0x00000028   Code   RO         2415    i.HAL_SYSTICK_Config  stm32f4xx_hal_cortex.o
    0x08001808   0x08001808   0x00000002   Code   RO         3503    i.HAL_TIMEx_BreakCallback  stm32f4xx_hal_tim_ex.o
    0x0800180a   0x0800180a   0x00000002   Code   RO         3504    i.HAL_TIMEx_CommutCallback  stm32f4xx_hal_tim_ex.o
    0x0800180c   0x0800180c   0x00000054   Code   RO         3506    i.HAL_TIMEx_ConfigBreakDeadTime  stm32f4xx_hal_tim_ex.o
    0x08001860   0x08001860   0x00000090   Code   RO         3522    i.HAL_TIMEx_MasterConfigSynchronization  stm32f4xx_hal_tim_ex.o
    0x080018f0   0x080018f0   0x0000005a   Code   RO         2799    i.HAL_TIM_Base_Init  stm32f4xx_hal_tim.o
    0x0800194a   0x0800194a   0x00000002   PAD
    0x0800194c   0x0800194c   0x00000080   Code   RO          810    i.HAL_TIM_Base_MspInit  tim.o
    0x080019cc   0x080019cc   0x00000080   Code   RO         2804    i.HAL_TIM_Base_Start_IT  stm32f4xx_hal_tim.o
    0x08001a4c   0x08001a4c   0x000000a4   Code   RO         2820    i.HAL_TIM_Encoder_Init  stm32f4xx_hal_tim.o
    0x08001af0   0x08001af0   0x00000188   Code   RO          812    i.HAL_TIM_Encoder_MspInit  tim.o
    0x08001c78   0x08001c78   0x0000008e   Code   RO         2823    i.HAL_TIM_Encoder_Start  stm32f4xx_hal_tim.o
    0x08001d06   0x08001d06   0x00000002   Code   RO         2833    i.HAL_TIM_IC_CaptureCallback  stm32f4xx_hal_tim.o
    0x08001d08   0x08001d08   0x00000130   Code   RO         2847    i.HAL_TIM_IRQHandler  stm32f4xx_hal_tim.o
    0x08001e38   0x08001e38   0x0000007c   Code   RO          813    i.HAL_TIM_MspPostInit  tim.o
    0x08001eb4   0x08001eb4   0x00000002   Code   RO         2850    i.HAL_TIM_OC_DelayElapsedCallback  stm32f4xx_hal_tim.o
    0x08001eb6   0x08001eb6   0x000000cc   Code   RO         2871    i.HAL_TIM_PWM_ConfigChannel  stm32f4xx_hal_tim.o
    0x08001f82   0x08001f82   0x0000005a   Code   RO         2874    i.HAL_TIM_PWM_Init  stm32f4xx_hal_tim.o
    0x08001fdc   0x08001fdc   0x0000003c   Code   RO          815    i.HAL_TIM_PWM_MspInit  tim.o
    0x08002018   0x08002018   0x00000002   Code   RO         2877    i.HAL_TIM_PWM_PulseFinishedCallback  stm32f4xx_hal_tim.o
    0x0800201a   0x0800201a   0x00000002   PAD
    0x0800201c   0x0800201c   0x000000c8   Code   RO         2879    i.HAL_TIM_PWM_Start  stm32f4xx_hal_tim.o
    0x080020e4   0x080020e4   0x00000024   Code   RO          816    i.HAL_TIM_PeriodElapsedCallback  tim.o
    0x08002108   0x08002108   0x00000002   Code   RO         2890    i.HAL_TIM_TriggerCallback  stm32f4xx_hal_tim.o
    0x0800210a   0x0800210a   0x00000002   Code   RO         3782    i.HAL_UARTEx_RxEventCallback  stm32f4xx_hal_uart.o
    0x0800210c   0x0800210c   0x00000070   Code   RO         3794    i.HAL_UART_DMAStop  stm32f4xx_hal_uart.o
    0x0800217c   0x0800217c   0x00000002   Code   RO         3796    i.HAL_UART_ErrorCallback  stm32f4xx_hal_uart.o
    0x0800217e   0x0800217e   0x00000002   PAD
    0x08002180   0x08002180   0x00000270   Code   RO         3799    i.HAL_UART_IRQHandler  stm32f4xx_hal_uart.o
    0x080023f0   0x080023f0   0x00000064   Code   RO         3800    i.HAL_UART_Init     stm32f4xx_hal_uart.o
    0x08002454   0x08002454   0x000001e0   Code   RO          936    i.HAL_UART_MspInit  usart.o
    0x08002634   0x08002634   0x0000001c   Code   RO         3804    i.HAL_UART_Receive_DMA  stm32f4xx_hal_uart.o
    0x08002650   0x08002650   0x00000002   Code   RO          937    i.HAL_UART_RxCpltCallback  usart.o
    0x08002652   0x08002652   0x00000002   Code   RO         3807    i.HAL_UART_RxHalfCpltCallback  stm32f4xx_hal_uart.o
    0x08002654   0x08002654   0x000000a0   Code   RO         3808    i.HAL_UART_Transmit  stm32f4xx_hal_uart.o
    0x080026f4   0x080026f4   0x00000002   Code   RO         3811    i.HAL_UART_TxCpltCallback  stm32f4xx_hal_uart.o
    0x080026f6   0x080026f6   0x00000002   PAD
    0x080026f8   0x080026f8   0x00000010   Code   RO          587    i.HC_SR04_TIM_IRQHandler  hc_sr04.o
    0x08002708   0x08002708   0x00000010   Code   RO          588    i.HC_SR04_init      hc_sr04.o
    0x08002718   0x08002718   0x00000002   Code   RO         1038    i.HardFault_Handler  stm32f4xx_it.o
    0x0800271a   0x0800271a   0x0000002e   Code   RO         1258    i.I2C_IsAcknowledgeFailed  stm32f4xx_hal_i2c.o
    0x08002748   0x08002748   0x0000009c   Code   RO         1262    i.I2C_MasterRequestWrite  stm32f4xx_hal_i2c.o
    0x080027e4   0x080027e4   0x00000056   Code   RO         1273    i.I2C_WaitOnBTFFlagUntilTimeout  stm32f4xx_hal_i2c.o
    0x0800283a   0x0800283a   0x00000002   PAD
    0x0800283c   0x0800283c   0x00000090   Code   RO         1274    i.I2C_WaitOnFlagUntilTimeout  stm32f4xx_hal_i2c.o
    0x080028cc   0x080028cc   0x000000bc   Code   RO         1275    i.I2C_WaitOnMasterAddressFlagUntilTimeout  stm32f4xx_hal_i2c.o
    0x08002988   0x08002988   0x00000056   Code   RO         1277    i.I2C_WaitOnTXEFlagUntilTimeout  stm32f4xx_hal_i2c.o
    0x080029de   0x080029de   0x0000001e   Code   RO          447    i.KDCOM_GetCmdData  kdr_com.o
    0x080029fc   0x080029fc   0x00000010   Code   RO          448    i.KDCOM_GetCmdPara  kdr_com.o
    0x08002a0c   0x08002a0c   0x00000038   Code   RO          449    i.KDCOM_GetData     kdr_com.o
    0x08002a44   0x08002a44   0x00000198   Code   RO          450    i.KDCOM_Process     kdr_com.o
    0x08002bdc   0x08002bdc   0x00000028   Code   RO          451    i.KDCOM_SetCmd      kdr_com.o
    0x08002c04   0x08002c04   0x0000002c   Code   RO          452    i.KDCOM_SetData     kdr_com.o
    0x08002c30   0x08002c30   0x0000005c   Code   RO          743    i.MX_DMA_Init       dma.o
    0x08002c8c   0x08002c8c   0x00000140   Code   RO          719    i.MX_GPIO_Init      gpio.o
    0x08002dcc   0x08002dcc   0x00000040   Code   RO          769    i.MX_I2C1_Init      i2c.o
    0x08002e0c   0x08002e0c   0x00000034   Code   RO          817    i.MX_TIM10_Init     tim.o
    0x08002e40   0x08002e40   0x000000d0   Code   RO          818    i.MX_TIM1_Init      tim.o
    0x08002f10   0x08002f10   0x00000068   Code   RO          819    i.MX_TIM2_Init      tim.o
    0x08002f78   0x08002f78   0x0000006c   Code   RO          820    i.MX_TIM3_Init      tim.o
    0x08002fe4   0x08002fe4   0x0000006c   Code   RO          821    i.MX_TIM5_Init      tim.o
    0x08003050   0x08003050   0x00000044   Code   RO          822    i.MX_TIM6_Init      tim.o
    0x08003094   0x08003094   0x00000044   Code   RO          823    i.MX_TIM7_Init      tim.o
    0x080030d8   0x080030d8   0x00000070   Code   RO          824    i.MX_TIM8_Init      tim.o
    0x08003148   0x08003148   0x00000038   Code   RO          938    i.MX_USART1_UART_Init  usart.o
    0x08003180   0x08003180   0x00000038   Code   RO          939    i.MX_USART2_UART_Init  usart.o
    0x080031b8   0x080031b8   0x00000038   Code   RO          940    i.MX_USART3_UART_Init  usart.o
    0x080031f0   0x080031f0   0x00000002   Code   RO         1039    i.MemManage_Handler  stm32f4xx_it.o
    0x080031f2   0x080031f2   0x00000002   Code   RO         1040    i.NMI_Handler       stm32f4xx_it.o
    0x080031f4   0x080031f4   0x000000fc   Code   RO           16    i.OLED_U8G2_draw_kdr  oled_u8g2.o
    0x080032f0   0x080032f0   0x00000014   Code   RO           19    i.OLED_U8G2_init    oled_u8g2.o
    0x08003304   0x08003304   0x0000004c   Code   RO           20    i.OLED_U8G2_init_animation  oled_u8g2.o
    0x08003350   0x08003350   0x00000002   Code   RO         1041    i.PendSV_Handler    stm32f4xx_it.o
    0x08003352   0x08003352   0x00000002   Code   RO         1042    i.SVC_Handler       stm32f4xx_it.o
    0x08003354   0x08003354   0x00000004   Code   RO         1043    i.SysTick_Handler   stm32f4xx_it.o
    0x08003358   0x08003358   0x00000094   Code   RO          680    i.SystemClock_Config  main.o
    0x080033ec   0x080033ec   0x00000010   Code   RO         4134    i.SystemInit        system_stm32f4xx.o
    0x080033fc   0x080033fc   0x0000001c   Code   RO         1044    i.TIM1_UP_TIM10_IRQHandler  stm32f4xx_it.o
    0x08003418   0x08003418   0x0000000c   Code   RO         1045    i.TIM2_IRQHandler   stm32f4xx_it.o
    0x08003424   0x08003424   0x0000000c   Code   RO         1046    i.TIM3_IRQHandler   stm32f4xx_it.o
    0x08003430   0x08003430   0x0000000c   Code   RO         1047    i.TIM5_IRQHandler   stm32f4xx_it.o
    0x0800343c   0x0800343c   0x0000000c   Code   RO         1048    i.TIM7_IRQHandler   stm32f4xx_it.o
    0x08003448   0x08003448   0x0000000c   Code   RO         1049    i.TIM8_UP_TIM13_IRQHandler  stm32f4xx_it.o
    0x08003454   0x08003454   0x000000d8   Code   RO         2892    i.TIM_Base_SetConfig  stm32f4xx_hal_tim.o
    0x0800352c   0x0800352c   0x0000001a   Code   RO         2893    i.TIM_CCxChannelCmd  stm32f4xx_hal_tim.o
    0x08003546   0x08003546   0x00000002   PAD
    0x08003548   0x08003548   0x00000060   Code   RO         2905    i.TIM_OC1_SetConfig  stm32f4xx_hal_tim.o
    0x080035a8   0x080035a8   0x0000006c   Code   RO         2906    i.TIM_OC2_SetConfig  stm32f4xx_hal_tim.o
    0x08003614   0x08003614   0x00000068   Code   RO         2907    i.TIM_OC3_SetConfig  stm32f4xx_hal_tim.o
    0x0800367c   0x0800367c   0x00000050   Code   RO         2908    i.TIM_OC4_SetConfig  stm32f4xx_hal_tim.o
    0x080036cc   0x080036cc   0x0000003c   Code   RO          825    i.Tims_delay_us     tim.o
    0x08003708   0x08003708   0x00000010   Code   RO         3813    i.UART_DMAAbortOnError  stm32f4xx_hal_uart.o
    0x08003718   0x08003718   0x0000004a   Code   RO         3814    i.UART_DMAError     stm32f4xx_hal_uart.o
    0x08003762   0x08003762   0x00000086   Code   RO         3815    i.UART_DMAReceiveCplt  stm32f4xx_hal_uart.o
    0x080037e8   0x080037e8   0x0000001e   Code   RO         3817    i.UART_DMARxHalfCplt  stm32f4xx_hal_uart.o
    0x08003806   0x08003806   0x0000004e   Code   RO         3823    i.UART_EndRxTransfer  stm32f4xx_hal_uart.o
    0x08003854   0x08003854   0x0000001c   Code   RO         3824    i.UART_EndTxTransfer  stm32f4xx_hal_uart.o
    0x08003870   0x08003870   0x000000c2   Code   RO         3825    i.UART_Receive_IT   stm32f4xx_hal_uart.o
    0x08003932   0x08003932   0x00000002   PAD
    0x08003934   0x08003934   0x0000010c   Code   RO         3826    i.UART_SetConfig    stm32f4xx_hal_uart.o
    0x08003a40   0x08003a40   0x00000090   Code   RO         3827    i.UART_Start_Receive_DMA  stm32f4xx_hal_uart.o
    0x08003ad0   0x08003ad0   0x00000072   Code   RO         3829    i.UART_WaitOnFlagUntilTimeout  stm32f4xx_hal_uart.o
    0x08003b42   0x08003b42   0x00000002   PAD
    0x08003b44   0x08003b44   0x00000014   Code   RO         1050    i.USART2_IRQHandler  stm32f4xx_it.o
    0x08003b58   0x08003b58   0x00000058   Code   RO          941    i.USART2_IRQHandler_dma  usart.o
    0x08003bb0   0x08003bb0   0x00000014   Code   RO         1051    i.USART3_IRQHandler  stm32f4xx_it.o
    0x08003bc4   0x08003bc4   0x00000070   Code   RO          942    i.USART3_IRQHandler_dma  usart.o
    0x08003c34   0x08003c34   0x00000002   Code   RO         1052    i.UsageFault_Handler  stm32f4xx_it.o
    0x08003c36   0x08003c36   0x00000002   PAD
    0x08003c38   0x08003c38   0x0000001c   Code   RO         9883    i.__0fprintf        mc_w.l(printfa.o)
    0x08003c54   0x08003c54   0x00000020   Code   RO         9884    i.__0printf         mc_w.l(printfa.o)
    0x08003c74   0x08003c74   0x00000028   Code   RO         9886    i.__0sprintf        mc_w.l(printfa.o)
    0x08003c9c   0x08003c9c   0x00000020   Code   RO         2417    i.__NVIC_SetPriority  stm32f4xx_hal_cortex.o
    0x08003cbc   0x08003cbc   0x0000000e   Code   RO        10057    i.__scatterload_copy  mc_w.l(handlers.o)
    0x08003cca   0x08003cca   0x00000002   Code   RO        10058    i.__scatterload_null  mc_w.l(handlers.o)
    0x08003ccc   0x08003ccc   0x0000000e   Code   RO        10059    i.__scatterload_zeroinit  mc_w.l(handlers.o)
    0x08003cda   0x08003cda   0x00000002   PAD
    0x08003cdc   0x08003cdc   0x00000184   Code   RO         9891    i._fp_digits        mc_w.l(printfa.o)
    0x08003e60   0x08003e60   0x000006b4   Code   RO         9892    i._printf_core      mc_w.l(printfa.o)
    0x08004514   0x08004514   0x00000024   Code   RO         9893    i._printf_post_padding  mc_w.l(printfa.o)
    0x08004538   0x08004538   0x0000002e   Code   RO         9894    i._printf_pre_padding  mc_w.l(printfa.o)
    0x08004566   0x08004566   0x0000000a   Code   RO         9896    i._sputc            mc_w.l(printfa.o)
    0x08004570   0x08004570   0x00000018   Code   RO          944    i.fputc             usart.o
    0x08004588   0x08004588   0x00000050   Code   RO         9912    i.free              mc_w.l(malloc.o)
    0x080045d8   0x080045d8   0x00000108   Code   RO          681    i.main              main.o
    0x080046e0   0x080046e0   0x0000006c   Code   RO         9913    i.malloc            mc_w.l(malloc.o)
    0x0800474c   0x0800474c   0x00000002   Code   RO          546    i.motion_control_ble  motion.o
    0x0800474e   0x0800474e   0x00000002   PAD
    0x08004750   0x08004750   0x0000005c   Code   RO          337    i.motor_encoder_init  motor.o
    0x080047ac   0x080047ac   0x00000058   Code   RO          338    i.motor_encoder_overflow_IRQHandler  motor.o
    0x08004804   0x08004804   0x00000184   Code   RO          339    i.motor_encoder_parse  motor.o
    0x08004988   0x08004988   0x0000013c   Code   RO          340    i.motor_init        motor.o
    0x08004ac4   0x08004ac4   0x000002ac   Code   RO          341    i.motor_kdr_cmd     motor.o
    0x08004d70   0x08004d70   0x00000140   Code   RO          342    i.motor_kdr_data    motor.o
    0x08004eb0   0x08004eb0   0x00000034   Code   RO          281    i.u8g2Init          stm32_u8g2.o
    0x08004ee4   0x08004ee4   0x00000014   Code   RO         4950    i.u8g2_ClearBuffer  u8g2_buffer.o
    0x08004ef8   0x08004ef8   0x00000070   Code   RO         5153    i.u8g2_DrawGlyph    u8g2_font.o
    0x08004f68   0x08004f68   0x000000ac   Code   RO         7425    i.u8g2_DrawHVLine   u8g2_hvline.o
    0x08005014   0x08005014   0x00000010   Code   RO         5155    i.u8g2_DrawStr      u8g2_font.o
    0x08005024   0x08005024   0x00000030   Code   RO         7486    i.u8g2_IsIntersection  u8g2_intersection.o
    0x08005054   0x08005054   0x00000012   Code   RO         4953    i.u8g2_SendBuffer   u8g2_buffer.o
    0x08005066   0x08005066   0x00000020   Code   RO         5173    i.u8g2_SetFont      u8g2_font.o
    0x08005086   0x08005086   0x00000002   PAD
    0x08005088   0x08005088   0x0000000c   Code   RO         5176    i.u8g2_SetFontPosBaseline  u8g2_font.o
    0x08005094   0x08005094   0x0000001c   Code   RO         7674    i.u8g2_SetMaxClipWindow  u8g2_setup.o
    0x080050b0   0x080050b0   0x00000046   Code   RO         7675    i.u8g2_SetupBuffer  u8g2_setup.o
    0x080050f6   0x080050f6   0x00000002   PAD
    0x080050f8   0x080050f8   0x00000038   Code   RO         5139    i.u8g2_Setup_ssd1306_i2c_128x64_noname_f  u8g2_d_setup.o
    0x08005130   0x08005130   0x00000052   Code   RO         5183    i.u8g2_UpdateRefHeight  u8g2_font.o
    0x08005182   0x08005182   0x0000001c   Code   RO         5184    i.u8g2_add_vector_x  u8g2_font.o
    0x0800519e   0x0800519e   0x0000001c   Code   RO         5185    i.u8g2_add_vector_y  u8g2_font.o
    0x080051ba   0x080051ba   0x0000006e   Code   RO         7677    i.u8g2_apply_clip_window  u8g2_setup.o
    0x08005228   0x08005228   0x0000003c   Code   RO         7429    i.u8g2_clip_intersection2  u8g2_hvline.o
    0x08005264   0x08005264   0x00000012   Code   RO         7430    i.u8g2_draw_hv_line_2dir  u8g2_hvline.o
    0x08005276   0x08005276   0x0000000c   Code   RO         7679    i.u8g2_draw_l90_r0  u8g2_setup.o
    0x08005282   0x08005282   0x00000076   Code   RO         5186    i.u8g2_draw_string  u8g2_font.o
    0x080052f8   0x080052f8   0x00000004   Code   RO         5192    i.u8g2_font_calc_vref_font  u8g2_font.o
    0x080052fc   0x080052fc   0x00000014   Code   RO         5194    i.u8g2_font_decode_get_signed_bits  u8g2_font.o
    0x08005310   0x08005310   0x00000034   Code   RO         5195    i.u8g2_font_decode_get_unsigned_bits  u8g2_font.o
    0x08005344   0x08005344   0x00000114   Code   RO         5196    i.u8g2_font_decode_glyph  u8g2_font.o
    0x08005458   0x08005458   0x0000008c   Code   RO         5197    i.u8g2_font_decode_len  u8g2_font.o
    0x080054e4   0x080054e4   0x00000072   Code   RO         5198    i.u8g2_font_get_glyph_data  u8g2_font.o
    0x08005556   0x08005556   0x00000014   Code   RO         5199    i.u8g2_font_get_word  u8g2_font.o
    0x0800556a   0x0800556a   0x00000034   Code   RO         5200    i.u8g2_font_setup_decode  u8g2_font.o
    0x0800559e   0x0800559e   0x00000018   Code   RO         7487    i.u8g2_is_intersection_decision_tree  u8g2_intersection.o
    0x080055b6   0x080055b6   0x00000002   PAD
    0x080055b8   0x080055b8   0x00000090   Code   RO         7535    i.u8g2_ll_hvline_vertical_top_lsb  u8g2_ll_hvline.o
    0x08005648   0x08005648   0x0000000c   Code   RO         5126    i.u8g2_m_16_8_f     u8g2_d_memory.o
    0x08005654   0x08005654   0x0000006a   Code   RO         5201    i.u8g2_read_font_info  u8g2_font.o
    0x080056be   0x080056be   0x0000004e   Code   RO         4961    i.u8g2_send_buffer  u8g2_buffer.o
    0x0800570c   0x0800570c   0x00000046   Code   RO         7684    i.u8g2_update_dimension_common  u8g2_setup.o
    0x08005752   0x08005752   0x00000004   Code   RO         7685    i.u8g2_update_dimension_r0  u8g2_setup.o
    0x08005756   0x08005756   0x00000022   Code   RO         7689    i.u8g2_update_page_win_r0  u8g2_setup.o
    0x08005778   0x08005778   0x0000001e   Code   RO         8463    i.u8x8_DrawTile     u8x8_display.o
    0x08005796   0x08005796   0x00000010   Code   RO         8465    i.u8x8_InitDisplay  u8x8_display.o
    0x080057a6   0x080057a6   0x00000010   Code   RO         8467    i.u8x8_RefreshDisplay  u8x8_display.o
    0x080057b6   0x080057b6   0x00000010   Code   RO         8470    i.u8x8_SetPowerSave  u8x8_display.o
    0x080057c6   0x080057c6   0x00000022   Code   RO         8769    i.u8x8_Setup        u8x8_setup.o
    0x080057e8   0x080057e8   0x00000024   Code   RO         8770    i.u8x8_SetupDefaults  u8x8_setup.o
    0x0800580c   0x0800580c   0x00000010   Code   RO         8471    i.u8x8_SetupMemory  u8x8_display.o
    0x0800581c   0x0800581c   0x0000000e   Code   RO         7969    i.u8x8_ascii_next   u8x8_8x8.o
    0x0800582a   0x0800582a   0x00000010   Code   RO         8095    i.u8x8_byte_EndTransfer  u8x8_byte.o
    0x0800583a   0x0800583a   0x0000000e   Code   RO         8096    i.u8x8_byte_SendByte  u8x8_byte.o
    0x08005848   0x08005848   0x00000010   Code   RO         8099    i.u8x8_byte_StartTransfer  u8x8_byte.o
    0x08005858   0x08005858   0x00000070   Code   RO          282    i.u8x8_byte_hw_i2c  stm32_u8g2.o
    0x080058c8   0x080058c8   0x00000010   Code   RO         8215    i.u8x8_cad_EndTransfer  u8x8_cad.o
    0x080058d8   0x080058d8   0x00000010   Code   RO         8216    i.u8x8_cad_SendArg  u8x8_cad.o
    0x080058e8   0x080058e8   0x00000010   Code   RO         8217    i.u8x8_cad_SendCmd  u8x8_cad.o
    0x080058f8   0x080058f8   0x00000010   Code   RO         8218    i.u8x8_cad_SendData  u8x8_cad.o
    0x08005908   0x08005908   0x00000068   Code   RO         8220    i.u8x8_cad_SendSequence  u8x8_cad.o
    0x08005970   0x08005970   0x00000010   Code   RO         8221    i.u8x8_cad_StartTransfer  u8x8_cad.o
    0x08005980   0x08005980   0x000000bc   Code   RO         8224    i.u8x8_cad_ssd13xx_fast_i2c  u8x8_cad.o
    0x08005a3c   0x08005a3c   0x00000060   Code   RO         8472    i.u8x8_d_helper_display_init  u8x8_display.o
    0x08005a9c   0x08005a9c   0x0000000a   Code   RO         8473    i.u8x8_d_helper_display_setup_memory  u8x8_display.o
    0x08005aa6   0x08005aa6   0x00000002   PAD
    0x08005aa8   0x08005aa8   0x0000003c   Code   RO         8397    i.u8x8_d_ssd1306_128x64_noname  u8x8_d_ssd1306_128x64_noname.o
    0x08005ae4   0x08005ae4   0x000000c8   Code   RO         8399    i.u8x8_d_ssd1306_sh1106_generic  u8x8_d_ssd1306_128x64_noname.o
    0x08005bac   0x08005bac   0x00000004   Code   RO         8772    i.u8x8_dummy_cb     u8x8_setup.o
    0x08005bb0   0x08005bb0   0x0000006a   Code   RO          283    i.u8x8_gpio_and_delay  stm32_u8g2.o
    0x08005c1a   0x08005c1a   0x0000000c   Code   RO         8691    i.u8x8_gpio_call    u8x8_gpio.o
    0x08005c26   0x08005c26   0x0000002c   Code   RO         8232    i.u8x8_i2c_data_transfer  u8x8_cad.o
    0x08005c52   0x08005c52   0x00000008   Code   RO         7977    i.u8x8_utf8_init    u8x8_8x8.o
    0x08005c5a   0x08005c5a   0x00000002   PAD
    0x08005c5c   0x08005c5c   0x00000040   Code   RO          945    i.uart_dma_it_init  usart.o
    0x08005c9c   0x08005c9c   0x0000001d   Data   RO          349    .constdata          motor.o
    0x08005cb9   0x08005cb9   0x00000005   Data   RO          682    .constdata          main.o
    0x08005cbe   0x08005cbe   0x00000008   Data   RO         2133    .constdata          stm32f4xx_hal_dma.o
    0x08005cc6   0x08005cc6   0x00000010   Data   RO         4135    .constdata          system_stm32f4xx.o
    0x08005cd6   0x08005cd6   0x00000008   Data   RO         4136    .constdata          system_stm32f4xx.o
    0x08005cde   0x08005cde   0x00000d1e   Data   RO         6765    .constdata          u8g2_fonts.o
    0x080069fc   0x080069fc   0x00002454   Data   RO         6897    .constdata          u8g2_fonts.o
    0x08008e50   0x08008e50   0x0000000c   Data   RO         7693    .constdata          u8g2_setup.o
    0x08008e5c   0x08008e5c   0x00000158   Data   RO         8401    .constdata          u8x8_d_ssd1306_128x64_noname.o
    0x08008fb4   0x08008fb4   0x00000020   Data   RO        10055    Region$$Table       anon$$obj.o


    Execution Region RW_IRAM1 (Exec base: 0x20000000, Load base: 0x08008fd4, Size: 0x00001170, Max: 0x0001c000, ABSOLUTE)

    Exec Addr    Load Addr    Size         Type   Attr      Idx    E Section Name        Object

    0x20000000   0x08008fd4   0x00000001   Data   RW          285    .data               stm32_u8g2.o
    0x20000001   0x08008fd5   0x00000003   PAD
    0x20000004   0x08008fd8   0x00000004   Data   RW          590    .data               hc_sr04.o
    0x20000008   0x08008fdc   0x0000000c   Data   RW         2566    .data               stm32f4xx_hal.o
    0x20000014   0x08008fe8   0x00000004   Data   RW         4137    .data               system_stm32f4xx.o
    0x20000018   0x08008fec   0x00000006   Data   RW         8234    .data               u8x8_cad.o
    0x2000001e   0x08008ff2   0x00000002   PAD
    0x20000020   0x08008ff4   0x00000004   Data   RW         9638    .data               mc_w.l(stdout.o)
    0x20000024   0x08008ff8   0x00000004   Data   RW        10029    .data               mc_w.l(mvars.o)
    0x20000028   0x08008ffc   0x00000004   Data   RW        10030    .data               mc_w.l(mvars.o)
    0x2000002c        -       0x00000094   Zero   RW           30    .bss                oled_u8g2.o
    0x200000c0        -       0x00000080   Zero   RW          284    .bss                stm32_u8g2.o
    0x20000140        -       0x00000120   Zero   RW          348    .bss                motor.o
    0x20000260        -       0x00000054   Zero   RW          770    .bss                i2c.o
    0x200002b4        -       0x00000240   Zero   RW          826    .bss                tim.o
    0x200004f4        -       0x00000276   Zero   RW          947    .bss                usart.o
    0x2000076a        -       0x00000400   Zero   RW         5127    .bss                u8g2_d_memory.o
    0x20000b6a   0x08009000   0x00000006   PAD
    0x20000b70        -       0x00000200   Zero   RW            2    HEAP                startup_stm32f407xx.o
    0x20000d70        -       0x00000400   Zero   RW            1    STACK               startup_stm32f407xx.o


    Execution Region RW_IRAM2 (Exec base: 0x2001c000, Load base: 0x08009000, Size: 0x00000000, Max: 0x00004000, ABSOLUTE)

    **** No section assigned to this execution region ****


==============================================================================

Image component sizes


      Code (inc. data)   RO Data    RW Data    ZI Data      Debug   Object Name

        76         10          0          0          0       2081   buzzer.o
        92          4          0          0          0        774   dma.o
       320         22          0          0          0       1083   gpio.o
        32         12          0          4          0       1090   hc_sr04.o
       168         26          0          0         84       1629   i2c.o
       594         20          0          0          0       5505   kdr_com.o
       416         76          5          0          0       2384   main.o
         2          0          0          0          0        781   motion.o
      1888        170         29          0        288       7695   motor.o
         0          0          0          0          0     159534   mui_u8g2.o
       348         62          0          0        148     865007   oled_u8g2.o
        36          8        392          0       1536        824   startup_stm32f407xx.o
       270         28          0          1        128       2412   stm32_u8g2.o
       180         28          0         12          0       9313   stm32f4xx_hal.o
       198         14          0          0          0      33751   stm32f4xx_hal_cortex.o
      1084         16          8          0          0       7238   stm32f4xx_hal_dma.o
       522         46          0          0          0       2789   stm32f4xx_hal_gpio.o
      1398         32          0          0          0       9257   stm32f4xx_hal_i2c.o
        48          6          0          0          0        834   stm32f4xx_hal_msp.o
      1348         76          0          0          0       5168   stm32f4xx_hal_rcc.o
      1960        138          0          0          0      14895   stm32f4xx_hal_tim.o
       232         28          0          0          0       3245   stm32f4xx_hal_tim_ex.o
      2112         30          0          0          0      15275   stm32f4xx_hal_uart.o
       196         72          0          0          0       9708   stm32f4xx_it.o
        16          4         24          4          0       1091   system_stm32f4xx.o
      1628        148          0          0        576       9465   tim.o
       116          0          0          0          0       2411   u8g2_buffer.o
        12          4          0          0       1024        788   u8g2_d_memory.o
        56         14          0          0          0        997   u8g2_d_setup.o
      1212         10          0          0          0      13717   u8g2_font.o
         0          0      12658          0          0     145691   u8g2_fonts.o
       250          0          0          0          0       2391   u8g2_hvline.o
        72          0          0          0          0       1831   u8g2_intersection.o
       144          0          0          0          0       1322   u8g2_ll_hvline.o
       328          0         12          0          0     146963   u8g2_setup.o
        22          0          0          0          0       1765   u8x8_8x8.o
        46          0          0          0          0       1647   u8x8_byte.o
       416         12          0          6          0       8524   u8x8_cad.o
       260         12        344          0          0       2991   u8x8_d_ssd1306_128x64_noname.o
       200          0          0          0          0       4238   u8x8_display.o
        12          0          0          0          0        581   u8x8_gpio.o
        74          4          0          0          0       1726   u8x8_setup.o
       938        100          0          0        630       6515   usart.o

    ----------------------------------------------------------------------
     19360       1232      13504         32       4420    1516926   Object Totals
         0          0         32          0          0          0   (incl. Generated)
        38          0          0          5          6          0   (incl. Padding)

    ----------------------------------------------------------------------

      Code (inc. data)   RO Data    RW Data    ZI Data      Debug   Library Member Name

         0          0          0          0          0          0   entry.o
         0          0          0          0          0          0   entry10a.o
         0          0          0          0          0          0   entry11a.o
         4          0          0          0          0          0   entry12b.o
         8          4          0          0          0          0   entry2.o
         4          0          0          0          0          0   entry5.o
         0          0          0          0          0          0   entry7b.o
         0          0          0          0          0          0   entry8b.o
         8          4          0          0          0          0   entry9a.o
        30          0          0          0          0          0   handlers.o
        36          8          0          0          0         68   init.o
         0          0          0          0          0          0   iusefp.o
        30          0          0          0          0         68   llshl.o
        36          0          0          0          0         68   llsshr.o
        32          0          0          0          0         68   llushr.o
       188         20          0          0          0        160   malloc.o
        36          0          0          0          0        108   memseta.o
         0          0          0          8          0          0   mvars.o
      2296        102          0          0          0        700   printfa.o
         0          0          0          4          0          0   stdout.o
        44          0          0          0          0         80   uidiv.o
        98          0          0          0          0         92   uldiv.o
        48          0          0          0          0         68   cdrcmple.o
       334          0          0          0          0        148   dadd.o
       222          0          0          0          0        100   ddiv.o
       186          0          0          0          0        176   depilogue.o
        48          0          0          0          0         68   dfixul.o
       228          0          0          0          0         96   dmul.o
        38          0          0          0          0         68   f2d.o

    ----------------------------------------------------------------------
      3956        138          0         12          0       2136   Library Totals
         2          0          0          0          0          0   (incl. Padding)

    ----------------------------------------------------------------------

      Code (inc. data)   RO Data    RW Data    ZI Data      Debug   Library Name

      2850        138          0         12          0       1412   mc_w.l
      1104          0          0          0          0        724   mf_w.l

    ----------------------------------------------------------------------
      3956        138          0         12          0       2136   Library Totals

    ----------------------------------------------------------------------

==============================================================================


      Code (inc. data)   RO Data    RW Data    ZI Data      Debug   

     23316       1370      13504         44       4420    1497874   Grand Totals
     23316       1370      13504         44       4420    1497874   ELF Image Totals
     23316       1370      13504         44          0          0   ROM Totals

==============================================================================

    Total RO  Size (Code + RO Data)                36820 (  35.96kB)
    Total RW  Size (RW Data + ZI Data)              4464 (   4.36kB)
    Total ROM Size (Code + RO Data + RW Data)      36864 (  36.00kB)

==============================================================================

