Component: ARM Compiler 5.06 update 7 (build 960) Tool: armlink [4d3601]

==============================================================================

Section Cross References

    startup_stm32f407xx.o(RESET) refers to startup_stm32f407xx.o(STACK) for __initial_sp
    startup_stm32f407xx.o(RESET) refers to startup_stm32f407xx.o(.text) for Reset_Handler
    startup_stm32f407xx.o(RESET) refers to stm32f4xx_it.o(i.NMI_Handler) for NMI_Handler
    startup_stm32f407xx.o(RESET) refers to stm32f4xx_it.o(i.HardFault_Handler) for HardFault_Handler
    startup_stm32f407xx.o(RESET) refers to stm32f4xx_it.o(i.MemManage_Handler) for MemManage_Handler
    startup_stm32f407xx.o(RESET) refers to stm32f4xx_it.o(i.BusFault_Handler) for BusFault_Handler
    startup_stm32f407xx.o(RESET) refers to stm32f4xx_it.o(i.UsageFault_Handler) for UsageFault_Handler
    startup_stm32f407xx.o(RESET) refers to stm32f4xx_it.o(i.SVC_Handler) for SVC_Handler
    startup_stm32f407xx.o(RESET) refers to stm32f4xx_it.o(i.DebugMon_Handler) for DebugMon_Handler
    startup_stm32f407xx.o(RESET) refers to stm32f4xx_it.o(i.PendSV_Handler) for PendSV_Handler
    startup_stm32f407xx.o(RESET) refers to stm32f4xx_it.o(i.SysTick_Handler) for SysTick_Handler
    startup_stm32f407xx.o(RESET) refers to stm32f4xx_it.o(i.DMA1_Stream1_IRQHandler) for DMA1_Stream1_IRQHandler
    startup_stm32f407xx.o(RESET) refers to stm32f4xx_it.o(i.DMA1_Stream3_IRQHandler) for DMA1_Stream3_IRQHandler
    startup_stm32f407xx.o(RESET) refers to stm32f4xx_it.o(i.DMA1_Stream5_IRQHandler) for DMA1_Stream5_IRQHandler
    startup_stm32f407xx.o(RESET) refers to stm32f4xx_it.o(i.DMA1_Stream6_IRQHandler) for DMA1_Stream6_IRQHandler
    startup_stm32f407xx.o(RESET) refers to stm32f4xx_it.o(i.TIM1_UP_TIM10_IRQHandler) for TIM1_UP_TIM10_IRQHandler
    startup_stm32f407xx.o(RESET) refers to stm32f4xx_it.o(i.TIM2_IRQHandler) for TIM2_IRQHandler
    startup_stm32f407xx.o(RESET) refers to stm32f4xx_it.o(i.TIM3_IRQHandler) for TIM3_IRQHandler
    startup_stm32f407xx.o(RESET) refers to stm32f4xx_it.o(i.USART2_IRQHandler) for USART2_IRQHandler
    startup_stm32f407xx.o(RESET) refers to stm32f4xx_it.o(i.USART3_IRQHandler) for USART3_IRQHandler
    startup_stm32f407xx.o(RESET) refers to stm32f4xx_it.o(i.TIM8_UP_TIM13_IRQHandler) for TIM8_UP_TIM13_IRQHandler
    startup_stm32f407xx.o(RESET) refers to stm32f4xx_it.o(i.TIM5_IRQHandler) for TIM5_IRQHandler
    startup_stm32f407xx.o(RESET) refers to stm32f4xx_it.o(i.TIM7_IRQHandler) for TIM7_IRQHandler
    startup_stm32f407xx.o(.text) refers to system_stm32f4xx.o(i.SystemInit) for SystemInit
    startup_stm32f407xx.o(.text) refers to entry.o(.ARM.Collect$$$$00000000) for __main
    oled_u8g2.o(i.OLED_U8G2_draw_buf) refers to u8g2_buffer.o(i.u8g2_ClearBuffer) for u8g2_ClearBuffer
    oled_u8g2.o(i.OLED_U8G2_draw_buf) refers to malloc.o(i.malloc) for malloc
    oled_u8g2.o(i.OLED_U8G2_draw_buf) refers to memcpya.o(.text) for __aeabi_memcpy
    oled_u8g2.o(i.OLED_U8G2_draw_buf) refers to u8g2_font.o(i.u8g2_SetFont) for u8g2_SetFont
    oled_u8g2.o(i.OLED_U8G2_draw_buf) refers to memseta.o(.text) for __aeabi_memclr4
    oled_u8g2.o(i.OLED_U8G2_draw_buf) refers to printfa.o(i.__0sprintf) for __2sprintf
    oled_u8g2.o(i.OLED_U8G2_draw_buf) refers to u8g2_font.o(i.u8g2_DrawStr) for u8g2_DrawStr
    oled_u8g2.o(i.OLED_U8G2_draw_buf) refers to u8g2_buffer.o(i.u8g2_SendBuffer) for u8g2_SendBuffer
    oled_u8g2.o(i.OLED_U8G2_draw_buf) refers to malloc.o(i.free) for free
    oled_u8g2.o(i.OLED_U8G2_draw_buf) refers to oled_u8g2.o(.bss) for .bss
    oled_u8g2.o(i.OLED_U8G2_draw_buf) refers to u8g2_fonts.o(.constdata) for u8g2_font_ncenB10_tf
    oled_u8g2.o(i.OLED_U8G2_draw_hc_sr04) refers to u8g2_buffer.o(i.u8g2_ClearBuffer) for u8g2_ClearBuffer
    oled_u8g2.o(i.OLED_U8G2_draw_hc_sr04) refers to memseta.o(.text) for __aeabi_memclr4
    oled_u8g2.o(i.OLED_U8G2_draw_hc_sr04) refers to u8g2_font.o(i.u8g2_SetFont) for u8g2_SetFont
    oled_u8g2.o(i.OLED_U8G2_draw_hc_sr04) refers to u8g2_font.o(i.u8g2_DrawStr) for u8g2_DrawStr
    oled_u8g2.o(i.OLED_U8G2_draw_hc_sr04) refers to printfa.o(i.__0sprintf) for __2sprintf
    oled_u8g2.o(i.OLED_U8G2_draw_hc_sr04) refers to u8g2_buffer.o(i.u8g2_SendBuffer) for u8g2_SendBuffer
    oled_u8g2.o(i.OLED_U8G2_draw_hc_sr04) refers to oled_u8g2.o(.bss) for .bss
    oled_u8g2.o(i.OLED_U8G2_draw_hc_sr04) refers to u8g2_fonts.o(.constdata) for u8g2_font_ncenB12_tf
    oled_u8g2.o(i.OLED_U8G2_draw_hex) refers to u8g2_buffer.o(i.u8g2_ClearBuffer) for u8g2_ClearBuffer
    oled_u8g2.o(i.OLED_U8G2_draw_hex) refers to u8g2_font.o(i.u8g2_SetFont) for u8g2_SetFont
    oled_u8g2.o(i.OLED_U8G2_draw_hex) refers to memseta.o(.text) for __aeabi_memclr4
    oled_u8g2.o(i.OLED_U8G2_draw_hex) refers to printfa.o(i.__0sprintf) for __2sprintf
    oled_u8g2.o(i.OLED_U8G2_draw_hex) refers to u8g2_font.o(i.u8g2_DrawStr) for u8g2_DrawStr
    oled_u8g2.o(i.OLED_U8G2_draw_hex) refers to u8g2_hvline.o(i.u8g2_DrawHLine) for u8g2_DrawHLine
[...]
    u8x8_d_ssd1306_128x64_noname_powersave0_seq 0x08009cf8   Data           5  u8x8_d_ssd1306_128x64_noname.o(.constdata)
    u8x8_d_ssd1306_128x64_noname_powersave1_seq 0x08009cfd   Data           5  u8x8_d_ssd1306_128x64_noname.o(.constdata)
    u8x8_d_ssd1306_128x64_noname_flip0_seq   0x08009d02   Data           7  u8x8_d_ssd1306_128x64_noname.o(.constdata)
    u8x8_d_ssd1306_128x64_noname_flip1_seq   0x08009d09   Data           7  u8x8_d_ssd1306_128x64_noname.o(.constdata)
    u8x8_d_ssd1312_128x64_noname_flip0_seq   0x08009d10   Data           7  u8x8_d_ssd1306_128x64_noname.o(.constdata)
    u8x8_d_ssd1312_128x64_noname_flip1_seq   0x08009d17   Data           7  u8x8_d_ssd1306_128x64_noname.o(.constdata)
    u8x8_d_ssd1306_128x64_noname_init_seq    0x08009d1e   Data          53  u8x8_d_ssd1306_128x64_noname.o(.constdata)
    u8x8_d_ssd1306_128x64_vcomh0_init_seq    0x08009d53   Data          53  u8x8_d_ssd1306_128x64_noname.o(.constdata)
    u8x8_d_ssd1306_128x64_alt0_init_seq      0x08009d88   Data          53  u8x8_d_ssd1306_128x64_noname.o(.constdata)
    u8x8_d_sh1106_128x64_winstar_init_seq    0x08009dbd   Data          45  u8x8_d_ssd1306_128x64_noname.o(.constdata)
    u8x8_d_ssd1312_128x64_noname_init_seq    0x08009dea   Data          53  u8x8_d_ssd1306_128x64_noname.o(.constdata)
    u8x8_ssd1306_128x64_noname_display_info  0x08009e20   Data          24  u8x8_d_ssd1306_128x64_noname.o(.constdata)
    u8x8_sh1106_128x64_noname_display_info   0x08009e38   Data          24  u8x8_d_ssd1306_128x64_noname.o(.constdata)
    .data                                    0x20000000   Section        1  stm32_u8g2.o(.data)
    buf_idx                                  0x20000000   Data           1  stm32_u8g2.o(.data)
    .data                                    0x20000002   Section        4  motion.o(.data)
    .data                                    0x20000008   Section        4  hc_sr04.o(.data)
    .data                                    0x2000000c   Section        1  usart.o(.data)
    .data                                    0x20000010   Section       12  stm32f4xx_hal.o(.data)
    .data                                    0x2000001c   Section        4  system_stm32f4xx.o(.data)
    .data                                    0x20000020   Section        6  u8x8_cad.o(.data)
    in_transfer                              0x20000020   Data           1  u8x8_cad.o(.data)
    in_transfer                              0x20000021   Data           1  u8x8_cad.o(.data)
    in_transfer                              0x20000022   Data           1  u8x8_cad.o(.data)
    is_data                                  0x20000023   Data           1  u8x8_cad.o(.data)
    in_transfer                              0x20000024   Data           1  u8x8_cad.o(.data)
    is_data                                  0x20000025   Data           1  u8x8_cad.o(.data)
    .data                                    0x20000028   Section        4  stdout.o(.data)
    .data                                    0x2000002c   Section        4  mvars.o(.data)
    .data                                    0x20000030   Section        4  mvars.o(.data)
    .bss                                     0x20000034   Section      148  oled_u8g2.o(.bss)
    my_u8g2                                  0x20000034   Data         148  oled_u8g2.o(.bss)
    .bss                                     0x200000c8   Section      128  stm32_u8g2.o(.bss)
    buffer                                   0x200000c8   Data         128  stm32_u8g2.o(.bss)
    .bss                                     0x20000148   Section      288  motor.o(.bss)
    .bss                                     0x20000268   Section       84  i2c.o(.bss)
    .bss                                     0x200002bc   Section       88  spi.o(.bss)
    .bss                                     0x20000314   Section      576  tim.o(.bss)
    .bss                                     0x20000554   Section      620  usart.o(.bss)
    .bss                                     0x200007c0   Section     1024  u8g2_d_memory.o(.bss)
    buf                                      0x200007c0   Data        1024  u8g2_d_memory.o(.bss)
    HEAP                                     0x20000bc0   Section      512  startup_stm32f407xx.o(HEAP)
    STACK                                    0x20000dc0   Section     1024  startup_stm32f407xx.o(STACK)

    Global Symbols

    Symbol Name                              Value     Ov Type        Size  Object(Section)

    BuildAttributes$$THM_ISAv4$E$P$D$K$B$S$7EM$VFPi3$EXTD16$VFPS$VFMA$PE$A:L22UL41UL21$X:L11$S22US41US21$IEEE1$IW$USESV6$~STKCKD$USESV7$~SHL$OTIME$ROPI$IEEEX$EBA8$MICROLIB$REQ8$PRES8$EABIv2 0x00000000   Number         0  anon$$obj.o ABSOLUTE
    __ARM_use_no_argv                        0x00000000   Number         0  main.o ABSOLUTE
    _printf_a                                0x00000000   Number         0  stubs.o ABSOLUTE
    _printf_c                                0x00000000   Number         0  stubs.o ABSOLUTE
    _printf_charcount                        0x00000000   Number         0  stubs.o ABSOLUTE
    _printf_d                                0x00000000   Number         0  stubs.o ABSOLUTE
    _printf_e                                0x00000000   Number         0  stubs.o ABSOLUTE
    _printf_f                                0x00000000   Number         0  stubs.o ABSOLUTE
    _printf_flags                            0x00000000   Number         0  stubs.o ABSOLUTE
    _printf_fp_dec                           0x00000000   Number         0  stubs.o ABSOLUTE
    _printf_fp_hex                           0x00000000   Number         0  stubs.o ABSOLUTE
    _printf_g                                0x00000000   Number         0  stubs.o ABSOLUTE
    _printf_i                                0x00000000   Number         0  stubs.o ABSOLUTE
    _printf_int_dec                          0x00000000   Number         0  stubs.o ABSOLUTE
    _printf_l                                0x00000000   Number         0  stubs.o ABSOLUTE
    _printf_lc                               0x00000000   Number         0  stubs.o ABSOLUTE
    _printf_ll                               0x00000000   Number         0  stubs.o ABSOLUTE
    _printf_lld                              0x00000000   Number         0  stubs.o ABSOLUTE
    _printf_lli                              0x00000000   Number         0  stubs.o ABSOLUTE
    _printf_llo                              0x00000000   Number         0  stubs.o ABSOLUTE
    _printf_llu                              0x00000000   Number         0  stubs.o ABSOLUTE
    _printf_llx                              0x00000000   Number         0  stubs.o ABSOLUTE
    _printf_longlong_dec                     0x00000000   Number         0  stubs.o ABSOLUTE
    _printf_longlong_hex                     0x00000000   Number         0  stubs.o ABSOLUTE
    _printf_longlong_oct                     0x00000000   Number         0  stubs.o ABSOLUTE
    _printf_ls                               0x00000000   Number         0  stubs.o ABSOLUTE
    _printf_mbtowc                           0x00000000   Number         0  stubs.o ABSOLUTE
    _printf_n                                0x00000000   Number         0  stubs.o ABSOLUTE
    _printf_o                                0x00000000   Number         0  stubs.o ABSOLUTE
    _printf_p                                0x00000000   Number         0  stubs.o ABSOLUTE
    _printf_percent                          0x00000000   Number         0  stubs.o ABSOLUTE
    _printf_pre_padding                      0x00000000   Number         0  stubs.o ABSOLUTE
    _printf_return_value                     0x00000000   Number         0  stubs.o ABSOLUTE
    _printf_s                                0x00000000   Number         0  stubs.o ABSOLUTE
    _printf_sizespec                         0x00000000   Number         0  stubs.o ABSOLUTE
    _printf_str                              0x00000000   Number         0  stubs.o ABSOLUTE
    _printf_truncate_signed                  0x00000000   Number         0  stubs.o ABSOLUTE
    _printf_truncate_unsigned                0x00000000   Number         0  stubs.o ABSOLUTE
    _printf_u                                0x00000000   Number         0  stubs.o ABSOLUTE
    _printf_wc                               0x00000000   Number         0  stubs.o ABSOLUTE
    _printf_wctomb                           0x00000000   Number         0  stubs.o ABSOLUTE
    _printf_widthprec                        0x00000000   Number         0  stubs.o ABSOLUTE
    _printf_x                                0x00000000   Number         0  stubs.o ABSOLUTE
    __arm_fini_                               - Undefined Weak Reference
    __cpp_initialize__aeabi_                  - Undefined Weak Reference
    __cxa_finalize                            - Undefined Weak Reference
    __decompress                              - Undefined Weak Reference
    _clock_init                               - Undefined Weak Reference
    _microlib_exit                            - Undefined Weak Reference
    __Vectors_Size                           0x00000188   Number         0  startup_stm32f407xx.o ABSOLUTE
    __Vectors                                0x08000000   Data           4  startup_stm32f407xx.o(RESET)
    __Vectors_End                            0x08000188   Data           0  startup_stm32f407xx.o(RESET)
    __main                                   0x08000189   Thumb Code     0  entry.o(.ARM.Collect$$$$00000000)
    _main_stk                                0x08000189   Thumb Code     0  entry2.o(.ARM.Collect$$$$00000001)
    _main_scatterload                        0x0800018d   Thumb Code     0  entry5.o(.ARM.Collect$$$$00000004)
    __main_after_scatterload                 0x08000191   Thumb Code     0  entry5.o(.ARM.Collect$$$$00000004)
    _main_clock                              0x08000191   Thumb Code     0  entry7b.o(.ARM.Collect$$$$00000008)
    _main_cpp_init                           0x08000191   Thumb Code     0  entry8b.o(.ARM.Collect$$$$0000000A)
    _main_init                               0x08000191   Thumb Code     0  entry9a.o(.ARM.Collect$$$$0000000B)
    __rt_lib_shutdown_fini                   0x08000199   Thumb Code     0  entry12b.o(.ARM.Collect$$$$0000000E)
    __rt_final_cpp                           0x0800019d   Thumb Code     0  entry10a.o(.ARM.Collect$$$$0000000F)
    __rt_final_exit                          0x0800019d   Thumb Code     0  entry11a.o(.ARM.Collect$$$$00000011)
    Reset_Handler                            0x080001a1   Thumb Code     8  startup_stm32f407xx.o(.text)
    ADC_IRQHandler                           0x080001bb   Thumb Code     0  startup_stm32f407xx.o(.text)
    CAN1_RX0_IRQHandler                      0x080001bb   Thumb Code     0  startup_stm32f407xx.o(.text)
    CAN1_RX1_IRQHandler                      0x080001bb   Thumb Code     0  startup_stm32f407xx.o(.text)
    CAN1_SCE_IRQHandler                      0x080001bb   Thumb Code     0  startup_stm32f407xx.o(.text)
    CAN1_TX_IRQHandler                       0x080001bb   Thumb Code     0  startup_stm32f407xx.o(.text)
    CAN2_RX0_IRQHandler                      0x080001bb   Thumb Code     0  startup_stm32f407xx.o(.text)
    CAN2_RX1_IRQHandler                      0x080001bb   Thumb Code     0  startup_stm32f407xx.o(.text)
    CAN2_SCE_IRQHandler                      0x080001bb   Thumb Code     0  startup_stm32f407xx.o(.text)
    CAN2_TX_IRQHandler                       0x080001bb   Thumb Code     0  startup_stm32f407xx.o(.text)
    DCMI_IRQHandler                          0x080001bb   Thumb Code     0  startup_stm32f407xx.o(.text)
    DMA1_Stream0_IRQHandler                  0x080001bb   Thumb Code     0  startup_stm32f407xx.o(.text)
    DMA1_Stream2_IRQHandler                  0x080001bb   Thumb Code     0  startup_stm32f407xx.o(.text)
    DMA1_Stream4_IRQHandler                  0x080001bb   Thumb Code     0  startup_stm32f407xx.o(.text)
    DMA1_Stream7_IRQHandler                  0x080001bb   Thumb Code     0  startup_stm32f407xx.o(.text)
    DMA2_Stream0_IRQHandler                  0x080001bb   Thumb Code     0  startup_stm32f407xx.o(.text)
    DMA2_Stream1_IRQHandler                  0x080001bb   Thumb Code     0  startup_stm32f407xx.o(.text)
    DMA2_Stream2_IRQHandler                  0x080001bb   Thumb Code     0  startup_stm32f407xx.o(.text)
    DMA2_Stream3_IRQHandler                  0x080001bb   Thumb Code     0  startup_stm32f407xx.o(.text)
    DMA2_Stream4_IRQHandler                  0x080001bb   Thumb Code     0  startup_stm32f407xx.o(.text)
    DMA2_Stream5_IRQHandler                  0x080001bb   Thumb Code     0  startup_stm32f407xx.o(.text)
    DMA2_Stream6_IRQHandler                  0x080001bb   Thumb Code     0  startup_stm32f407xx.o(.text)
    DMA2_Stream7_IRQHandler                  0x080001bb   Thumb Code     0  startup_stm32f407xx.o(.text)
    ETH_IRQHandler                           0x080001bb   Thumb Code     0  startup_stm32f407xx.o(.text)
    ETH_WKUP_IRQHandler                      0x080001bb   Thumb Code     0  startup_stm32f407xx.o(.text)
    EXTI0_IRQHandler                         0x080001bb   Thumb Code     0  startup_stm32f407xx.o(.text)
    EXTI15_10_IRQHandler                     0x080001bb   Thumb Code     0  startup_stm32f407xx.o(.text)
    EXTI1_IRQHandler                         0x080001bb   Thumb Code     0  startup_stm32f407xx.o(.text)
    EXTI2_IRQHandler                         0x080001bb   Thumb Code     0  startup_stm32f407xx.o(.text)
    EXTI3_IRQHandler                         0x080001bb   Thumb Code     0  startup_stm32f407xx.o(.text)
    EXTI4_IRQHandler                         0x080001bb   Thumb Code     0  startup_stm32f407xx.o(.text)
    EXTI9_5_IRQHandler                       0x080001bb   Thumb Code     0  startup_stm32f407xx.o(.text)
    FLASH_IRQHandler                         0x080001bb   Thumb Code     0  startup_stm32f407xx.o(.text)
    FMC_IRQHandler                           0x080001bb   Thumb Code     0  startup_stm32f407xx.o(.text)
    FPU_IRQHandler                           0x080001bb   Thumb Code     0  startup_stm32f407xx.o(.text)
    HASH_RNG_IRQHandler                      0x080001bb   Thumb Code     0  startup_stm32f407xx.o(.text)
    I2C1_ER_IRQHandler                       0x080001bb   Thumb Code     0  startup_stm32f407xx.o(.text)
    I2C1_EV_IRQHandler                       0x080001bb   Thumb Code     0  startup_stm32f407xx.o(.text)
    I2C2_ER_IRQHandler                       0x080001bb   Thumb Code     0  startup_stm32f407xx.o(.text)
    I2C2_EV_IRQHandler                       0x080001bb   Thumb Code     0  startup_stm32f407xx.o(.text)
    I2C3_ER_IRQHandler                       0x080001bb   Thumb Code     0  startup_stm32f407xx.o(.text)
    I2C3_EV_IRQHandler                       0x080001bb   Thumb Code     0  startup_stm32f407xx.o(.text)
    OTG_FS_IRQHandler                        0x080001bb   Thumb Code     0  startup_stm32f407xx.o(.text)
    OTG_FS_WKUP_IRQHandler                   0x080001bb   Thumb Code     0  startup_stm32f407xx.o(.text)
    OTG_HS_EP1_IN_IRQHandler                 0x080001bb   Thumb Code     0  startup_stm32f407xx.o(.text)
    OTG_HS_EP1_OUT_IRQHandler                0x080001bb   Thumb Code     0  startup_stm32f407xx.o(.text)
    OTG_HS_IRQHandler                        0x080001bb   Thumb Code     0  startup_stm32f407xx.o(.text)
    OTG_HS_WKUP_IRQHandler                   0x080001bb   Thumb Code     0  startup_stm32f407xx.o(.text)
    PVD_IRQHandler                           0x080001bb   Thumb Code     0  startup_stm32f407xx.o(.text)
    RCC_IRQHandler                           0x080001bb   Thumb Code     0  startup_stm32f407xx.o(.text)
    RTC_Alarm_IRQHandler                     0x080001bb   Thumb Code     0  startup_stm32f407xx.o(.text)
    RTC_WKUP_IRQHandler                      0x080001bb   Thumb Code     0  startup_stm32f407xx.o(.text)
    SDIO_IRQHandler                          0x080001bb   Thumb Code     0  startup_stm32f407xx.o(.text)
    SPI1_IRQHandler                          0x080001bb   Thumb Code     0  startup_stm32f407xx.o(.text)
    SPI2_IRQHandler                          0x080001bb   Thumb Code     0  startup_stm32f407xx.o(.text)
    SPI3_IRQHandler                          0x080001bb   Thumb Code     0  startup_stm32f407xx.o(.text)
    TAMP_STAMP_IRQHandler                    0x080001bb   Thumb Code     0  startup_stm32f407xx.o(.text)
    TIM1_BRK_TIM9_IRQHandler                 0x080001bb   Thumb Code     0  startup_stm32f407xx.o(.text)
    TIM1_CC_IRQHandler                       0x080001bb   Thumb Code     0  startup_stm32f407xx.o(.text)
    TIM1_TRG_COM_TIM11_IRQHandler            0x080001bb   Thumb Code     0  startup_stm32f407xx.o(.text)
    TIM4_IRQHandler                          0x080001bb   Thumb Code     0  startup_stm32f407xx.o(.text)
    TIM6_DAC_IRQHandler                      0x080001bb   Thumb Code     0  startup_stm32f407xx.o(.text)
    TIM8_BRK_TIM12_IRQHandler                0x080001bb   Thumb Code     0  startup_stm32f407xx.o(.text)
    TIM8_CC_IRQHandler                       0x080001bb   Thumb Code     0  startup_stm32f407xx.o(.text)
    TIM8_TRG_COM_TIM14_IRQHandler            0x080001bb   Thumb Code     0  startup_stm32f407xx.o(.text)
    UART4_IRQHandler                         0x080001bb   Thumb Code     0  startup_stm32f407xx.o(.text)
    UART5_IRQHandler                         0x080001bb   Thumb Code     0  startup_stm32f407xx.o(.text)
    USART1_IRQHandler                        0x080001bb   Thumb Code     0  startup_stm32f407xx.o(.text)
    USART6_IRQHandler                        0x080001bb   Thumb Code     0  startup_stm32f407xx.o(.text)
    WWDG_IRQHandler                          0x080001bb   Thumb Code     0  startup_stm32f407xx.o(.text)
    __aeabi_uldivmod                         0x080001c5   Thumb Code    98  uldiv.o(.text)
    __aeabi_memcpy                           0x08000227   Thumb Code    36  memcpya.o(.text)
    __aeabi_memcpy4                          0x08000227   Thumb Code     0  memcpya.o(.text)
    __aeabi_memcpy8                          0x08000227   Thumb Code     0  memcpya.o(.text)
    __aeabi_memset                           0x0800024b   Thumb Code    14  memseta.o(.text)
    __aeabi_memset4                          0x0800024b   Thumb Code     0  memseta.o(.text)
    __aeabi_memset8                          0x0800024b   Thumb Code     0  memseta.o(.text)
    __aeabi_memclr                           0x08000259   Thumb Code     4  memseta.o(.text)
    __aeabi_memclr4                          0x08000259   Thumb Code     0  memseta.o(.text)
    __aeabi_memclr8                          0x08000259   Thumb Code     0  memseta.o(.text)
    _memset$wrapper                          0x0800025d   Thumb Code    18  memseta.o(.text)
    __aeabi_dadd                             0x0800026f   Thumb Code   322  dadd.o(.text)
    __aeabi_dsub                             0x080003b1   Thumb Code     6  dadd.o(.text)
    __aeabi_drsub                            0x080003b7   Thumb Code     6  dadd.o(.text)
    __aeabi_dmul                             0x080003bd   Thumb Code   228  dmul.o(.text)
    __aeabi_ddiv                             0x080004a1   Thumb Code   222  ddiv.o(.text)
    __aeabi_uidiv                            0x0800057f   Thumb Code     0  uidiv.o(.text)
    __aeabi_uidivmod                         0x0800057f   Thumb Code    44  uidiv.o(.text)
    __aeabi_llsl                             0x080005ab   Thumb Code    30  llshl.o(.text)
    _ll_shift_l                              0x080005ab   Thumb Code     0  llshl.o(.text)
    __aeabi_llsr                             0x080005c9   Thumb Code    32  llushr.o(.text)
    _ll_ushift_r                             0x080005c9   Thumb Code     0  llushr.o(.text)
    __aeabi_lasr                             0x080005e9   Thumb Code    36  llsshr.o(.text)
    _ll_sshift_r                             0x080005e9   Thumb Code     0  llsshr.o(.text)
    __I$use$fp                               0x0800060d   Thumb Code     0  iusefp.o(.text)
    _double_round                            0x0800060d   Thumb Code    30  depilogue.o(.text)
    _double_epilogue                         0x0800062b   Thumb Code   156  depilogue.o(.text)
    __aeabi_d2ulz                            0x080006c7   Thumb Code    48  dfixul.o(.text)
    __aeabi_cdrcmple                         0x080006f9   Thumb Code    48  cdrcmple.o(.text)
    __scatterload                            0x08000729   Thumb Code    28  init.o(.text)
    __scatterload_rt2                        0x08000729   Thumb Code     0  init.o(.text)
    BUZZER_beep_long_off                     0x0800074d   Thumb Code    12  buzzer.o(i.BUZZER_beep_long_off)
    BUZZER_init                              0x0800075d   Thumb Code     4  buzzer.o(i.BUZZER_init)
    BusFault_Handler                         0x08000761   Thumb Code     2  stm32f4xx_it.o(i.BusFault_Handler)
    DMA1_Stream1_IRQHandler                  0x08000765   Thumb Code     6  stm32f4xx_it.o(i.DMA1_Stream1_IRQHandler)
    DMA1_Stream3_IRQHandler                  0x08000771   Thumb Code     6  stm32f4xx_it.o(i.DMA1_Stream3_IRQHandler)
    DMA1_Stream5_IRQHandler                  0x0800077d   Thumb Code     6  stm32f4xx_it.o(i.DMA1_Stream5_IRQHandler)
    DMA1_Stream6_IRQHandler                  0x08000789   Thumb Code     6  stm32f4xx_it.o(i.DMA1_Stream6_IRQHandler)
    DebugMon_Handler                         0x08000839   Thumb Code     2  stm32f4xx_it.o(i.DebugMon_Handler)
    Error_Handler                            0x0800083b   Thumb Code     4  main.o(i.Error_Handler)
    HAL_DMA_Abort                            0x0800083f   Thumb Code   146  stm32f4xx_hal_dma.o(i.HAL_DMA_Abort)
    HAL_DMA_Abort_IT                         0x080008d1   Thumb Code    36  stm32f4xx_hal_dma.o(i.HAL_DMA_Abort_IT)
    HAL_DMA_IRQHandler                       0x080008f5   Thumb Code   412  stm32f4xx_hal_dma.o(i.HAL_DMA_IRQHandler)
    HAL_DMA_Init                             0x08000a95   Thumb Code   206  stm32f4xx_hal_dma.o(i.HAL_DMA_Init)
    HAL_DMA_Start_IT                         0x08000b69   Thumb Code   110  stm32f4xx_hal_dma.o(i.HAL_DMA_Start_IT)
    HAL_Delay                                0x08000bd9   Thumb Code    32  stm32f4xx_hal.o(i.HAL_Delay)
    HAL_GPIO_Init                            0x08000bfd   Thumb Code   450  stm32f4xx_hal_gpio.o(i.HAL_GPIO_Init)
    HAL_GPIO_TogglePin                       0x08000ded   Thumb Code    16  stm32f4xx_hal_gpio.o(i.HAL_GPIO_TogglePin)
    HAL_GPIO_WritePin                        0x08000dfd   Thumb Code    10  stm32f4xx_hal_gpio.o(i.HAL_GPIO_WritePin)
    HAL_GetTick                              0x08000e09   Thumb Code     6  stm32f4xx_hal.o(i.HAL_GetTick)
    HAL_I2C_Init                             0x08000e15   Thumb Code   376  stm32f4xx_hal_i2c.o(i.HAL_I2C_Init)
    HAL_I2C_Master_Transmit                  0x08000f9d   Thumb Code   290  stm32f4xx_hal_i2c.o(i.HAL_I2C_Master_Transmit)
    HAL_I2C_MspInit                          0x080010c9   Thumb Code    92  i2c.o(i.HAL_I2C_MspInit)
    HAL_IncTick                              0x08001131   Thumb Code    12  stm32f4xx_hal.o(i.HAL_IncTick)
    HAL_Init                                 0x08001141   Thumb Code    48  stm32f4xx_hal.o(i.HAL_Init)
    HAL_InitTick                             0x08001175   Thumb Code    54  stm32f4xx_hal.o(i.HAL_InitTick)
    HAL_MspInit                              0x080011b5   Thumb Code    42  stm32f4xx_hal_msp.o(i.HAL_MspInit)
    HAL_NVIC_EnableIRQ                       0x080011e5   Thumb Code    26  stm32f4xx_hal_cortex.o(i.HAL_NVIC_EnableIRQ)
    HAL_NVIC_SetPriority                     0x08001201   Thumb Code    60  stm32f4xx_hal_cortex.o(i.HAL_NVIC_SetPriority)
    HAL_NVIC_SetPriorityGrouping             0x08001241   Thumb Code    26  stm32f4xx_hal_cortex.o(i.HAL_NVIC_SetPriorityGrouping)
    HAL_RCC_ClockConfig                      0x08001265   Thumb Code   288  stm32f4xx_hal_rcc.o(i.HAL_RCC_ClockConfig)
    HAL_RCC_GetPCLK1Freq                     0x08001399   Thumb Code    20  stm32f4xx_hal_rcc.o(i.HAL_RCC_GetPCLK1Freq)
    HAL_RCC_GetPCLK2Freq                     0x080013b9   Thumb Code    20  stm32f4xx_hal_rcc.o(i.HAL_RCC_GetPCLK2Freq)
    HAL_RCC_GetSysClockFreq                  0x080013d9   Thumb Code    88  stm32f4xx_hal_rcc.o(i.HAL_RCC_GetSysClockFreq)
    HAL_RCC_OscConfig                        0x0800143d   Thumb Code   856  stm32f4xx_hal_rcc.o(i.HAL_RCC_OscConfig)
    HAL_SPI_Init                             0x080017a9   Thumb Code   188  stm32f4xx_hal_spi.o(i.HAL_SPI_Init)
    HAL_SPI_MspInit                          0x08001865   Thumb Code    94  spi.o(i.HAL_SPI_MspInit)
    HAL_SPI_TransmitReceive                  0x080018d1   Thumb Code   494  stm32f4xx_hal_spi.o(i.HAL_SPI_TransmitReceive)
    HAL_SYSTICK_Config                       0x08001abf   Thumb Code    40  stm32f4xx_hal_cortex.o(i.HAL_SYSTICK_Config)
    HAL_TIMEx_BreakCallback                  0x08001ae7   Thumb Code     2  stm32f4xx_hal_tim_ex.o(i.HAL_TIMEx_BreakCallback)
    HAL_TIMEx_CommutCallback                 0x08001ae9   Thumb Code     2  stm32f4xx_hal_tim_ex.o(i.HAL_TIMEx_CommutCallback)
    HAL_TIMEx_ConfigBreakDeadTime            0x08001aeb   Thumb Code    84  stm32f4xx_hal_tim_ex.o(i.HAL_TIMEx_ConfigBreakDeadTime)
    HAL_TIMEx_MasterConfigSynchronization    0x08001b41   Thumb Code   116  stm32f4xx_hal_tim_ex.o(i.HAL_TIMEx_MasterConfigSynchronization)
    HAL_TIM_Base_Init                        0x08001bd1   Thumb Code    90  stm32f4xx_hal_tim.o(i.HAL_TIM_Base_Init)
    HAL_TIM_Base_MspInit                     0x08001c2d   Thumb Code   112  tim.o(i.HAL_TIM_Base_MspInit)
    HAL_TIM_Base_Start_IT                    0x08001cad   Thumb Code   100  stm32f4xx_hal_tim.o(i.HAL_TIM_Base_Start_IT)
    HAL_TIM_Encoder_Init                     0x08001d2d   Thumb Code   164  stm32f4xx_hal_tim.o(i.HAL_TIM_Encoder_Init)
    HAL_TIM_Encoder_MspInit                  0x08001dd1   Thumb Code   362  tim.o(i.HAL_TIM_Encoder_MspInit)
    HAL_TIM_Encoder_Start                    0x08001f59   Thumb Code   142  stm32f4xx_hal_tim.o(i.HAL_TIM_Encoder_Start)
    HAL_TIM_IC_CaptureCallback               0x08001fe7   Thumb Code     2  stm32f4xx_hal_tim.o(i.HAL_TIM_IC_CaptureCallback)
    HAL_TIM_IRQHandler                       0x08001fe9   Thumb Code   304  stm32f4xx_hal_tim.o(i.HAL_TIM_IRQHandler)
    HAL_TIM_MspPostInit                      0x08002119   Thumb Code   108  tim.o(i.HAL_TIM_MspPostInit)
    HAL_TIM_OC_DelayElapsedCallback          0x08002195   Thumb Code     2  stm32f4xx_hal_tim.o(i.HAL_TIM_OC_DelayElapsedCallback)
    HAL_TIM_PWM_ConfigChannel                0x08002197   Thumb Code   204  stm32f4xx_hal_tim.o(i.HAL_TIM_PWM_ConfigChannel)
    HAL_TIM_PWM_Init                         0x08002263   Thumb Code    90  stm32f4xx_hal_tim.o(i.HAL_TIM_PWM_Init)
    HAL_TIM_PWM_MspInit                      0x080022bd   Thumb Code    50  tim.o(i.HAL_TIM_PWM_MspInit)
    HAL_TIM_PWM_PulseFinishedCallback        0x080022f9   Thumb Code     2  stm32f4xx_hal_tim.o(i.HAL_TIM_PWM_PulseFinishedCallback)
    HAL_TIM_PWM_Start                        0x080022fd   Thumb Code   172  stm32f4xx_hal_tim.o(i.HAL_TIM_PWM_Start)
    HAL_TIM_PeriodElapsedCallback            0x080023c5   Thumb Code    50  tim.o(i.HAL_TIM_PeriodElapsedCallback)
    HAL_TIM_TriggerCallback                  0x080023fd   Thumb Code     2  stm32f4xx_hal_tim.o(i.HAL_TIM_TriggerCallback)
    HAL_UARTEx_RxEventCallback               0x080023ff   Thumb Code     2  stm32f4xx_hal_uart.o(i.HAL_UARTEx_RxEventCallback)
    HAL_UART_DMAStop                         0x08002401   Thumb Code   112  stm32f4xx_hal_uart.o(i.HAL_UART_DMAStop)
    HAL_UART_ErrorCallback                   0x08002471   Thumb Code     2  stm32f4xx_hal_uart.o(i.HAL_UART_ErrorCallback)
    HAL_UART_IRQHandler                      0x08002475   Thumb Code   618  stm32f4xx_hal_uart.o(i.HAL_UART_IRQHandler)
    HAL_UART_Init                            0x080026e5   Thumb Code   100  stm32f4xx_hal_uart.o(i.HAL_UART_Init)
    HAL_UART_MspInit                         0x08002749   Thumb Code   444  usart.o(i.HAL_UART_MspInit)
    HAL_UART_Receive_DMA                     0x08002929   Thumb Code    28  stm32f4xx_hal_uart.o(i.HAL_UART_Receive_DMA)
    HAL_UART_RxCpltCallback                  0x08002945   Thumb Code     2  usart.o(i.HAL_UART_RxCpltCallback)
    HAL_UART_RxHalfCpltCallback              0x08002947   Thumb Code     2  stm32f4xx_hal_uart.o(i.HAL_UART_RxHalfCpltCallback)
    HAL_UART_Transmit                        0x08002949   Thumb Code   160  stm32f4xx_hal_uart.o(i.HAL_UART_Transmit)
    HAL_UART_TxCpltCallback                  0x080029e9   Thumb Code     2  stm32f4xx_hal_uart.o(i.HAL_UART_TxCpltCallback)
    HC_SR04_TIM_IRQHandler                   0x080029ed   Thumb Code    10  hc_sr04.o(i.HC_SR04_TIM_IRQHandler)
    HardFault_Handler                        0x080029fd   Thumb Code     2  stm32f4xx_it.o(i.HardFault_Handler)
    KDCOM_GetCmdData                         0x08002cc3   Thumb Code    30  com_kdr.o(i.KDCOM_GetCmdData)
    KDCOM_GetCmdPara                         0x08002ce1   Thumb Code    16  com_kdr.o(i.KDCOM_GetCmdPara)
    KDCOM_GetData                            0x08002cf1   Thumb Code    52  com_kdr.o(i.KDCOM_GetData)
    KDCOM_Process                            0x08002d29   Thumb Code   402  com_kdr.o(i.KDCOM_Process)
    KDCOM_SetCmd                             0x08002ec1   Thumb Code    40  com_kdr.o(i.KDCOM_SetCmd)
    MX_DMA_Init                              0x08002ee9   Thumb Code    88  dma.o(i.MX_DMA_Init)
    MX_GPIO_Init                             0x08002f45   Thumb Code   328  gpio.o(i.MX_GPIO_Init)
    MX_I2C1_Init                             0x080030a1   Thumb Code    50  i2c.o(i.MX_I2C1_Init)
    MX_SPI3_Init                             0x080030e1   Thumb Code    62  spi.o(i.MX_SPI3_Init)
    MX_TIM10_Init                            0x08003129   Thumb Code    42  tim.o(i.MX_TIM10_Init)
    MX_TIM1_Init                             0x0800315d   Thumb Code   200  tim.o(i.MX_TIM1_Init)
    MX_TIM2_Init                             0x0800322d   Thumb Code   102  tim.o(i.MX_TIM2_Init)
    MX_TIM3_Init                             0x08003299   Thumb Code   100  tim.o(i.MX_TIM3_Init)
    MX_TIM5_Init                             0x08003305   Thumb Code   100  tim.o(i.MX_TIM5_Init)
    MX_TIM6_Init                             0x08003371   Thumb Code    60  tim.o(i.MX_TIM6_Init)
    MX_TIM7_Init                             0x080033b5   Thumb Code    60  tim.o(i.MX_TIM7_Init)
    MX_TIM8_Init                             0x080033f9   Thumb Code   102  tim.o(i.MX_TIM8_Init)
    MX_USART1_UART_Init                      0x08003469   Thumb Code    48  usart.o(i.MX_USART1_UART_Init)
    MX_USART2_UART_Init                      0x080034a1   Thumb Code    48  usart.o(i.MX_USART2_UART_Init)
    MX_USART3_UART_Init                      0x080034d9   Thumb Code    48  usart.o(i.MX_USART3_UART_Init)
    MemManage_Handler                        0x08003511   Thumb Code     2  stm32f4xx_it.o(i.MemManage_Handler)
    NMI_Handler                              0x08003513   Thumb Code     2  stm32f4xx_it.o(i.NMI_Handler)
    NRF24L01_Check                           0x08003515   Thumb Code    62  nrf24l01.o(i.NRF24L01_Check)
    NRF24L01_RX_Mode                         0x0800355d   Thumb Code    92  nrf24l01.o(i.NRF24L01_RX_Mode)
    NRF24L01_Read_Buf                        0x080035c1   Thumb Code    72  nrf24l01.o(i.NRF24L01_Read_Buf)
    NRF24L01_Read_Reg                        0x08003611   Thumb Code    48  nrf24l01.o(i.NRF24L01_Read_Reg)
    NRF24L01_RxPacket                        0x08003649   Thumb Code    50  nrf24l01.o(i.NRF24L01_RxPacket)
    NRF24L01_Write_Buf                       0x0800367d   Thumb Code    74  nrf24l01.o(i.NRF24L01_Write_Buf)
    NRF24L01_Write_Reg                       0x080036d1   Thumb Code    50  nrf24l01.o(i.NRF24L01_Write_Reg)
    NRF24L01_init                            0x0800370d   Thumb Code    70  nrf24l01.o(i.NRF24L01_init)
    OLED_U8G2_draw_buf                       0x080037dd   Thumb Code   112  oled_u8g2.o(i.OLED_U8G2_draw_buf)
    OLED_U8G2_draw_kdr                       0x08003865   Thumb Code   220  oled_u8g2.o(i.OLED_U8G2_draw_kdr)
    OLED_U8G2_init                           0x08003961   Thumb Code    16  oled_u8g2.o(i.OLED_U8G2_init)
    OLED_U8G2_init_animation                 0x08003975   Thumb Code    50  oled_u8g2.o(i.OLED_U8G2_init_animation)
    PID_Param_SetZero                        0x080039c1   Thumb Code    14  pid.o(i.PID_Param_SetZero)
    PID_wheelspeed_calc                      0x080039d5   Thumb Code   150  pid.o(i.PID_wheelspeed_calc)
    PendSV_Handler                           0x08003a7d   Thumb Code     2  stm32f4xx_it.o(i.PendSV_Handler)
    SPIx_ReadWriteByte                       0x08003ba5   Thumb Code    32  nrf24l01.o(i.SPIx_ReadWriteByte)
    SVC_Handler                              0x08003bc5   Thumb Code     2  stm32f4xx_it.o(i.SVC_Handler)
    SysTick_Handler                          0x08003bc7   Thumb Code     4  stm32f4xx_it.o(i.SysTick_Handler)
    SystemClock_Config                       0x08003bcd   Thumb Code   140  main.o(i.SystemClock_Config)
    SystemInit                               0x08003c61   Thumb Code    12  system_stm32f4xx.o(i.SystemInit)
    TIM1_UP_TIM10_IRQHandler                 0x08003c71   Thumb Code    18  stm32f4xx_it.o(i.TIM1_UP_TIM10_IRQHandler)
    TIM2_IRQHandler                          0x08003c8d   Thumb Code     6  stm32f4xx_it.o(i.TIM2_IRQHandler)
    TIM3_IRQHandler                          0x08003c99   Thumb Code     6  stm32f4xx_it.o(i.TIM3_IRQHandler)
    TIM5_IRQHandler                          0x08003ca5   Thumb Code     6  stm32f4xx_it.o(i.TIM5_IRQHandler)
    TIM7_IRQHandler                          0x08003cb1   Thumb Code     6  stm32f4xx_it.o(i.TIM7_IRQHandler)
    TIM8_UP_TIM13_IRQHandler                 0x08003cbd   Thumb Code     6  stm32f4xx_it.o(i.TIM8_UP_TIM13_IRQHandler)
    TIM_Base_SetConfig                       0x08003cc9   Thumb Code   170  stm32f4xx_hal_tim.o(i.TIM_Base_SetConfig)
    TIM_CCxChannelCmd                        0x08003da1   Thumb Code    26  stm32f4xx_hal_tim.o(i.TIM_CCxChannelCmd)
    TIM_OC2_SetConfig                        0x08003e1d   Thumb Code    98  stm32f4xx_hal_tim.o(i.TIM_OC2_SetConfig)
    Tims_delay_us                            0x08003f41   Thumb Code    54  tim.o(i.Tims_delay_us)
    UART_Start_Receive_DMA                   0x080042b5   Thumb Code   130  stm32f4xx_hal_uart.o(i.UART_Start_Receive_DMA)
    USART2_IRQHandler                        0x080043b9   Thumb Code    16  stm32f4xx_it.o(i.USART2_IRQHandler)
    USART2_IRQHandler_dma                    0x080043cd   Thumb Code    80  usart.o(i.USART2_IRQHandler_dma)
    USART3_IRQHandler                        0x08004429   Thumb Code    16  stm32f4xx_it.o(i.USART3_IRQHandler)
    USART3_IRQHandler_dma                    0x0800443d   Thumb Code    98  usart.o(i.USART3_IRQHandler_dma)
    UsageFault_Handler                       0x080044ad   Thumb Code     2  stm32f4xx_it.o(i.UsageFault_Handler)
    __0fprintf                               0x080044b1   Thumb Code    22  printfa.o(i.__0fprintf)
    __1fprintf                               0x080044b1   Thumb Code     0  printfa.o(i.__0fprintf)
    __2fprintf                               0x080044b1   Thumb Code     0  printfa.o(i.__0fprintf)
    __c89fprintf                             0x080044b1   Thumb Code     0  printfa.o(i.__0fprintf)
    fprintf                                  0x080044b1   Thumb Code     0  printfa.o(i.__0fprintf)
    __0printf                                0x080044cd   Thumb Code    22  printfa.o(i.__0printf)
    __1printf                                0x080044cd   Thumb Code     0  printfa.o(i.__0printf)
    __2printf                                0x080044cd   Thumb Code     0  printfa.o(i.__0printf)
    __c89printf                              0x080044cd   Thumb Code     0  printfa.o(i.__0printf)
    printf                                   0x080044cd   Thumb Code     0  printfa.o(i.__0printf)
    __0sprintf                               0x080044ed   Thumb Code    34  printfa.o(i.__0sprintf)
    __1sprintf                               0x080044ed   Thumb Code     0  printfa.o(i.__0sprintf)
    __2sprintf                               0x080044ed   Thumb Code     0  printfa.o(i.__0sprintf)
    __c89sprintf                             0x080044ed   Thumb Code     0  printfa.o(i.__0sprintf)
    sprintf                                  0x080044ed   Thumb Code     0  printfa.o(i.__0sprintf)
    __scatterload_copy                       0x08004535   Thumb Code    14  handlers.o(i.__scatterload_copy)
    __scatterload_null                       0x08004543   Thumb Code     2  handlers.o(i.__scatterload_null)
    __scatterload_zeroinit                   0x08004545   Thumb Code    14  handlers.o(i.__scatterload_zeroinit)
    checksum_check                           0x08004de9   Thumb Code    24  com_rc.o(i.checksum_check)
    fputc                                    0x08004e01   Thumb Code    20  usart.o(i.fputc)
    free                                     0x08004e19   Thumb Code    76  malloc.o(i.free)
    main                                     0x08004e69   Thumb Code   196  main.o(i.main)
    malloc                                   0x08004f71   Thumb Code    92  malloc.o(i.malloc)
    motion_control_direction_x               0x08004fdd   Thumb Code    26  motion.o(i.motion_control_direction_x)
    motion_control_direction_y               0x08005009   Thumb Code    28  motion.o(i.motion_control_direction_y)
    motion_control_direction_z               0x08005035   Thumb Code    28  motion.o(i.motion_control_direction_z)
    motion_control_input_ble                 0x08005061   Thumb Code   168  motion.o(i.motion_control_input_ble)
    motion_control_input_rc                  0x0800510d   Thumb Code    90  motion.o(i.motion_control_input_rc)
    motion_control_kinematics                0x080051ad   Thumb Code   118  motion.o(i.motion_control_kinematics)
    motion_control_motor_ctrl_output         0x08005235   Thumb Code     4  motion.o(i.motion_control_motor_ctrl_output)
    motion_control_motor_pid                 0x08005239   Thumb Code   200  motion.o(i.motion_control_motor_pid)
    motion_control_rc_to_kinematics          0x08005311   Thumb Code   246  motion.o(i.motion_control_rc_to_kinematics)
    motion_control_stop                      0x08005459   Thumb Code    28  motion.o(i.motion_control_stop)
    motor_encoder_init                       0x08005485   Thumb Code   124  motor.o(i.motor_encoder_init)
    motor_encoder_overflow_IRQHandler        0x08005509   Thumb Code    94  motor.o(i.motor_encoder_overflow_IRQHandler)
    motor_encoder_parse                      0x0800556d   Thumb Code   392  motor.o(i.motor_encoder_parse)
    motor_init                               0x08005701   Thumb Code   328  motor.o(i.motor_init)
    motor_kdr_cmd                            0x08005879   Thumb Code   678  motor.o(i.motor_kdr_cmd)
    motor_set_direction                      0x08005b25   Thumb Code    64  motor.o(i.motor_set_direction)
    motor_set_pwm                            0x08005b65   Thumb Code    86  motor.o(i.motor_set_pwm)
    motor_set_speed_pwm                      0x08005c2d   Thumb Code    48  motor.o(i.motor_set_speed_pwm)
    my_abs                                   0x08005c5d   Thumb Code    10  motion.o(i.my_abs)
    rc_data_decode                           0x08005c67   Thumb Code   112  com_rc.o(i.rc_data_decode)
    rc_data_init                             0x08005cd7   Thumb Code    44  com_rc.o(i.rc_data_init)
    u8g2Init                                 0x08005d05   Thumb Code    38  stm32_u8g2.o(i.u8g2Init)
    u8g2_ClearBuffer                         0x08005d39   Thumb Code    20  u8g2_buffer.o(i.u8g2_ClearBuffer)
    u8g2_DrawGlyph                           0x08005d4d   Thumb Code   112  u8g2_font.o(i.u8g2_DrawGlyph)
    u8g2_DrawHVLine                          0x08005dbd   Thumb Code   172  u8g2_hvline.o(i.u8g2_DrawHVLine)
    u8g2_DrawStr                             0x08005e69   Thumb Code    12  u8g2_font.o(i.u8g2_DrawStr)
    u8g2_IsIntersection                      0x08005e79   Thumb Code    48  u8g2_intersection.o(i.u8g2_IsIntersection)
    u8g2_SendBuffer                          0x08005ea9   Thumb Code    18  u8g2_buffer.o(i.u8g2_SendBuffer)
    u8g2_SetFont                             0x08005ebb   Thumb Code    32  u8g2_font.o(i.u8g2_SetFont)
    u8g2_SetFontPosBaseline                  0x08005edd   Thumb Code     6  u8g2_font.o(i.u8g2_SetFontPosBaseline)
    u8g2_SetMaxClipWindow                    0x08005ee9   Thumb Code    28  u8g2_setup.o(i.u8g2_SetMaxClipWindow)
    u8g2_SetupBuffer                         0x08005f05   Thumb Code    70  u8g2_setup.o(i.u8g2_SetupBuffer)
    u8g2_Setup_ssd1306_i2c_128x64_noname_f   0x08005f4d   Thumb Code    42  u8g2_d_setup.o(i.u8g2_Setup_ssd1306_i2c_128x64_noname_f)
    u8g2_UpdateRefHeight                     0x08005f85   Thumb Code    82  u8g2_font.o(i.u8g2_UpdateRefHeight)
    u8g2_add_vector_x                        0x08005fd7   Thumb Code    28  u8g2_font.o(i.u8g2_add_vector_x)
    u8g2_add_vector_y                        0x08005ff3   Thumb Code    28  u8g2_font.o(i.u8g2_add_vector_y)
    u8g2_draw_hv_line_2dir                   0x080060b9   Thumb Code    18  u8g2_hvline.o(i.u8g2_draw_hv_line_2dir)
    u8g2_draw_l90_r0                         0x080060cb   Thumb Code    12  u8g2_setup.o(i.u8g2_draw_l90_r0)
    u8g2_font_calc_vref_font                 0x0800614d   Thumb Code     4  u8g2_font.o(i.u8g2_font_calc_vref_font)
    u8g2_font_decode_get_signed_bits         0x08006151   Thumb Code    20  u8g2_font.o(i.u8g2_font_decode_get_signed_bits)
    u8g2_font_decode_get_unsigned_bits       0x08006165   Thumb Code    52  u8g2_font.o(i.u8g2_font_decode_get_unsigned_bits)
    u8g2_font_decode_glyph                   0x08006199   Thumb Code   276  u8g2_font.o(i.u8g2_font_decode_glyph)
    u8g2_font_decode_len                     0x080062ad   Thumb Code   140  u8g2_font.o(i.u8g2_font_decode_len)
    u8g2_font_get_glyph_data                 0x08006339   Thumb Code   114  u8g2_font.o(i.u8g2_font_get_glyph_data)
    u8g2_is_intersection_decision_tree       0x080063f3   Thumb Code    24  u8g2_intersection.o(i.u8g2_is_intersection_decision_tree)
    u8g2_ll_hvline_vertical_top_lsb          0x0800640d   Thumb Code   144  u8g2_ll_hvline.o(i.u8g2_ll_hvline_vertical_top_lsb)
    u8g2_m_16_8_f                            0x0800649d   Thumb Code     8  u8g2_d_memory.o(i.u8g2_m_16_8_f)
    u8g2_read_font_info                      0x080064a9   Thumb Code   106  u8g2_font.o(i.u8g2_read_font_info)
    u8g2_update_dimension_r0                 0x080065a7   Thumb Code     4  u8g2_setup.o(i.u8g2_update_dimension_r0)
    u8g2_update_page_win_r0                  0x080065ab   Thumb Code    34  u8g2_setup.o(i.u8g2_update_page_win_r0)
    u8x8_DrawTile                            0x080065cd   Thumb Code    30  u8x8_display.o(i.u8x8_DrawTile)
    u8x8_InitDisplay                         0x080065eb   Thumb Code    16  u8x8_display.o(i.u8x8_InitDisplay)
    u8x8_RefreshDisplay                      0x080065fb   Thumb Code    16  u8x8_display.o(i.u8x8_RefreshDisplay)
    u8x8_SetPowerSave                        0x0800660b   Thumb Code    16  u8x8_display.o(i.u8x8_SetPowerSave)
    u8x8_Setup                               0x0800661b   Thumb Code    34  u8x8_setup.o(i.u8x8_Setup)
    u8x8_SetupDefaults                       0x0800663d   Thumb Code    32  u8x8_setup.o(i.u8x8_SetupDefaults)
    u8x8_SetupMemory                         0x08006661   Thumb Code    16  u8x8_display.o(i.u8x8_SetupMemory)
    u8x8_ascii_next                          0x08006671   Thumb Code    14  u8x8_8x8.o(i.u8x8_ascii_next)
    u8x8_byte_EndTransfer                    0x0800667f   Thumb Code    16  u8x8_byte.o(i.u8x8_byte_EndTransfer)
    u8x8_byte_SendByte                       0x0800668f   Thumb Code    14  u8x8_byte.o(i.u8x8_byte_SendByte)
    u8x8_byte_StartTransfer                  0x0800669d   Thumb Code    16  u8x8_byte.o(i.u8x8_byte_StartTransfer)
    u8x8_byte_hw_i2c                         0x080066ad   Thumb Code    98  stm32_u8g2.o(i.u8x8_byte_hw_i2c)
    u8x8_cad_EndTransfer                     0x0800671d   Thumb Code    16  u8x8_cad.o(i.u8x8_cad_EndTransfer)
    u8x8_cad_SendArg                         0x0800672d   Thumb Code    16  u8x8_cad.o(i.u8x8_cad_SendArg)
    u8x8_cad_SendCmd                         0x0800673d   Thumb Code    16  u8x8_cad.o(i.u8x8_cad_SendCmd)
    u8x8_cad_SendData                        0x0800674d   Thumb Code    16  u8x8_cad.o(i.u8x8_cad_SendData)
    u8x8_cad_SendSequence                    0x0800675d   Thumb Code   104  u8x8_cad.o(i.u8x8_cad_SendSequence)
    u8x8_cad_StartTransfer                   0x080067c5   Thumb Code    16  u8x8_cad.o(i.u8x8_cad_StartTransfer)
    u8x8_cad_ssd13xx_fast_i2c                0x080067d5   Thumb Code   182  u8x8_cad.o(i.u8x8_cad_ssd13xx_fast_i2c)
    u8x8_d_helper_display_init               0x08006891   Thumb Code    96  u8x8_display.o(i.u8x8_d_helper_display_init)
    u8x8_d_helper_display_setup_memory       0x080068f1   Thumb Code    10  u8x8_display.o(i.u8x8_d_helper_display_setup_memory)
    u8x8_d_ssd1306_128x64_noname             0x080068fd   Thumb Code    52  u8x8_d_ssd1306_128x64_noname.o(i.u8x8_d_ssd1306_128x64_noname)
    u8x8_dummy_cb                            0x08006a01   Thumb Code     4  u8x8_setup.o(i.u8x8_dummy_cb)
    u8x8_gpio_and_delay                      0x08006a05   Thumb Code   106  stm32_u8g2.o(i.u8x8_gpio_and_delay)
    u8x8_gpio_call                           0x08006a6f   Thumb Code    12  u8x8_gpio.o(i.u8x8_gpio_call)
    u8x8_utf8_init                           0x08006aa7   Thumb Code     8  u8x8_8x8.o(i.u8x8_utf8_init)
    uart_dma_it_init                         0x08006ab1   Thumb Code    54  usart.o(i.uart_dma_it_init)
    TX_ADDRESS                               0x08006b3a   Data           5  nrf24l01.o(.constdata)
    RX_ADDRESS                               0x08006b3f   Data           5  nrf24l01.o(.constdata)
    AHBPrescTable                            0x08006b5f   Data          16  system_stm32f4xx.o(.constdata)
    APBPrescTable                            0x08006b6f   Data           8  system_stm32f4xx.o(.constdata)
    u8g2_font_ncenB10_tf                     0x08006b77   Data        3358  u8g2_fonts.o(.constdata)
    u8g2_font_lubBI24_tf                     0x08007895   Data        9300  u8g2_fonts.o(.constdata)
    u8g2_cb_r0                               0x08009cec   Data          12  u8g2_setup.o(.constdata)
    Region$$Table$$Base                      0x08009e50   Number         0  anon$$obj.o(Region$$Table)
    Region$$Table$$Limit                     0x08009e70   Number         0  anon$$obj.o(Region$$Table)
    speed_default                            0x20000002   Data           2  motion.o(.data)
    s_disconnect_cnt                         0x20000004   Data           2  motion.o(.data)
    tim_cnt                                  0x20000008   Data           4  hc_sr04.o(.data)
    g_ctrl_rx_buffer_dma                     0x2000000c   Data           1  usart.o(.data)
    uwTickFreq                               0x20000010   Data           1  stm32f4xx_hal.o(.data)
    uwTickPrio                               0x20000014   Data           4  stm32f4xx_hal.o(.data)
    uwTick                                   0x20000018   Data           4  stm32f4xx_hal.o(.data)
    SystemCoreClock                          0x2000001c   Data           4  system_stm32f4xx.o(.data)
    __stdout                                 0x20000028   Data           4  stdout.o(.data)
    __microlib_freelist                      0x2000002c   Data           4  mvars.o(.data)
    __microlib_freelist_initialised          0x20000030   Data           4  mvars.o(.data)
    motor_A1                                 0x20000148   Data          72  motor.o(.bss)
    motor_A2                                 0x20000190   Data          72  motor.o(.bss)
    motor_B1                                 0x200001d8   Data          72  motor.o(.bss)
    motor_B2                                 0x20000220   Data          72  motor.o(.bss)
    hi2c1                                    0x20000268   Data          84  i2c.o(.bss)
    hspi3                                    0x200002bc   Data          88  spi.o(.bss)
    htim1                                    0x20000314   Data          72  tim.o(.bss)
    htim2                                    0x2000035c   Data          72  tim.o(.bss)
    htim3                                    0x200003a4   Data          72  tim.o(.bss)
    htim5                                    0x200003ec   Data          72  tim.o(.bss)
    htim6                                    0x20000434   Data          72  tim.o(.bss)
    htim7                                    0x2000047c   Data          72  tim.o(.bss)
    htim8                                    0x200004c4   Data          72  tim.o(.bss)
    htim10                                   0x2000050c   Data          72  tim.o(.bss)
    huart1                                   0x20000554   Data          72  usart.o(.bss)
    huart2                                   0x2000059c   Data          72  usart.o(.bss)
    huart3                                   0x200005e4   Data          72  usart.o(.bss)
    hdma_usart2_rx                           0x2000062c   Data          96  usart.o(.bss)
    hdma_usart2_tx                           0x2000068c   Data          96  usart.o(.bss)
    hdma_usart3_rx                           0x200006ec   Data          96  usart.o(.bss)
    hdma_usart3_tx                           0x2000074c   Data          96  usart.o(.bss)
    g_kdr_rx_buffer                          0x200007ac   Data          10  usart.o(.bss)
    g_kdr_rx_buffer_dma                      0x200007b6   Data          10  usart.o(.bss)
    __heap_base                              0x20000bc0   Data           0  startup_stm32f407xx.o(HEAP)
    __heap_limit                             0x20000dc0   Data           0  startup_stm32f407xx.o(HEAP)
    __initial_sp                             0x200011c0   Data           0  startup_stm32f407xx.o(STACK)



==============================================================================

Memory Map of the image

  Image Entry point : 0x08000189

  Load Region LR_IROM1 (Base: 0x08000000, Size: 0x00009ea4, Max: 0x00080000, ABSOLUTE)

    Execution Region ER_IROM1 (Exec base: 0x08000000, Load base: 0x08000000, Size: 0x00009e70, Max: 0x00080000, ABSOLUTE)

    Exec Addr    Load Addr    Size         Type   Attr      Idx    E Section Name        Object

    0x08000000   0x08000000   0x00000188   Data   RO            3    RESET               startup_stm32f407xx.o
    0x08000188   0x08000188   0x00000000   Code   RO        10238  * .ARM.Collect$$$$00000000  mc_w.l(entry.o)
    0x08000188   0x08000188   0x00000004   Code   RO        10608    .ARM.Collect$$$$00000001  mc_w.l(entry2.o)
    0x0800018c   0x0800018c   0x00000004   Code   RO        10611    .ARM.Collect$$$$00000004  mc_w.l(entry5.o)
    0x08000190   0x08000190   0x00000000   Code   RO        10613    .ARM.Collect$$$$00000008  mc_w.l(entry7b.o)
    0x08000190   0x08000190   0x00000000   Code   RO        10615    .ARM.Collect$$$$0000000A  mc_w.l(entry8b.o)
    0x08000190   0x08000190   0x00000008   Code   RO        10616    .ARM.Collect$$$$0000000B  mc_w.l(entry9a.o)
    0x08000198   0x08000198   0x00000004   Code   RO        10623    .ARM.Collect$$$$0000000E  mc_w.l(entry12b.o)
    0x0800019c   0x0800019c   0x00000000   Code   RO        10618    .ARM.Collect$$$$0000000F  mc_w.l(entry10a.o)
    0x0800019c   0x0800019c   0x00000000   Code   RO        10620    .ARM.Collect$$$$00000011  mc_w.l(entry11a.o)
    0x0800019c   0x0800019c   0x00000004   Code   RO        10609    .ARM.Collect$$$$00002712  mc_w.l(entry2.o)
    0x080001a0   0x080001a0   0x00000024   Code   RO            4    .text               startup_stm32f407xx.o
    0x080001c4   0x080001c4   0x00000062   Code   RO        10242    .text               mc_w.l(uldiv.o)
    0x08000226   0x08000226   0x00000024   Code   RO        10246    .text               mc_w.l(memcpya.o)
    0x0800024a   0x0800024a   0x00000024   Code   RO        10248    .text               mc_w.l(memseta.o)
    0x0800026e   0x0800026e   0x0000014e   Code   RO        10543    .text               mf_w.l(dadd.o)
    0x080003bc   0x080003bc   0x000000e4   Code   RO        10545    .text               mf_w.l(dmul.o)
    0x080004a0   0x080004a0   0x000000de   Code   RO        10547    .text               mf_w.l(ddiv.o)
    0x0800057e   0x0800057e   0x0000002c   Code   RO        10624    .text               mc_w.l(uidiv.o)
    0x080005aa   0x080005aa   0x0000001e   Code   RO        10626    .text               mc_w.l(llshl.o)
    0x080005c8   0x080005c8   0x00000020   Code   RO        10628    .text               mc_w.l(llushr.o)
    0x080005e8   0x080005e8   0x00000024   Code   RO        10630    .text               mc_w.l(llsshr.o)
    0x0800060c   0x0800060c   0x00000000   Code   RO        10641    .text               mc_w.l(iusefp.o)
    0x0800060c   0x0800060c   0x000000ba   Code   RO        10644    .text               mf_w.l(depilogue.o)
    0x080006c6   0x080006c6   0x00000030   Code   RO        10648    .text               mf_w.l(dfixul.o)
    0x080006f6   0x080006f6   0x00000002   PAD
    0x080006f8   0x080006f8   0x00000030   Code   RO        10652    .text               mf_w.l(cdrcmple.o)
    0x08000728   0x08000728   0x00000024   Code   RO        10654    .text               mc_w.l(init.o)
    0x0800074c   0x0800074c   0x00000010   Code   RO          654    i.BUZZER_beep_long_off  buzzer.o
    0x0800075c   0x0800075c   0x00000004   Code   RO          658    i.BUZZER_init       buzzer.o
    0x08000760   0x08000760   0x00000002   Code   RO         1313    i.BusFault_Handler  stm32f4xx_it.o
    0x08000762   0x08000762   0x00000002   PAD
    0x08000764   0x08000764   0x0000000c   Code   RO         1314    i.DMA1_Stream1_IRQHandler  stm32f4xx_it.o
    0x08000770   0x08000770   0x0000000c   Code   RO         1315    i.DMA1_Stream3_IRQHandler  stm32f4xx_it.o
    0x0800077c   0x0800077c   0x0000000c   Code   RO         1316    i.DMA1_Stream5_IRQHandler  stm32f4xx_it.o
    0x08000788   0x08000788   0x0000000c   Code   RO         1317    i.DMA1_Stream6_IRQHandler  stm32f4xx_it.o
    0x08000794   0x08000794   0x00000028   Code   RO         2399    i.DMA_CalcBaseAndBitshift  stm32f4xx_hal_dma.o
    0x080007bc   0x080007bc   0x00000054   Code   RO         2400    i.DMA_CheckFifoParam  stm32f4xx_hal_dma.o
    0x08000810   0x08000810   0x00000028   Code   RO         2401    i.DMA_SetConfig     stm32f4xx_hal_dma.o
    0x08000838   0x08000838   0x00000002   Code   RO         1318    i.DebugMon_Handler  stm32f4xx_it.o
    0x0800083a   0x0800083a   0x00000004   Code   RO          914    i.Error_Handler     main.o
    0x0800083e   0x0800083e   0x00000092   Code   RO         2402    i.HAL_DMA_Abort     stm32f4xx_hal_dma.o
    0x080008d0   0x080008d0   0x00000024   Code   RO         2403    i.HAL_DMA_Abort_IT  stm32f4xx_hal_dma.o
    0x080008f4   0x080008f4   0x000001a0   Code   RO         2407    i.HAL_DMA_IRQHandler  stm32f4xx_hal_dma.o
    0x08000a94   0x08000a94   0x000000d4   Code   RO         2408    i.HAL_DMA_Init      stm32f4xx_hal_dma.o
    0x08000b68   0x08000b68   0x0000006e   Code   RO         2412    i.HAL_DMA_Start_IT  stm32f4xx_hal_dma.o
    0x08000bd6   0x08000bd6   0x00000002   PAD
    0x08000bd8   0x08000bd8   0x00000024   Code   RO         2827    i.HAL_Delay         stm32f4xx_hal.o
    0x08000bfc   0x08000bfc   0x000001f0   Code   RO         2295    i.HAL_GPIO_Init     stm32f4xx_hal_gpio.o
    0x08000dec   0x08000dec   0x00000010   Code   RO         2298    i.HAL_GPIO_TogglePin  stm32f4xx_hal_gpio.o
    0x08000dfc   0x08000dfc   0x0000000a   Code   RO         2299    i.HAL_GPIO_WritePin  stm32f4xx_hal_gpio.o
    0x08000e06   0x08000e06   0x00000002   PAD
    0x08000e08   0x08000e08   0x0000000c   Code   RO         2833    i.HAL_GetTick       stm32f4xx_hal.o
    0x08000e14   0x08000e14   0x00000188   Code   RO         1496    i.HAL_I2C_Init      stm32f4xx_hal_i2c.o
    0x08000f9c   0x08000f9c   0x0000012c   Code   RO         1509    i.HAL_I2C_Master_Transmit  stm32f4xx_hal_i2c.o
    0x080010c8   0x080010c8   0x00000068   Code   RO         1006    i.HAL_I2C_MspInit   i2c.o
    0x08001130   0x08001130   0x00000010   Code   RO         2839    i.HAL_IncTick       stm32f4xx_hal.o
    0x08001140   0x08001140   0x00000034   Code   RO         2840    i.HAL_Init          stm32f4xx_hal.o
    0x08001174   0x08001174   0x00000040   Code   RO         2841    i.HAL_InitTick      stm32f4xx_hal.o
    0x080011b4   0x080011b4   0x00000030   Code   RO         1461    i.HAL_MspInit       stm32f4xx_hal_msp.o
    0x080011e4   0x080011e4   0x0000001a   Code   RO         2685    i.HAL_NVIC_EnableIRQ  stm32f4xx_hal_cortex.o
    0x080011fe   0x080011fe   0x00000002   PAD
    0x08001200   0x08001200   0x00000040   Code   RO         2691    i.HAL_NVIC_SetPriority  stm32f4xx_hal_cortex.o
    0x08001240   0x08001240   0x00000024   Code   RO         2692    i.HAL_NVIC_SetPriorityGrouping  stm32f4xx_hal_cortex.o
    0x08001264   0x08001264   0x00000134   Code   RO         1941    i.HAL_RCC_ClockConfig  stm32f4xx_hal_rcc.o
    0x08001398   0x08001398   0x00000020   Code   RO         1948    i.HAL_RCC_GetPCLK1Freq  stm32f4xx_hal_rcc.o
    0x080013b8   0x080013b8   0x00000020   Code   RO         1949    i.HAL_RCC_GetPCLK2Freq  stm32f4xx_hal_rcc.o
    0x080013d8   0x080013d8   0x00000064   Code   RO         1950    i.HAL_RCC_GetSysClockFreq  stm32f4xx_hal_rcc.o
    0x0800143c   0x0800143c   0x0000036c   Code   RO         1953    i.HAL_RCC_OscConfig  stm32f4xx_hal_rcc.o
    0x080017a8   0x080017a8   0x000000bc   Code   RO         3089    i.HAL_SPI_Init      stm32f4xx_hal_spi.o
    0x08001864   0x08001864   0x0000006c   Code   RO         1048    i.HAL_SPI_MspInit   spi.o
    0x080018d0   0x080018d0   0x000001ee   Code   RO         3098    i.HAL_SPI_TransmitReceive  stm32f4xx_hal_spi.o
    0x08001abe   0x08001abe   0x00000028   Code   RO         2696    i.HAL_SYSTICK_Config  stm32f4xx_hal_cortex.o
    0x08001ae6   0x08001ae6   0x00000002   Code   RO         4106    i.HAL_TIMEx_BreakCallback  stm32f4xx_hal_tim_ex.o
    0x08001ae8   0x08001ae8   0x00000002   Code   RO         4107    i.HAL_TIMEx_CommutCallback  stm32f4xx_hal_tim_ex.o
    0x08001aea   0x08001aea   0x00000054   Code   RO         4109    i.HAL_TIMEx_ConfigBreakDeadTime  stm32f4xx_hal_tim_ex.o
    0x08001b3e   0x08001b3e   0x00000002   PAD
    0x08001b40   0x08001b40   0x00000090   Code   RO         4125    i.HAL_TIMEx_MasterConfigSynchronization  stm32f4xx_hal_tim_ex.o
    0x08001bd0   0x08001bd0   0x0000005a   Code   RO         3402    i.HAL_TIM_Base_Init  stm32f4xx_hal_tim.o
    0x08001c2a   0x08001c2a   0x00000002   PAD
    0x08001c2c   0x08001c2c   0x00000080   Code   RO         1090    i.HAL_TIM_Base_MspInit  tim.o
    0x08001cac   0x08001cac   0x00000080   Code   RO         3407    i.HAL_TIM_Base_Start_IT  stm32f4xx_hal_tim.o
    0x08001d2c   0x08001d2c   0x000000a4   Code   RO         3423    i.HAL_TIM_Encoder_Init  stm32f4xx_hal_tim.o
    0x08001dd0   0x08001dd0   0x00000188   Code   RO         1092    i.HAL_TIM_Encoder_MspInit  tim.o
    0x08001f58   0x08001f58   0x0000008e   Code   RO         3426    i.HAL_TIM_Encoder_Start  stm32f4xx_hal_tim.o
    0x08001fe6   0x08001fe6   0x00000002   Code   RO         3436    i.HAL_TIM_IC_CaptureCallback  stm32f4xx_hal_tim.o
    0x08001fe8   0x08001fe8   0x00000130   Code   RO         3450    i.HAL_TIM_IRQHandler  stm32f4xx_hal_tim.o
    0x08002118   0x08002118   0x0000007c   Code   RO         1093    i.HAL_TIM_MspPostInit  tim.o
    0x08002194   0x08002194   0x00000002   Code   RO         3453    i.HAL_TIM_OC_DelayElapsedCallback  stm32f4xx_hal_tim.o
    0x08002196   0x08002196   0x000000cc   Code   RO         3474    i.HAL_TIM_PWM_ConfigChannel  stm32f4xx_hal_tim.o
    0x08002262   0x08002262   0x0000005a   Code   RO         3477    i.HAL_TIM_PWM_Init  stm32f4xx_hal_tim.o
    0x080022bc   0x080022bc   0x0000003c   Code   RO         1095    i.HAL_TIM_PWM_MspInit  tim.o
    0x080022f8   0x080022f8   0x00000002   Code   RO         3480    i.HAL_TIM_PWM_PulseFinishedCallback  stm32f4xx_hal_tim.o
    0x080022fa   0x080022fa   0x00000002   PAD
    0x080022fc   0x080022fc   0x000000c8   Code   RO         3482    i.HAL_TIM_PWM_Start  stm32f4xx_hal_tim.o
    0x080023c4   0x080023c4   0x00000038   Code   RO         1096    i.HAL_TIM_PeriodElapsedCallback  tim.o
    0x080023fc   0x080023fc   0x00000002   Code   RO         3493    i.HAL_TIM_TriggerCallback  stm32f4xx_hal_tim.o
    0x080023fe   0x080023fe   0x00000002   Code   RO         4385    i.HAL_UARTEx_RxEventCallback  stm32f4xx_hal_uart.o
    0x08002400   0x08002400   0x00000070   Code   RO         4397    i.HAL_UART_DMAStop  stm32f4xx_hal_uart.o
    0x08002470   0x08002470   0x00000002   Code   RO         4399    i.HAL_UART_ErrorCallback  stm32f4xx_hal_uart.o
    0x08002472   0x08002472   0x00000002   PAD
    0x08002474   0x08002474   0x00000270   Code   RO         4402    i.HAL_UART_IRQHandler  stm32f4xx_hal_uart.o
    0x080026e4   0x080026e4   0x00000064   Code   RO         4403    i.HAL_UART_Init     stm32f4xx_hal_uart.o
    0x08002748   0x08002748   0x000001e0   Code   RO         1216    i.HAL_UART_MspInit  usart.o
    0x08002928   0x08002928   0x0000001c   Code   RO         4407    i.HAL_UART_Receive_DMA  stm32f4xx_hal_uart.o
    0x08002944   0x08002944   0x00000002   Code   RO         1217    i.HAL_UART_RxCpltCallback  usart.o
    0x08002946   0x08002946   0x00000002   Code   RO         4410    i.HAL_UART_RxHalfCpltCallback  stm32f4xx_hal_uart.o
    0x08002948   0x08002948   0x000000a0   Code   RO         4411    i.HAL_UART_Transmit  stm32f4xx_hal_uart.o
    0x080029e8   0x080029e8   0x00000002   Code   RO         4414    i.HAL_UART_TxCpltCallback  stm32f4xx_hal_uart.o
    0x080029ea   0x080029ea   0x00000002   PAD
    0x080029ec   0x080029ec   0x00000010   Code   RO          615    i.HC_SR04_TIM_IRQHandler  hc_sr04.o
    0x080029fc   0x080029fc   0x00000002   Code   RO         1319    i.HardFault_Handler  stm32f4xx_it.o
    0x080029fe   0x080029fe   0x0000002e   Code   RO         1539    i.I2C_IsAcknowledgeFailed  stm32f4xx_hal_i2c.o
    0x08002a2c   0x08002a2c   0x0000009c   Code   RO         1543    i.I2C_MasterRequestWrite  stm32f4xx_hal_i2c.o
    0x08002ac8   0x08002ac8   0x00000056   Code   RO         1554    i.I2C_WaitOnBTFFlagUntilTimeout  stm32f4xx_hal_i2c.o
    0x08002b1e   0x08002b1e   0x00000002   PAD
    0x08002b20   0x08002b20   0x00000090   Code   RO         1555    i.I2C_WaitOnFlagUntilTimeout  stm32f4xx_hal_i2c.o
    0x08002bb0   0x08002bb0   0x000000bc   Code   RO         1556    i.I2C_WaitOnMasterAddressFlagUntilTimeout  stm32f4xx_hal_i2c.o
    0x08002c6c   0x08002c6c   0x00000056   Code   RO         1558    i.I2C_WaitOnTXEFlagUntilTimeout  stm32f4xx_hal_i2c.o
    0x08002cc2   0x08002cc2   0x0000001e   Code   RO          750    i.KDCOM_GetCmdData  com_kdr.o
    0x08002ce0   0x08002ce0   0x00000010   Code   RO          751    i.KDCOM_GetCmdPara  com_kdr.o
    0x08002cf0   0x08002cf0   0x00000038   Code   RO          752    i.KDCOM_GetData     com_kdr.o
    0x08002d28   0x08002d28   0x00000198   Code   RO          753    i.KDCOM_Process     com_kdr.o
    0x08002ec0   0x08002ec0   0x00000028   Code   RO          754    i.KDCOM_SetCmd      com_kdr.o
    0x08002ee8   0x08002ee8   0x0000005c   Code   RO          981    i.MX_DMA_Init       dma.o
    0x08002f44   0x08002f44   0x0000015c   Code   RO          957    i.MX_GPIO_Init      gpio.o
    0x080030a0   0x080030a0   0x00000040   Code   RO         1007    i.MX_I2C1_Init      i2c.o
    0x080030e0   0x080030e0   0x00000048   Code   RO         1049    i.MX_SPI3_Init      spi.o
    0x08003128   0x08003128   0x00000034   Code   RO         1097    i.MX_TIM10_Init     tim.o
    0x0800315c   0x0800315c   0x000000d0   Code   RO         1098    i.MX_TIM1_Init      tim.o
    0x0800322c   0x0800322c   0x0000006c   Code   RO         1099    i.MX_TIM2_Init      tim.o
    0x08003298   0x08003298   0x0000006c   Code   RO         1100    i.MX_TIM3_Init      tim.o
    0x08003304   0x08003304   0x0000006c   Code   RO         1101    i.MX_TIM5_Init      tim.o
    0x08003370   0x08003370   0x00000044   Code   RO         1102    i.MX_TIM6_Init      tim.o
    0x080033b4   0x080033b4   0x00000044   Code   RO         1103    i.MX_TIM7_Init      tim.o
    0x080033f8   0x080033f8   0x00000070   Code   RO         1104    i.MX_TIM8_Init      tim.o
    0x08003468   0x08003468   0x00000038   Code   RO         1218    i.MX_USART1_UART_Init  usart.o
    0x080034a0   0x080034a0   0x00000038   Code   RO         1219    i.MX_USART2_UART_Init  usart.o
    0x080034d8   0x080034d8   0x00000038   Code   RO         1220    i.MX_USART3_UART_Init  usart.o
    0x08003510   0x08003510   0x00000002   Code   RO         1320    i.MemManage_Handler  stm32f4xx_it.o
    0x08003512   0x08003512   0x00000002   Code   RO         1321    i.NMI_Handler       stm32f4xx_it.o
    0x08003514   0x08003514   0x00000048   Code   RO          817    i.NRF24L01_Check    nrf24l01.o
    0x0800355c   0x0800355c   0x00000064   Code   RO          818    i.NRF24L01_RX_Mode  nrf24l01.o
    0x080035c0   0x080035c0   0x00000050   Code   RO          819    i.NRF24L01_Read_Buf  nrf24l01.o
    0x08003610   0x08003610   0x00000038   Code   RO          820    i.NRF24L01_Read_Reg  nrf24l01.o
    0x08003648   0x08003648   0x00000032   Code   RO          821    i.NRF24L01_RxPacket  nrf24l01.o
    0x0800367a   0x0800367a   0x00000002   PAD
    0x0800367c   0x0800367c   0x00000054   Code   RO          824    i.NRF24L01_Write_Buf  nrf24l01.o
    0x080036d0   0x080036d0   0x0000003c   Code   RO          825    i.NRF24L01_Write_Reg  nrf24l01.o
    0x0800370c   0x0800370c   0x000000d0   Code   RO          826    i.NRF24L01_init     nrf24l01.o
    0x080037dc   0x080037dc   0x00000088   Code   RO           13    i.OLED_U8G2_draw_buf  oled_u8g2.o
    0x08003864   0x08003864   0x000000fc   Code   RO           16    i.OLED_U8G2_draw_kdr  oled_u8g2.o
    0x08003960   0x08003960   0x00000014   Code   RO           20    i.OLED_U8G2_init    oled_u8g2.o
    0x08003974   0x08003974   0x0000004c   Code   RO           21    i.OLED_U8G2_init_animation  oled_u8g2.o
    0x080039c0   0x080039c0   0x00000014   Code   RO          457    i.PID_Param_SetZero  pid.o
    0x080039d4   0x080039d4   0x000000a8   Code   RO          458    i.PID_wheelspeed_calc  pid.o
    0x08003a7c   0x08003a7c   0x00000002   Code   RO         1322    i.PendSV_Handler    stm32f4xx_it.o
    0x08003a7e   0x08003a7e   0x00000002   PAD
    0x08003a80   0x08003a80   0x0000006c   Code   RO         3127    i.SPI_EndRxTxTransaction  stm32f4xx_hal_spi.o
    0x08003aec   0x08003aec   0x000000b8   Code   RO         3132    i.SPI_WaitFlagStateUntilTimeout  stm32f4xx_hal_spi.o
    0x08003ba4   0x08003ba4   0x00000020   Code   RO          828    i.SPIx_ReadWriteByte  nrf24l01.o
    0x08003bc4   0x08003bc4   0x00000002   Code   RO         1323    i.SVC_Handler       stm32f4xx_it.o
    0x08003bc6   0x08003bc6   0x00000004   Code   RO         1324    i.SysTick_Handler   stm32f4xx_it.o
    0x08003bca   0x08003bca   0x00000002   PAD
    0x08003bcc   0x08003bcc   0x00000094   Code   RO          915    i.SystemClock_Config  main.o
    0x08003c60   0x08003c60   0x00000010   Code   RO         4737    i.SystemInit        system_stm32f4xx.o
    0x08003c70   0x08003c70   0x0000001c   Code   RO         1325    i.TIM1_UP_TIM10_IRQHandler  stm32f4xx_it.o
    0x08003c8c   0x08003c8c   0x0000000c   Code   RO         1326    i.TIM2_IRQHandler   stm32f4xx_it.o
    0x08003c98   0x08003c98   0x0000000c   Code   RO         1327    i.TIM3_IRQHandler   stm32f4xx_it.o
    0x08003ca4   0x08003ca4   0x0000000c   Code   RO         1328    i.TIM5_IRQHandler   stm32f4xx_it.o
    0x08003cb0   0x08003cb0   0x0000000c   Code   RO         1329    i.TIM7_IRQHandler   stm32f4xx_it.o
    0x08003cbc   0x08003cbc   0x0000000c   Code   RO         1330    i.TIM8_UP_TIM13_IRQHandler  stm32f4xx_it.o
    0x08003cc8   0x08003cc8   0x000000d8   Code   RO         3495    i.TIM_Base_SetConfig  stm32f4xx_hal_tim.o
    0x08003da0   0x08003da0   0x0000001a   Code   RO         3496    i.TIM_CCxChannelCmd  stm32f4xx_hal_tim.o
    0x08003dba   0x08003dba   0x00000002   PAD
    0x08003dbc   0x08003dbc   0x00000060   Code   RO         3508    i.TIM_OC1_SetConfig  stm32f4xx_hal_tim.o
    0x08003e1c   0x08003e1c   0x0000006c   Code   RO         3509    i.TIM_OC2_SetConfig  stm32f4xx_hal_tim.o
    0x08003e88   0x08003e88   0x00000068   Code   RO         3510    i.TIM_OC3_SetConfig  stm32f4xx_hal_tim.o
    0x08003ef0   0x08003ef0   0x00000050   Code   RO         3511    i.TIM_OC4_SetConfig  stm32f4xx_hal_tim.o
    0x08003f40   0x08003f40   0x0000003c   Code   RO         1105    i.Tims_delay_us     tim.o
    0x08003f7c   0x08003f7c   0x00000010   Code   RO         4416    i.UART_DMAAbortOnError  stm32f4xx_hal_uart.o
    0x08003f8c   0x08003f8c   0x0000004a   Code   RO         4417    i.UART_DMAError     stm32f4xx_hal_uart.o
    0x08003fd6   0x08003fd6   0x00000086   Code   RO         4418    i.UART_DMAReceiveCplt  stm32f4xx_hal_uart.o
    0x0800405c   0x0800405c   0x0000001e   Code   RO         4420    i.UART_DMARxHalfCplt  stm32f4xx_hal_uart.o
    0x0800407a   0x0800407a   0x0000004e   Code   RO         4426    i.UART_EndRxTransfer  stm32f4xx_hal_uart.o
    0x080040c8   0x080040c8   0x0000001c   Code   RO         4427    i.UART_EndTxTransfer  stm32f4xx_hal_uart.o
    0x080040e4   0x080040e4   0x000000c2   Code   RO         4428    i.UART_Receive_IT   stm32f4xx_hal_uart.o
    0x080041a6   0x080041a6   0x00000002   PAD
    0x080041a8   0x080041a8   0x0000010c   Code   RO         4429    i.UART_SetConfig    stm32f4xx_hal_uart.o
    0x080042b4   0x080042b4   0x00000090   Code   RO         4430    i.UART_Start_Receive_DMA  stm32f4xx_hal_uart.o
    0x08004344   0x08004344   0x00000072   Code   RO         4432    i.UART_WaitOnFlagUntilTimeout  stm32f4xx_hal_uart.o
    0x080043b6   0x080043b6   0x00000002   PAD
    0x080043b8   0x080043b8   0x00000014   Code   RO         1331    i.USART2_IRQHandler  stm32f4xx_it.o
    0x080043cc   0x080043cc   0x0000005c   Code   RO         1221    i.USART2_IRQHandler_dma  usart.o
    0x08004428   0x08004428   0x00000014   Code   RO         1332    i.USART3_IRQHandler  stm32f4xx_it.o
    0x0800443c   0x0800443c   0x00000070   Code   RO         1222    i.USART3_IRQHandler_dma  usart.o
    0x080044ac   0x080044ac   0x00000002   Code   RO         1333    i.UsageFault_Handler  stm32f4xx_it.o
    0x080044ae   0x080044ae   0x00000002   PAD
    0x080044b0   0x080044b0   0x0000001c   Code   RO        10486    i.__0fprintf        mc_w.l(printfa.o)
    0x080044cc   0x080044cc   0x00000020   Code   RO        10487    i.__0printf         mc_w.l(printfa.o)
    0x080044ec   0x080044ec   0x00000028   Code   RO        10489    i.__0sprintf        mc_w.l(printfa.o)
    0x08004514   0x08004514   0x00000020   Code   RO         2698    i.__NVIC_SetPriority  stm32f4xx_hal_cortex.o
    0x08004534   0x08004534   0x0000000e   Code   RO        10660    i.__scatterload_copy  mc_w.l(handlers.o)
    0x08004542   0x08004542   0x00000002   Code   RO        10661    i.__scatterload_null  mc_w.l(handlers.o)
    0x08004544   0x08004544   0x0000000e   Code   RO        10662    i.__scatterload_zeroinit  mc_w.l(handlers.o)
    0x08004552   0x08004552   0x00000002   PAD
    0x08004554   0x08004554   0x00000184   Code   RO        10494    i._fp_digits        mc_w.l(printfa.o)
    0x080046d8   0x080046d8   0x000006b4   Code   RO        10495    i._printf_core      mc_w.l(printfa.o)
    0x08004d8c   0x08004d8c   0x00000024   Code   RO        10496    i._printf_post_padding  mc_w.l(printfa.o)
    0x08004db0   0x08004db0   0x0000002e   Code   RO        10497    i._printf_pre_padding  mc_w.l(printfa.o)
    0x08004dde   0x08004dde   0x0000000a   Code   RO        10499    i._sputc            mc_w.l(printfa.o)
    0x08004de8   0x08004de8   0x00000018   Code   RO          701    i.checksum_check    com_rc.o
    0x08004e00   0x08004e00   0x00000018   Code   RO         1224    i.fputc             usart.o
    0x08004e18   0x08004e18   0x00000050   Code   RO        10515    i.free              mc_w.l(malloc.o)
    0x08004e68   0x08004e68   0x00000108   Code   RO          916    i.main              main.o
    0x08004f70   0x08004f70   0x0000006c   Code   RO        10516    i.malloc            mc_w.l(malloc.o)
    0x08004fdc   0x08004fdc   0x0000002c   Code   RO          492    i.motion_control_direction_x  motion.o
    0x08005008   0x08005008   0x0000002c   Code   RO          495    i.motion_control_direction_y  motion.o
    0x08005034   0x08005034   0x0000002c   Code   RO          496    i.motion_control_direction_z  motion.o
    0x08005060   0x08005060   0x000000ac   Code   RO          498    i.motion_control_input_ble  motion.o
    0x0800510c   0x0800510c   0x000000a0   Code   RO          499    i.motion_control_input_rc  motion.o
    0x080051ac   0x080051ac   0x00000088   Code   RO          500    i.motion_control_kinematics  motion.o
    0x08005234   0x08005234   0x00000004   Code   RO          501    i.motion_control_motor_ctrl_output  motion.o
    0x08005238   0x08005238   0x000000d8   Code   RO          502    i.motion_control_motor_pid  motion.o
    0x08005310   0x08005310   0x00000148   Code   RO          503    i.motion_control_rc_to_kinematics  motion.o
    0x08005458   0x08005458   0x0000002c   Code   RO          504    i.motion_control_stop  motion.o
    0x08005484   0x08005484   0x00000084   Code   RO          349    i.motor_encoder_init  motor.o
    0x08005508   0x08005508   0x00000064   Code   RO          350    i.motor_encoder_overflow_IRQHandler  motor.o
    0x0800556c   0x0800556c   0x00000194   Code   RO          351    i.motor_encoder_parse  motor.o
    0x08005700   0x08005700   0x00000178   Code   RO          352    i.motor_init        motor.o
    0x08005878   0x08005878   0x000002ac   Code   RO          353    i.motor_kdr_cmd     motor.o
    0x08005b24   0x08005b24   0x00000040   Code   RO          355    i.motor_set_direction  motor.o
    0x08005b64   0x08005b64   0x000000c8   Code   RO          356    i.motor_set_pwm     motor.o
    0x08005c2c   0x08005c2c   0x00000030   Code   RO          357    i.motor_set_speed_pwm  motor.o
    0x08005c5c   0x08005c5c   0x0000000a   Code   RO          506    i.my_abs            motion.o
    0x08005c66   0x08005c66   0x00000070   Code   RO          703    i.rc_data_decode    com_rc.o
    0x08005cd6   0x08005cd6   0x0000002c   Code   RO          705    i.rc_data_init      com_rc.o
    0x08005d02   0x08005d02   0x00000002   PAD
    0x08005d04   0x08005d04   0x00000034   Code   RO          293    i.u8g2Init          stm32_u8g2.o
    0x08005d38   0x08005d38   0x00000014   Code   RO         5553    i.u8g2_ClearBuffer  u8g2_buffer.o
    0x08005d4c   0x08005d4c   0x00000070   Code   RO         5756    i.u8g2_DrawGlyph    u8g2_font.o
    0x08005dbc   0x08005dbc   0x000000ac   Code   RO         8028    i.u8g2_DrawHVLine   u8g2_hvline.o
    0x08005e68   0x08005e68   0x00000010   Code   RO         5758    i.u8g2_DrawStr      u8g2_font.o
    0x08005e78   0x08005e78   0x00000030   Code   RO         8089    i.u8g2_IsIntersection  u8g2_intersection.o
    0x08005ea8   0x08005ea8   0x00000012   Code   RO         5556    i.u8g2_SendBuffer   u8g2_buffer.o
    0x08005eba   0x08005eba   0x00000020   Code   RO         5776    i.u8g2_SetFont      u8g2_font.o
    0x08005eda   0x08005eda   0x00000002   PAD
    0x08005edc   0x08005edc   0x0000000c   Code   RO         5779    i.u8g2_SetFontPosBaseline  u8g2_font.o
    0x08005ee8   0x08005ee8   0x0000001c   Code   RO         8277    i.u8g2_SetMaxClipWindow  u8g2_setup.o
    0x08005f04   0x08005f04   0x00000046   Code   RO         8278    i.u8g2_SetupBuffer  u8g2_setup.o
    0x08005f4a   0x08005f4a   0x00000002   PAD
    0x08005f4c   0x08005f4c   0x00000038   Code   RO         5742    i.u8g2_Setup_ssd1306_i2c_128x64_noname_f  u8g2_d_setup.o
    0x08005f84   0x08005f84   0x00000052   Code   RO         5786    i.u8g2_UpdateRefHeight  u8g2_font.o
    0x08005fd6   0x08005fd6   0x0000001c   Code   RO         5787    i.u8g2_add_vector_x  u8g2_font.o
    0x08005ff2   0x08005ff2   0x0000001c   Code   RO         5788    i.u8g2_add_vector_y  u8g2_font.o
    0x0800600e   0x0800600e   0x0000006e   Code   RO         8280    i.u8g2_apply_clip_window  u8g2_setup.o
    0x0800607c   0x0800607c   0x0000003c   Code   RO         8032    i.u8g2_clip_intersection2  u8g2_hvline.o
    0x080060b8   0x080060b8   0x00000012   Code   RO         8033    i.u8g2_draw_hv_line_2dir  u8g2_hvline.o
    0x080060ca   0x080060ca   0x0000000c   Code   RO         8282    i.u8g2_draw_l90_r0  u8g2_setup.o
    0x080060d6   0x080060d6   0x00000076   Code   RO         5789    i.u8g2_draw_string  u8g2_font.o
    0x0800614c   0x0800614c   0x00000004   Code   RO         5795    i.u8g2_font_calc_vref_font  u8g2_font.o
    0x08006150   0x08006150   0x00000014   Code   RO         5797    i.u8g2_font_decode_get_signed_bits  u8g2_font.o
    0x08006164   0x08006164   0x00000034   Code   RO         5798    i.u8g2_font_decode_get_unsigned_bits  u8g2_font.o
    0x08006198   0x08006198   0x00000114   Code   RO         5799    i.u8g2_font_decode_glyph  u8g2_font.o
    0x080062ac   0x080062ac   0x0000008c   Code   RO         5800    i.u8g2_font_decode_len  u8g2_font.o
    0x08006338   0x08006338   0x00000072   Code   RO         5801    i.u8g2_font_get_glyph_data  u8g2_font.o
    0x080063aa   0x080063aa   0x00000014   Code   RO         5802    i.u8g2_font_get_word  u8g2_font.o
    0x080063be   0x080063be   0x00000034   Code   RO         5803    i.u8g2_font_setup_decode  u8g2_font.o
    0x080063f2   0x080063f2   0x00000018   Code   RO         8090    i.u8g2_is_intersection_decision_tree  u8g2_intersection.o
    0x0800640a   0x0800640a   0x00000002   PAD
    0x0800640c   0x0800640c   0x00000090   Code   RO         8138    i.u8g2_ll_hvline_vertical_top_lsb  u8g2_ll_hvline.o
    0x0800649c   0x0800649c   0x0000000c   Code   RO         5729    i.u8g2_m_16_8_f     u8g2_d_memory.o
    0x080064a8   0x080064a8   0x0000006a   Code   RO         5804    i.u8g2_read_font_info  u8g2_font.o
    0x08006512   0x08006512   0x0000004e   Code   RO         5564    i.u8g2_send_buffer  u8g2_buffer.o
    0x08006560   0x08006560   0x00000046   Code   RO         8287    i.u8g2_update_dimension_common  u8g2_setup.o
    0x080065a6   0x080065a6   0x00000004   Code   RO         8288    i.u8g2_update_dimension_r0  u8g2_setup.o
    0x080065aa   0x080065aa   0x00000022   Code   RO         8292    i.u8g2_update_page_win_r0  u8g2_setup.o
    0x080065cc   0x080065cc   0x0000001e   Code   RO         9066    i.u8x8_DrawTile     u8x8_display.o
    0x080065ea   0x080065ea   0x00000010   Code   RO         9068    i.u8x8_InitDisplay  u8x8_display.o
    0x080065fa   0x080065fa   0x00000010   Code   RO         9070    i.u8x8_RefreshDisplay  u8x8_display.o
    0x0800660a   0x0800660a   0x00000010   Code   RO         9073    i.u8x8_SetPowerSave  u8x8_display.o
    0x0800661a   0x0800661a   0x00000022   Code   RO         9372    i.u8x8_Setup        u8x8_setup.o
    0x0800663c   0x0800663c   0x00000024   Code   RO         9373    i.u8x8_SetupDefaults  u8x8_setup.o
    0x08006660   0x08006660   0x00000010   Code   RO         9074    i.u8x8_SetupMemory  u8x8_display.o
    0x08006670   0x08006670   0x0000000e   Code   RO         8572    i.u8x8_ascii_next   u8x8_8x8.o
    0x0800667e   0x0800667e   0x00000010   Code   RO         8698    i.u8x8_byte_EndTransfer  u8x8_byte.o
    0x0800668e   0x0800668e   0x0000000e   Code   RO         8699    i.u8x8_byte_SendByte  u8x8_byte.o
    0x0800669c   0x0800669c   0x00000010   Code   RO         8702    i.u8x8_byte_StartTransfer  u8x8_byte.o
    0x080066ac   0x080066ac   0x00000070   Code   RO          294    i.u8x8_byte_hw_i2c  stm32_u8g2.o
    0x0800671c   0x0800671c   0x00000010   Code   RO         8818    i.u8x8_cad_EndTransfer  u8x8_cad.o
    0x0800672c   0x0800672c   0x00000010   Code   RO         8819    i.u8x8_cad_SendArg  u8x8_cad.o
    0x0800673c   0x0800673c   0x00000010   Code   RO         8820    i.u8x8_cad_SendCmd  u8x8_cad.o
    0x0800674c   0x0800674c   0x00000010   Code   RO         8821    i.u8x8_cad_SendData  u8x8_cad.o
    0x0800675c   0x0800675c   0x00000068   Code   RO         8823    i.u8x8_cad_SendSequence  u8x8_cad.o
    0x080067c4   0x080067c4   0x00000010   Code   RO         8824    i.u8x8_cad_StartTransfer  u8x8_cad.o
    0x080067d4   0x080067d4   0x000000bc   Code   RO         8827    i.u8x8_cad_ssd13xx_fast_i2c  u8x8_cad.o
    0x08006890   0x08006890   0x00000060   Code   RO         9075    i.u8x8_d_helper_display_init  u8x8_display.o
    0x080068f0   0x080068f0   0x0000000a   Code   RO         9076    i.u8x8_d_helper_display_setup_memory  u8x8_display.o
    0x080068fa   0x080068fa   0x00000002   PAD
    0x080068fc   0x080068fc   0x0000003c   Code   RO         9000    i.u8x8_d_ssd1306_128x64_noname  u8x8_d_ssd1306_128x64_noname.o
    0x08006938   0x08006938   0x000000c8   Code   RO         9002    i.u8x8_d_ssd1306_sh1106_generic  u8x8_d_ssd1306_128x64_noname.o
    0x08006a00   0x08006a00   0x00000004   Code   RO         9375    i.u8x8_dummy_cb     u8x8_setup.o
    0x08006a04   0x08006a04   0x0000006a   Code   RO          295    i.u8x8_gpio_and_delay  stm32_u8g2.o
    0x08006a6e   0x08006a6e   0x0000000c   Code   RO         9294    i.u8x8_gpio_call    u8x8_gpio.o
    0x08006a7a   0x08006a7a   0x0000002c   Code   RO         8835    i.u8x8_i2c_data_transfer  u8x8_cad.o
    0x08006aa6   0x08006aa6   0x00000008   Code   RO         8580    i.u8x8_utf8_init    u8x8_8x8.o
    0x08006aae   0x08006aae   0x00000002   PAD
    0x08006ab0   0x08006ab0   0x00000044   Code   RO         1225    i.uart_dma_it_init  usart.o
    0x08006af4   0x08006af4   0x0000000e   Data   RO          361    .constdata          motor.o
    0x08006b02   0x08006b02   0x00000038   Data   RO          507    .constdata          motion.o
    0x08006b3a   0x08006b3a   0x00000018   Data   RO          829    .constdata          nrf24l01.o
    0x08006b52   0x08006b52   0x00000005   Data   RO          917    .constdata          main.o
    0x08006b57   0x08006b57   0x00000008   Data   RO         2414    .constdata          stm32f4xx_hal_dma.o
    0x08006b5f   0x08006b5f   0x00000010   Data   RO         4738    .constdata          system_stm32f4xx.o
    0x08006b6f   0x08006b6f   0x00000008   Data   RO         4739    .constdata          system_stm32f4xx.o
    0x08006b77   0x08006b77   0x00000d1e   Data   RO         7368    .constdata          u8g2_fonts.o
    0x08007895   0x08007895   0x00002454   Data   RO         7500    .constdata          u8g2_fonts.o
    0x08009ce9   0x08009ce9   0x00000003   PAD
    0x08009cec   0x08009cec   0x0000000c   Data   RO         8296    .constdata          u8g2_setup.o
    0x08009cf8   0x08009cf8   0x00000158   Data   RO         9004    .constdata          u8x8_d_ssd1306_128x64_noname.o
    0x08009e50   0x08009e50   0x00000020   Data   RO        10658    Region$$Table       anon$$obj.o


    Execution Region RW_IRAM1 (Exec base: 0x20000000, Load base: 0x08009e70, Size: 0x000011c0, Max: 0x0001c000, ABSOLUTE)

    Exec Addr    Load Addr    Size         Type   Attr      Idx    E Section Name        Object

    0x20000000   0x08009e70   0x00000001   Data   RW          297    .data               stm32_u8g2.o
    0x20000001   0x08009e71   0x00000001   PAD
    0x20000002   0x08009e72   0x00000004   Data   RW          508    .data               motion.o
    0x20000006   0x08009e76   0x00000002   PAD
    0x20000008   0x08009e78   0x00000004   Data   RW          618    .data               hc_sr04.o
    0x2000000c   0x08009e7c   0x00000001   Data   RW         1229    .data               usart.o
    0x2000000d   0x08009e7d   0x00000003   PAD
    0x20000010   0x08009e80   0x0000000c   Data   RW         2847    .data               stm32f4xx_hal.o
    0x2000001c   0x08009e8c   0x00000004   Data   RW         4740    .data               system_stm32f4xx.o
    0x20000020   0x08009e90   0x00000006   Data   RW         8837    .data               u8x8_cad.o
    0x20000026   0x08009e96   0x00000002   PAD
    0x20000028   0x08009e98   0x00000004   Data   RW        10241    .data               mc_w.l(stdout.o)
    0x2000002c   0x08009e9c   0x00000004   Data   RW        10632    .data               mc_w.l(mvars.o)
    0x20000030   0x08009ea0   0x00000004   Data   RW        10633    .data               mc_w.l(mvars.o)
    0x20000034        -       0x00000094   Zero   RW           31    .bss                oled_u8g2.o
    0x200000c8        -       0x00000080   Zero   RW          296    .bss                stm32_u8g2.o
    0x20000148        -       0x00000120   Zero   RW          360    .bss                motor.o
    0x20000268        -       0x00000054   Zero   RW         1008    .bss                i2c.o
    0x200002bc        -       0x00000058   Zero   RW         1050    .bss                spi.o
    0x20000314        -       0x00000240   Zero   RW         1106    .bss                tim.o
    0x20000554        -       0x0000026c   Zero   RW         1227    .bss                usart.o
    0x200007c0        -       0x00000400   Zero   RW         5730    .bss                u8g2_d_memory.o
    0x20000bc0        -       0x00000200   Zero   RW            2    HEAP                startup_stm32f407xx.o
    0x20000dc0        -       0x00000400   Zero   RW            1    STACK               startup_stm32f407xx.o


    Execution Region RW_IRAM2 (Exec base: 0x2001c000, Load base: 0x08009ea4, Size: 0x00000000, Max: 0x00004000, ABSOLUTE)

    **** No section assigned to this execution region ****


==============================================================================

Image component sizes


      Code (inc. data)   RO Data    RW Data    ZI Data      Debug   Object Name

        20          4          0          0          0       1189   buzzer.o
       550         20          0          0          0       4821   com_kdr.o
       180          0          0          0          0       2154   com_rc.o
        92          4          0          0          0        774   dma.o
       348         20          0          0          0       1091   gpio.o
        16          6          0          4          0        655   hc_sr04.o
       168         26          0          0         84       1629   i2c.o
       416         76          5          0          0       2432   main.o
      1202        262         56          4          0       8137   motion.o
      2008        194         14          0        288       8618   motor.o
         0          0          0          0          0     159534   mui_u8g2.o
       742        192         24          0          0       6247   nrf24l01.o
       484         86          0          0        148     873024   oled_u8g2.o
       188         24          0          0          0       1690   pid.o
       180         24          0          0         88       1641   spi.o
        36          8        392          0       1536        824   startup_stm32f407xx.o
       270         28          0          1        128       2412   stm32_u8g2.o
       180         28          0         12          0       9313   stm32f4xx_hal.o
       198         14          0          0          0      33751   stm32f4xx_hal_cortex.o
      1084         16          8          0          0       7238   stm32f4xx_hal_dma.o
       522         46          0          0          0       2789   stm32f4xx_hal_gpio.o
      1398         32          0          0          0       9257   stm32f4xx_hal_i2c.o
        48          6          0          0          0        834   stm32f4xx_hal_msp.o
      1348         76          0          0          0       5168   stm32f4xx_hal_rcc.o
       974         14          0          0          0       4937   stm32f4xx_hal_spi.o
      1960        138          0          0          0      14895   stm32f4xx_hal_tim.o
       232         28          0          0          0       3245   stm32f4xx_hal_tim_ex.o
      2112         30          0          0          0      15275   stm32f4xx_hal_uart.o
       196         72          0          0          0       9708   stm32f4xx_it.o
        16          4         24          4          0       1091   system_stm32f4xx.o
      1652        150          0          0        576       9601   tim.o
       116          0          0          0          0       2411   u8g2_buffer.o
        12          4          0          0       1024        788   u8g2_d_memory.o
        56         14          0          0          0        997   u8g2_d_setup.o
      1212         10          0          0          0      13717   u8g2_font.o
         0          0      12658          0          0     145691   u8g2_fonts.o
       250          0          0          0          0       2391   u8g2_hvline.o
        72          0          0          0          0       1831   u8g2_intersection.o
       144          0          0          0          0       1322   u8g2_ll_hvline.o
       328          0         12          0          0     146963   u8g2_setup.o
        22          0          0          0          0       1765   u8x8_8x8.o
        46          0          0          0          0       1647   u8x8_byte.o
       416         12          0          6          0       8524   u8x8_cad.o
       260         12        344          0          0       2991   u8x8_d_ssd1306_128x64_noname.o
       200          0          0          0          0       4238   u8x8_display.o
        12          0          0          0          0        581   u8x8_gpio.o
        74          4          0          0          0       1726   u8x8_setup.o
       946        104          0          1        620       6523   usart.o

    ----------------------------------------------------------------------
     23032       1788      13572         40       4492    1548080   Object Totals
         0          0         32          0          0          0   (incl. Generated)
        46          0          3          8          0          0   (incl. Padding)

    ----------------------------------------------------------------------

      Code (inc. data)   RO Data    RW Data    ZI Data      Debug   Library Member Name

         0          0          0          0          0          0   entry.o
         0          0          0          0          0          0   entry10a.o
         0          0          0          0          0          0   entry11a.o
         4          0          0          0          0          0   entry12b.o
         8          4          0          0          0          0   entry2.o
         4          0          0          0          0          0   entry5.o
         0          0          0          0          0          0   entry7b.o
         0          0          0          0          0          0   entry8b.o
         8          4          0          0          0          0   entry9a.o
        30          0          0          0          0          0   handlers.o
        36          8          0          0          0         68   init.o
         0          0          0          0          0          0   iusefp.o
        30          0          0          0          0         68   llshl.o
        36          0          0          0          0         68   llsshr.o
        32          0          0          0          0         68   llushr.o
       188         20          0          0          0        160   malloc.o
        36          0          0          0          0         68   memcpya.o
        36          0          0          0          0        108   memseta.o
         0          0          0          8          0          0   mvars.o
      2296        102          0          0          0        700   printfa.o
         0          0          0          4          0          0   stdout.o
        44          0          0          0          0         80   uidiv.o
        98          0          0          0          0         92   uldiv.o
        48          0          0          0          0         68   cdrcmple.o
       334          0          0          0          0        148   dadd.o
       222          0          0          0          0        100   ddiv.o
       186          0          0          0          0        176   depilogue.o
        48          0          0          0          0         68   dfixul.o
       228          0          0          0          0         96   dmul.o

    ----------------------------------------------------------------------
      3956        138          0         12          0       2136   Library Totals
         4          0          0          0          0          0   (incl. Padding)

    ----------------------------------------------------------------------

      Code (inc. data)   RO Data    RW Data    ZI Data      Debug   Library Name

      2886        138          0         12          0       1480   mc_w.l
      1066          0          0          0          0        656   mf_w.l

    ----------------------------------------------------------------------
      3956        138          0         12          0       2136   Library Totals

    ----------------------------------------------------------------------

==============================================================================


      Code (inc. data)   RO Data    RW Data    ZI Data      Debug   

     26988       1926      13572         52       4492    1526276   Grand Totals
     26988       1926      13572         52       4492    1526276   ELF Image Totals
     26988       1926      13572         52          0          0   ROM Totals

==============================================================================

    Total RO  Size (Code + RO Data)                40560 (  39.61kB)
    Total RW  Size (RW Data + ZI Data)              4544 (   4.44kB)
    Total ROM Size (Code + RO Data + RW Data)      40612 (  39.66kB)

==============================================================================

